
--new request: user_id=16&surveyId=SV_0pmq507d4TpBFXg&maillistId=ML_0UMy7NlaAivMlM2, result: SendTime=19:48&NumberOfDay=4&NumberInDay=6&distributionId=EMD_0LU8RnoaGowiDAg--
--new request: user_id=16&surveyId=SV_0pmq507d4TpBFXg&maillistId=ML_0UMy7NlaAivMlM2, result: SendTime=19:48&NumberOfDay=4&NumberInDay=6&distributionId=EMD_0LU8RnoaGowiDAg--
--new request: user_id=16&surveyId=${e://Field/SurveyID}&maillistId=${e://Field/PanelID}, result: SendTime=&NumberOfDay=1&NumberInDay=1&distributionId=--
--new request: user_id=16&surveyId=${e://Field/SurveyID}&maillistId=${e://Field/PanelID}, result: SendTime=&NumberOfDay=1&NumberInDay=1&distributionId=--
--new request: user_id=16&surveyId=SV_0pmq507d4TpBFXg&maillistId=ML_0UMy7NlaAivMlM2, result: SendTime=19:48&NumberOfDay=4&NumberInDay=6&distributionId=EMD_0LU8RnoaGowiDAg--
--new request: user_id=16&surveyId=SV_0pmq507d4TpBFXg&maillistId=ML_b3l84W2TPQLmFTM, result: SendTime=15:22&NumberOfDay=6&NumberInDay=3&distributionId=EMD_LLKZR0ZfzXZeGuB--
--new request: user_id=16&surveyId=SV_0pmq507d4TpBFXg&maillistId=ML_b3l84W2TPQLmFTM, result: SendTime=17:30&NumberOfDay=6&NumberInDay=4&distributionId=EMD_yRQaPrhserRvnrj--
--new request: user_id=16&surveyId=SV_0pmq507d4TpBFXg&maillistId=ML_b3l84W2TPQLmFTM, result: SendTime=19:42&NumberOfDay=6&NumberInDay=5&distributionId=EMD_x0m8xHYVqrYJqhk--
--new request: user_id=16&surveyId=SV_0pmq507d4TpBFXg&maillistId=ML_b3l84W2TPQLmFTM, result: SendTime=22:00&NumberOfDay=6&NumberInDay=6&distributionId=EMD_ZgNnedST1Vzc5tK--
--new request: user_id=16&surveyId=SV_0pmq507d4TpBFXg&maillistId=ML_b3l84W2TPQLmFTM, result: SendTime=13:18&NumberOfDay=7&NumberInDay=2&distributionId=EMD_jwkSvx92NeoGTvs--
--new request: user_id=16&surveyId=SV_0pmq507d4TpBFXg&maillistId=ML_b3l84W2TPQLmFTM, result: SendTime=15:26&NumberOfDay=7&NumberInDay=3&distributionId=EMD_9ULNvnOC9QYqTD7--
--new request: user_id=16&surveyId=SV_0pmq507d4TpBFXg&maillistId=ML_b3l84W2TPQLmFTM, result: SendTime=17:36&NumberOfDay=7&NumberInDay=4&distributionId=EMD_t7rGSnaWJIaKTeM--
--new request: user_id=16&surveyId=SV_0pmq507d4TpBFXg&maillistId=ML_b3l84W2TPQLmFTM, result: SendTime=19:46&NumberOfDay=7&NumberInDay=5&distributionId=EMD_JZj5keFx7tpANBd--
--new request: user_id=16&surveyId=SV_0pmq507d4TpBFXg&maillistId=ML_b3l84W2TPQLmFTM, result: SendTime=21:59&NumberOfDay=7&NumberInDay=6&distributionId=EMD_SkF0YxOfpU3ux4M--
--new request: user_id=16&surveyId=SV_0pmq507d4TpBFXg&maillistId=ML_b3l84W2TPQLmFTM, result: SendTime=10:02&NumberOfDay=8&NumberInDay=1&distributionId=EMD_KTiotM4DeK5ffco--
--new request: user_id=16&surveyId=SV_0pmq507d4TpBFXg&maillistId=ML_b3l84W2TPQLmFTM, result: SendTime=12:46&NumberOfDay=8&NumberInDay=2&distributionId=EMD_tuWk6NQoKyAK9US--
--new request: user_id=16&surveyId=SV_0pmq507d4TpBFXg&maillistId=ML_b3l84W2TPQLmFTM, result: SendTime=15:00&NumberOfDay=8&NumberInDay=3&distributionId=EMD_BjaOh4OynSaEIZx--
--new request: user_id=16&surveyId=SV_0pmq507d4TpBFXg&maillistId=ML_b3l84W2TPQLmFTM, result: SendTime=17:37&NumberOfDay=8&NumberInDay=4&distributionId=EMD_HRH4p4zediAEVKc--
--new request: user_id=16&surveyId=SV_0pmq507d4TpBFXg&maillistId=ML_b3l84W2TPQLmFTM, result: SendTime=19:48&NumberOfDay=8&NumberInDay=5&distributionId=EMD_wF7HgfoPOf10f4w--
--new request: user_id=16&surveyId=SV_0pmq507d4TpBFXg&maillistId=ML_3mC3SqYCo2dCP8a, result: SendTime=13:15&NumberOfDay=1&NumberInDay=1&distributionId=EMD_TPOsPJD9wnkh6UJ--
--new request: user_id=16&surveyId=SV_0pmq507d4TpBFXg&maillistId=ML_3mC3SqYCo2dCP8a, result: SendTime=15:22&NumberOfDay=1&NumberInDay=2&distributionId=EMD_bLCWCKC3IlzQ4cj--
--new request: user_id=16&surveyId=SV_0pmq507d4TpBFXg&maillistId=ML_3mC3SqYCo2dCP8a, result: SendTime=17:29&NumberOfDay=1&NumberInDay=3&distributionId=EMD_RxXtfm5UnbH1V2h--
--new request: user_id=16&surveyId=SV_0pmq507d4TpBFXg&maillistId=ML_3mC3SqYCo2dCP8a, result: SendTime=19:36&NumberOfDay=1&NumberInDay=4&distributionId=EMD_h4WDuRabYeEBTrJ--
--new request: user_id=16&surveyId=SV_0pmq507d4TpBFXg&maillistId=ML_3mC3SqYCo2dCP8a, result: SendTime=21:43&NumberOfDay=1&NumberInDay=5&distributionId=EMD_Rt0R9ODGNQ7q6ey--
--new request: user_id=16&surveyId=SV_0pmq507d4TpBFXg&maillistId=ML_3mC3SqYCo2dCP8a, result: SendTime=23:50&NumberOfDay=1&NumberInDay=6&distributionId=EMD_P9VL4QRsGqSdkT1--
--new request: user_id=16&surveyId=SV_0pmq507d4TpBFXg&maillistId=ML_3mC3SqYCo2dCP8a, result: SendTime=13:02&NumberOfDay=2&NumberInDay=1&distributionId=EMD_FImMzYg37UvKVoz--
--new request: user_id=16&surveyId=SV_0pmq507d4TpBFXg&maillistId=ML_3mC3SqYCo2dCP8a, result: SendTime=15:09&NumberOfDay=2&NumberInDay=2&distributionId=EMD_Bbd74MORjlZ3v90--
--new request: user_id=16&surveyId=SV_0pmq507d4TpBFXg&maillistId=ML_3mC3SqYCo2dCP8a, result: SendTime=17:16&NumberOfDay=2&NumberInDay=3&distributionId=EMD_L4PnIEfRX1Z1Hzi--
--new request: user_id=16&surveyId=SV_0pmq507d4TpBFXg&maillistId=ML_3mC3SqYCo2dCP8a, result: SendTime=21:30&NumberOfDay=2&NumberInDay=5&distributionId=EMD_5Ug79XHq6cRgOpb--
--new request: user_id=16&surveyId=SV_0pmq507d4TpBFXg&maillistId=ML_3mC3SqYCo2dCP8a, result: SendTime=21:30&NumberOfDay=2&NumberInDay=5&distributionId=EMD_5Ug79XHq6cRgOpb--
--new request: user_id=16&surveyId=SV_0pmq507d4TpBFXg&maillistId=ML_3mC3SqYCo2dCP8a, result: SendTime=23:37&NumberOfDay=2&NumberInDay=6&distributionId=EMD_nc0OFa8mInyy3hq--
--new request: user_id=16&surveyId=SV_0pmq507d4TpBFXg&maillistId=ML_3mC3SqYCo2dCP8a, result: SendTime=13:21&NumberOfDay=3&NumberInDay=1&distributionId=EMD_TSiXrtG6n8RiatH--
--new request: user_id=16&surveyId=SV_0pmq507d4TpBFXg&maillistId=ML_3mC3SqYCo2dCP8a, result: SendTime=15:28&NumberOfDay=3&NumberInDay=2&distributionId=EMD_6Go4MG40UkhvaGe--
--new request: user_id=16&surveyId=SV_0pmq507d4TpBFXg&maillistId=ML_3mC3SqYCo2dCP8a, result: SendTime=17:35&NumberOfDay=3&NumberInDay=3&distributionId=EMD_OyM1zRpirThzQPr--
--new request: user_id=16&surveyId=SV_0pmq507d4TpBFXg&maillistId=ML_3mC3SqYCo2dCP8a, result: SendTime=19:42&NumberOfDay=3&NumberInDay=4&distributionId=EMD_3KNZS2k3XNDn89O--
--new request: user_id=16&surveyId=SV_0pmq507d4TpBFXg&maillistId=ML_9popuMj91gZbL4W, result: SendTime=21:00&NumberOfDay=1&NumberInDay=3&distributionId=EMD_Fu2KN8tf2QzMRUe--
--new request: user_id=16&surveyId=SV_0pmq507d4TpBFXg&maillistId=ML_3mC3SqYCo2dCP8a, result: SendTime=21:49&NumberOfDay=3&NumberInDay=5&distributionId=EMD_otMNyBe4SIfkQtv--
--new request: user_id=16&surveyId=SV_0pmq507d4TpBFXg&maillistId=ML_9popuMj91gZbL4W, result: SendTime=23:07&NumberOfDay=1&NumberInDay=4&distributionId=EMD_P1b590jqs7PQaZ5--
--new request: user_id=16&surveyId=SV_0pmq507d4TpBFXg&maillistId=ML_3mC3SqYCo2dCP8a, result: SendTime=23:56&NumberOfDay=3&NumberInDay=6&distributionId=EMD_BVye3ldm1uTailD--
--new request: user_id=16&surveyId=SV_0pmq507d4TpBFXg&maillistId=ML_3mC3SqYCo2dCP8a, result: SendTime=13:22&NumberOfDay=4&NumberInDay=1&distributionId=EMD_i87OTU5ShTpv7zA--
--new request: user_id=16&surveyId=SV_0pmq507d4TpBFXg&maillistId=ML_9popuMj91gZbL4W, result: SendTime=14:49&NumberOfDay=2&NumberInDay=2&distributionId=EMD_aj6MfvI0FfxD2Ed--
--new request: user_id=16&surveyId=SV_0pmq507d4TpBFXg&maillistId=ML_3mC3SqYCo2dCP8a, result: SendTime=15:29&NumberOfDay=4&NumberInDay=2&distributionId=EMD_mz5415vYZxJYSKK--
--new request: user_id=16&surveyId=SV_0pmq507d4TpBFXg&maillistId=ML_9popuMj91gZbL4W, result: SendTime=16:56&NumberOfDay=2&NumberInDay=3&distributionId=EMD_iSI1tonIU1Hs2fV--
--new request: user_id=16&surveyId=SV_0pmq507d4TpBFXg&maillistId=ML_3mC3SqYCo2dCP8a, result: SendTime=17:36&NumberOfDay=4&NumberInDay=3&distributionId=EMD_JEBpJffqLnAY4p6--
--new request: user_id=16&surveyId=SV_0pmq507d4TpBFXg&maillistId=ML_9popuMj91gZbL4W, result: SendTime=19:03&NumberOfDay=2&NumberInDay=4&distributionId=EMD_ufK1imwGXM4JCqz--
--new request: user_id=16&surveyId=SV_0pmq507d4TpBFXg&maillistId=ML_3mC3SqYCo2dCP8a, result: SendTime=19:43&NumberOfDay=4&NumberInDay=4&distributionId=EMD_lOlJRX9oUbMur5P--
--new request: user_id=16&surveyId=SV_0pmq507d4TpBFXg&maillistId=ML_9popuMj91gZbL4W, result: SendTime=21:10&NumberOfDay=2&NumberInDay=5&distributionId=EMD_1APWleH3qeGoZEx--
--new request: user_id=16&surveyId=SV_0pmq507d4TpBFXg&maillistId=ML_3mC3SqYCo2dCP8a, result: SendTime=21:50&NumberOfDay=4&NumberInDay=5&distributionId=EMD_YPKbVRgboqeq5MM--
--new request: user_id=16&surveyId=SV_0pmq507d4TpBFXg&maillistId=ML_9popuMj91gZbL4W, result: SendTime=23:17&NumberOfDay=2&NumberInDay=6&distributionId=EMD_lXvlvn6wsixJ6iT--
--new request: user_id=16&surveyId=SV_0pmq507d4TpBFXg&maillistId=ML_3mC3SqYCo2dCP8a, result: SendTime=13:06&NumberOfDay=5&NumberInDay=1&distributionId=EMD_EJdsCH5dpK0SnIT--
--new request: user_id=16&surveyId=SV_0pmq507d4TpBFXg&maillistId=ML_3mC3SqYCo2dCP8a, result: SendTime=15:13&NumberOfDay=5&NumberInDay=2&distributionId=EMD_BMaCxQvtwnKXk6W--
--new request: user_id=16&surveyId=SV_0pmq507d4TpBFXg&maillistId=ML_9popuMj91gZbL4W, result: SendTime=14:47&NumberOfDay=3&NumberInDay=2&distributionId=EMD_8D7qQjyVzfcfKY1--
--new request: user_id=16&surveyId=SV_0pmq507d4TpBFXg&maillistId=ML_9popuMj91gZbL4W, result: SendTime=16:54&NumberOfDay=3&NumberInDay=3&distributionId=EMD_pP5XGNg9aeiovB4--
--new request: user_id=16&surveyId=SV_0pmq507d4TpBFXg&maillistId=ML_3mC3SqYCo2dCP8a, result: SendTime=17:20&NumberOfDay=5&NumberInDay=3&distributionId=EMD_93LVtePhJZyC9Ep--
--new request: user_id=16&surveyId=SV_0pmq507d4TpBFXg&maillistId=ML_9popuMj91gZbL4W, result: SendTime=19:01&NumberOfDay=3&NumberInDay=4&distributionId=EMD_W2gKkNBy1xug6lC--
--new request: user_id=16&surveyId=SV_0pmq507d4TpBFXg&maillistId=ML_3mC3SqYCo2dCP8a, result: SendTime=19:27&NumberOfDay=5&NumberInDay=4&distributionId=EMD_ZqkmyIGjyYtVI0f--
--new request: user_id=16&surveyId=SV_0pmq507d4TpBFXg&maillistId=ML_9popuMj91gZbL4W, result: SendTime=21:08&NumberOfDay=3&NumberInDay=5&distributionId=EMD_Amase1S0P4SGokr--
--new request: user_id=16&surveyId=SV_0pmq507d4TpBFXg&maillistId=ML_3mC3SqYCo2dCP8a, result: SendTime=21:34&NumberOfDay=5&NumberInDay=5&distributionId=EMD_wbRUbHhljLdk0VV--
--new request: user_id=16&surveyId=SV_0pmq507d4TpBFXg&maillistId=ML_9popuMj91gZbL4W, result: SendTime=23:15&NumberOfDay=3&NumberInDay=6&distributionId=EMD_BlYJjf22Hd2tqDT--
--new request: user_id=16&surveyId=SV_0pmq507d4TpBFXg&maillistId=ML_3mC3SqYCo2dCP8a, result: SendTime=23:41&NumberOfDay=5&NumberInDay=6&distributionId=EMD_RCcpa1Aeze4WNsZ--
--new request: user_id=16&surveyId=SV_0pmq507d4TpBFXg&maillistId=ML_3mC3SqYCo2dCP8a, result: SendTime=15:08&NumberOfDay=6&NumberInDay=2&distributionId=EMD_u7elV4WY4bUCCDZ--
--new request: user_id=16&surveyId=SV_0pmq507d4TpBFXg&maillistId=ML_9popuMj91gZbL4W, result: SendTime=16:59&NumberOfDay=4&NumberInDay=3&distributionId=EMD_Jl4QIJPEQDhuvYf--
--new request: user_id=16&surveyId=SV_0pmq507d4TpBFXg&maillistId=ML_3mC3SqYCo2dCP8a, result: SendTime=17:15&NumberOfDay=6&NumberInDay=3&distributionId=EMD_2oMPKFjHjyy5IVC--
--new request: user_id=16&surveyId=SV_0pmq507d4TpBFXg&maillistId=ML_3mC3SqYCo2dCP8a, result: SendTime=19:22&NumberOfDay=6&NumberInDay=4&distributionId=EMD_I8S68VcJf5uhVu7--
--new request: user_id=16&surveyId=SV_0pmq507d4TpBFXg&maillistId=ML_9popuMj91gZbL4W, result: SendTime=19:06&NumberOfDay=4&NumberInDay=4&distributionId=EMD_y8di5FnM4feyRWr--
--new request: user_id=16&surveyId=SV_0pmq507d4TpBFXg&maillistId=ML_9popuMj91gZbL4W, result: SendTime=21:13&NumberOfDay=4&NumberInDay=5&distributionId=EMD_dFFbD7FF0Mx29Kb--
--new request: user_id=16&surveyId=SV_0pmq507d4TpBFXg&maillistId=ML_9popuMj91gZbL4W, result: SendTime=23:20&NumberOfDay=4&NumberInDay=6&distributionId=EMD_VpPpKsQHoag7oTq--
--new request: user_id=16&surveyId=SV_0pmq507d4TpBFXg&maillistId=ML_3mC3SqYCo2dCP8a, result: SendTime=23:36&NumberOfDay=6&NumberInDay=6&distributionId=EMD_Z9PP8tcvHn1dGWE--
--new request: user_id=16&surveyId=SV_0pmq507d4TpBFXg&maillistId=ML_9popuMj91gZbL4W, result: SendTime=12:43&NumberOfDay=5&NumberInDay=1&distributionId=EMD_Dkfm5w5IovKKLRR--
--new request: user_id=16&surveyId=SV_0pmq507d4TpBFXg&maillistId=ML_cSW7yalYYOoexV4, result: SendTime=13:11&NumberOfDay=1&NumberInDay=1&distributionId=EMD_U6Oj9aHrwjKy42A--
--new request: user_id=16&surveyId=SV_0pmq507d4TpBFXg&maillistId=ML_3mC3SqYCo2dCP8a, result: SendTime=15:20&NumberOfDay=7&NumberInDay=2&distributionId=EMD_XHNpPHmyLwM3V8T--
--new request: user_id=16&surveyId=SV_0pmq507d4TpBFXg&maillistId=ML_cSW7yalYYOoexV4, result: SendTime=17:25&NumberOfDay=1&NumberInDay=3&distributionId=EMD_BQvOpJwHu3ZdZUI--
--new request: user_id=16&surveyId=SV_0pmq507d4TpBFXg&maillistId=ML_3mC3SqYCo2dCP8a, result: SendTime=17:27&NumberOfDay=7&NumberInDay=3&distributionId=EMD_mRSzbQhZzn3PuJ6--
--new request: user_id=16&surveyId=SV_0pmq507d4TpBFXg&maillistId=ML_9popuMj91gZbL4W, result: SendTime=19:04&NumberOfDay=5&NumberInDay=4&distributionId=EMD_w5SuiSSwV3tTOXB--
--new request: user_id=16&surveyId=SV_0pmq507d4TpBFXg&maillistId=ML_3mC3SqYCo2dCP8a, result: SendTime=19:34&NumberOfDay=7&NumberInDay=4&distributionId=EMD_HOPrNXDIVtvCbkC--
--new request: user_id=16&surveyId=SV_0pmq507d4TpBFXg&maillistId=ML_9popuMj91gZbL4W, result: SendTime=21:11&NumberOfDay=5&NumberInDay=5&distributionId=EMD_42MAs84batzqhr7--
--new request: user_id=16&surveyId=SV_0pmq507d4TpBFXg&maillistId=ML_cSW7yalYYOoexV4, result: SendTime=21:39&NumberOfDay=1&NumberInDay=5&distributionId=EMD_Jx5S9MDw5xpvS5c--
--new request: user_id=16&surveyId=SV_0pmq507d4TpBFXg&maillistId=ML_3mC3SqYCo2dCP8a, result: SendTime=21:41&NumberOfDay=7&NumberInDay=5&distributionId=EMD_cqPZ4oyuMUbiTwv--
--new request: user_id=16&surveyId=SV_0pmq507d4TpBFXg&maillistId=ML_9popuMj91gZbL4W, result: SendTime=23:18&NumberOfDay=5&NumberInDay=6&distributionId=EMD_Rpp18SwItsNJkvd--
--new request: user_id=16&surveyId=SV_0pmq507d4TpBFXg&maillistId=ML_3mC3SqYCo2dCP8a, result: SendTime=23:48&NumberOfDay=7&NumberInDay=6&distributionId=EMD_QzdkNCCBErJnXDb--
--new request: user_id=16&surveyId=SV_0pmq507d4TpBFXg&maillistId=ML_4NqeYYv58adQodM, result: SendTime=12:25&NumberOfDay=1&NumberInDay=1&distributionId=EMD_Y5ZsF5I5Akpjd48--
--new request: user_id=16&surveyId=SV_0pmq507d4TpBFXg&maillistId=ML_cSW7yalYYOoexV4, result: SendTime=13:10&NumberOfDay=2&NumberInDay=1&distributionId=EMD_RWNPG7moN6C3olM--
--new request: user_id=16&surveyId=SV_0pmq507d4TpBFXg&maillistId=ML_4NqeYYv58adQodM, result: SendTime=14:32&NumberOfDay=1&NumberInDay=2&distributionId=EMD_J5Qt6imNg3LNjVv--
--new request: user_id=16&surveyId=SV_0pmq507d4TpBFXg&maillistId=ML_9popuMj91gZbL4W, result: SendTime=14:50&NumberOfDay=6&NumberInDay=2&distributionId=EMD_wzDiClNmvfzOMdd--
--new request: user_id=16&surveyId=SV_0pmq507d4TpBFXg&maillistId=ML_cSW7yalYYOoexV4, result: SendTime=15:17&NumberOfDay=2&NumberInDay=2&distributionId=EMD_FX9tkELFgnU1M8E--
--new request: user_id=16&surveyId=SV_0pmq507d4TpBFXg&maillistId=ML_9popuMj91gZbL4W, result: SendTime=16:57&NumberOfDay=6&NumberInDay=3&distributionId=EMD_temB5kR51zb5YQR--
--new request: user_id=16&surveyId=SV_0pmq507d4TpBFXg&maillistId=ML_eMdSHyttlilg07A, result: SendTime=16:27&NumberOfDay=1&NumberInDay=1&distributionId=EMD_qHmFjRKrQJN4EOJ--
--new request: user_id=16&surveyId=SV_0pmq507d4TpBFXg&maillistId=ML_eMdSHyttlilg07A, result: SendTime=18:38&NumberOfDay=1&NumberInDay=2&distributionId=EMD_zJ18OfFQ85vzAVS--
--new request: user_id=16&surveyId=SV_0pmq507d4TpBFXg&maillistId=ML_9popuMj91gZbL4W, result: SendTime=19:04&NumberOfDay=6&NumberInDay=4&distributionId=EMD_qiLA2xCqJhJyPlk--
--new request: user_id=16&surveyId=SV_0pmq507d4TpBFXg&maillistId=ML_9popuMj91gZbL4W, result: SendTime=23:18&NumberOfDay=6&NumberInDay=6&distributionId=EMD_vv8wweeaI5H9GMa--
--new request: user_id=16&surveyId=SV_0pmq507d4TpBFXg&maillistId=ML_9popuMj91gZbL4W, result: SendTime=16:46&NumberOfDay=7&NumberInDay=3&distributionId=EMD_DdMKchyzgbToAQO--
--new request: user_id=16&surveyId=SV_0pmq507d4TpBFXg&maillistId=ML_9popuMj91gZbL4W, result: SendTime=18:53&NumberOfDay=7&NumberInDay=4&distributionId=EMD_GDNciJvKcw8zU4P--
--new request: user_id=16&surveyId=SV_0pmq507d4TpBFXg&maillistId=ML_9popuMj91gZbL4W, result: SendTime=21:00&NumberOfDay=7&NumberInDay=5&distributionId=EMD_dnmXH7UdVY0PDHK--
--new request: user_id=16&surveyId=SV_0pmq507d4TpBFXg&maillistId=ML_9popuMj91gZbL4W, result: SendTime=23:07&NumberOfDay=7&NumberInDay=6&distributionId=EMD_LG7WNlSIdyCMijU--
--new request: user_id=16&surveyId=SV_0pmq507d4TpBFXg&maillistId=ML_9popuMj91gZbL4W, result: SendTime=12:56&NumberOfDay=8&NumberInDay=1&distributionId=EMD_NrESofMuvqfQnwJ--
--new request: user_id=16&surveyId=SV_0pmq507d4TpBFXg&maillistId=ML_9popuMj91gZbL4W, result: SendTime=15:03&NumberOfDay=8&NumberInDay=2&distributionId=EMD_7vmMQYJ6opvnQwj--
--new request: user_id=16&surveyId=SV_0pmq507d4TpBFXg&maillistId=CG_3mft4TV0DlZtUqg, result: SendTime=10:18&NumberOfDay=1&NumberInDay=1&distributionId=EMD_I1HMA50HVHfurxb--
--new request: user_id=16&surveyId=SV_0pmq507d4TpBFXg&maillistId=CG_3NyxlJXmqBcjaoP, result: SendTime=10:47&NumberOfDay=1&NumberInDay=1&distributionId=EMD_JVKnkFwjrYQ9hTj--
--new request: user_id=16&surveyId=SV_0pmq507d4TpBFXg&maillistId=CG_2bPAsqv5WvCvK9j, result: SendTime=11:08&NumberOfDay=1&NumberInDay=1&distributionId=EMD_ydemsJmlTLQn9hi--
--new request: user_id=16&surveyId=SV_0pmq507d4TpBFXg&maillistId=CG_3mft4TV0DlZtUqg, result: SendTime=12:25&NumberOfDay=1&NumberInDay=2&distributionId=EMD_Bn0GDVgyuc7X2Cv--
--new request: user_id=16&surveyId=SV_0pmq507d4TpBFXg&maillistId=CG_2bPAsqv5WvCvK9j, result: SendTime=13:15&NumberOfDay=1&NumberInDay=2&distributionId=EMD_Yq6ygNGOzMC4ob6--
--new request: user_id=16&surveyId=SV_0pmq507d4TpBFXg&maillistId=CG_2bPAsqv5WvCvK9j, result: SendTime=15:22&NumberOfDay=1&NumberInDay=3&distributionId=EMD_cA80fd0VQZX36uH--
--new request: user_id=16&surveyId=SV_0pmq507d4TpBFXg&maillistId=CG_21yKVrYIkr4oiSP, result: SendTime=16:25&NumberOfDay=1&NumberInDay=1&distributionId=EMD_33LMidksWuZ1nYV--
--new request: user_id=16&surveyId=SV_0pmq507d4TpBFXg&maillistId=CG_2bPAsqv5WvCvK9j, result: SendTime=17:29&NumberOfDay=1&NumberInDay=4&distributionId=EMD_UB7srnBi7DGYAol--
--new request: user_id=16&surveyId=SV_0pmq507d4TpBFXg&maillistId=CG_21yKVrYIkr4oiSP, result: SendTime=18:32&NumberOfDay=1&NumberInDay=2&distributionId=EMD_iwjsTwgzNEbIJrb--
--new request: user_id=16&surveyId=SV_0pmq507d4TpBFXg&maillistId=CG_2bPAsqv5WvCvK9j, result: SendTime=19:36&NumberOfDay=1&NumberInDay=5&distributionId=EMD_cYqSgjD1IXT3khV--
--new request: user_id=16&surveyId=SV_0pmq507d4TpBFXg&maillistId=CG_21yKVrYIkr4oiSP, result: SendTime=20:39&NumberOfDay=1&NumberInDay=3&distributionId=EMD_f2DcM7i9gQw9Thf--
--new request: user_id=16&surveyId=SV_0pmq507d4TpBFXg&maillistId=CG_2bPAsqv5WvCvK9j, result: SendTime=09:13&NumberOfDay=2&NumberInDay=1&distributionId=EMD_ytYNeT0kl4sRDsA--
--new request: user_id=16&surveyId=SV_0pmq507d4TpBFXg&maillistId=CG_21yKVrYIkr4oiSP, result: SendTime=10:05&NumberOfDay=2&NumberInDay=1&distributionId=EMD_mAkWRlHna3lhzln--
--new request: user_id=16&surveyId=SV_0pmq507d4TpBFXg&maillistId=CG_2bPAsqv5WvCvK9j, result: SendTime=11:20&NumberOfDay=2&NumberInDay=2&distributionId=EMD_4U73om1qw7xIDwz--
--new request: user_id=16&surveyId=SV_0pmq507d4TpBFXg&maillistId=CG_21yKVrYIkr4oiSP, result: SendTime=12:12&NumberOfDay=2&NumberInDay=2&distributionId=EMD_maZWlhfA0U96fe8--
--new request: user_id=16&surveyId=SV_0pmq507d4TpBFXg&maillistId=CG_2bPAsqv5WvCvK9j, result: SendTime=13:27&NumberOfDay=2&NumberInDay=3&distributionId=EMD_keHA6Mt6fcKZOxD--
--new request: user_id=16&surveyId=SV_0pmq507d4TpBFXg&maillistId=CG_21yKVrYIkr4oiSP, result: SendTime=14:19&NumberOfDay=2&NumberInDay=3&distributionId=EMD_OMnWXhYNC1vxSuD--
--new request: user_id=16&surveyId=SV_0pmq507d4TpBFXg&maillistId=CG_2bPAsqv5WvCvK9j, result: SendTime=15:34&NumberOfDay=2&NumberInDay=4&distributionId=EMD_Y3U4dglj4YomrLX--
--new request: user_id=16&surveyId=SV_0pmq507d4TpBFXg&maillistId=CG_21yKVrYIkr4oiSP, result: SendTime=16:26&NumberOfDay=2&NumberInDay=4&distributionId=EMD_E0ycqTrLbvaX9Fd--
--new request: user_id=16&surveyId=SV_0pmq507d4TpBFXg&maillistId=CG_2bPAsqv5WvCvK9j, result: SendTime=17:41&NumberOfDay=2&NumberInDay=5&distributionId=EMD_OLS5sTOXUzNoF7s--
--new request: user_id=16&surveyId=SV_0pmq507d4TpBFXg&maillistId=CG_21yKVrYIkr4oiSP, result: SendTime=18:33&NumberOfDay=2&NumberInDay=5&distributionId=EMD_V4mukVhYW72sQak--
--new request: user_id=16&surveyId=SV_0pmq507d4TpBFXg&maillistId=CG_2bPAsqv5WvCvK9j, result: SendTime=19:48&NumberOfDay=2&NumberInDay=6&distributionId=EMD_zKABvJpC1ExQ7P6--
--new request: user_id=16&surveyId=SV_0pmq507d4TpBFXg&maillistId=CG_21yKVrYIkr4oiSP, result: SendTime=20:40&NumberOfDay=2&NumberInDay=6&distributionId=EMD_kdUcE4Nl3trIrKe--
--new request: user_id=16&surveyId=SV_0pmq507d4TpBFXg&maillistId=CG_2bPAsqv5WvCvK9j, result: SendTime=09:27&NumberOfDay=3&NumberInDay=1&distributionId=EMD_ECeeGxYgB6ju4rt--
--new request: user_id=16&surveyId=SV_0pmq507d4TpBFXg&maillistId=CG_2bPAsqv5WvCvK9j, result: SendTime=11:34&NumberOfDay=3&NumberInDay=2&distributionId=EMD_8auzajkf71lv95b--
--new request: user_id=16&surveyId=SV_0pmq507d4TpBFXg&maillistId=CG_21yKVrYIkr4oiSP, result: SendTime=12:07&NumberOfDay=3&NumberInDay=2&distributionId=EMD_xMkaO1DCQRs6EMg--
--new request: user_id=16&surveyId=SV_0pmq507d4TpBFXg&maillistId=CG_2bPAsqv5WvCvK9j, result: SendTime=13:41&NumberOfDay=3&NumberInDay=3&distributionId=EMD_5lBAMOs7RBItOiv--
--new request: user_id=16&surveyId=SV_0pmq507d4TpBFXg&maillistId=CG_21yKVrYIkr4oiSP, result: SendTime=14:14&NumberOfDay=3&NumberInDay=3&distributionId=EMD_cZwU7Wh8csd3Lms--
--new request: user_id=16&surveyId=SV_0pmq507d4TpBFXg&maillistId=CG_2bPAsqv5WvCvK9j, result: SendTime=15:48&NumberOfDay=3&NumberInDay=4&distributionId=EMD_kNPn5RQ2TGgUwbx--
--new request: user_id=16&surveyId=SV_0pmq507d4TpBFXg&maillistId=CG_21yKVrYIkr4oiSP, result: SendTime=16:21&NumberOfDay=3&NumberInDay=4&distributionId=EMD_0KlBqUiXFWUvAm1--
--new request: user_id=16&surveyId=SV_0pmq507d4TpBFXg&maillistId=CG_2bPAsqv5WvCvK9j, result: SendTime=17:55&NumberOfDay=3&NumberInDay=5&distributionId=EMD_Ftmktl66alDxIyx--
--new request: user_id=16&surveyId=SV_0pmq507d4TpBFXg&maillistId=CG_21yKVrYIkr4oiSP, result: SendTime=18:28&NumberOfDay=3&NumberInDay=5&distributionId=EMD_rCbQqdFrNaZOB7w--
--new request: user_id=16&surveyId=SV_0pmq507d4TpBFXg&maillistId=CG_2bPAsqv5WvCvK9j, result: SendTime=20:02&NumberOfDay=3&NumberInDay=6&distributionId=EMD_mCzm6XiWsrbwngz--
--new request: user_id=16&surveyId=SV_0pmq507d4TpBFXg&maillistId=CG_21yKVrYIkr4oiSP, result: SendTime=20:35&NumberOfDay=3&NumberInDay=6&distributionId=EMD_18LLx5LqoQbAqJu--
--new request: user_id=16&surveyId=SV_0pmq507d4TpBFXg&maillistId=CG_2bPAsqv5WvCvK9j, result: SendTime=09:07&NumberOfDay=4&NumberInDay=1&distributionId=EMD_sT3n36Xta0V4Fwa--
--new request: user_id=16&surveyId=SV_0pmq507d4TpBFXg&maillistId=CG_2bPAsqv5WvCvK9j, result: SendTime=11:14&NumberOfDay=4&NumberInDay=2&distributionId=EMD_4xoMvRCGuwGonSF--
--new request: user_id=16&surveyId=SV_0pmq507d4TpBFXg&maillistId=CG_2bPAsqv5WvCvK9j, result: SendTime=13:21&NumberOfDay=4&NumberInDay=3&distributionId=EMD_3fLZZMZVKq2Klzz--
--new request: user_id=16&surveyId=SV_0pmq507d4TpBFXg&maillistId=CG_2bPAsqv5WvCvK9j, result: SendTime=15:28&NumberOfDay=4&NumberInDay=4&distributionId=EMD_w7buh9fsWeW2jd9--
--new request: user_id=16&surveyId=SV_0pmq507d4TpBFXg&maillistId=CG_21yKVrYIkr4oiSP, result: SendTime=16:33&NumberOfDay=4&NumberInDay=4&distributionId=EMD_9VOg0mheSAuAt6k--
--new request: user_id=16&surveyId=SV_0pmq507d4TpBFXg&maillistId=CG_2bPAsqv5WvCvK9j, result: SendTime=17:35&NumberOfDay=4&NumberInDay=5&distributionId=EMD_zfmZ7I44n8KFlNM--
--new request: user_id=16&surveyId=SV_0pmq507d4TpBFXg&maillistId=CG_21yKVrYIkr4oiSP, result: SendTime=18:40&NumberOfDay=4&NumberInDay=5&distributionId=EMD_fPKZrwIa7nFem0O--
--new request: user_id=16&surveyId=SV_0pmq507d4TpBFXg&maillistId=CG_2bPAsqv5WvCvK9j, result: SendTime=19:42&NumberOfDay=4&NumberInDay=6&distributionId=EMD_rtmMBnxa6Vk2fgv--
--new request: user_id=16&surveyId=SV_0pmq507d4TpBFXg&maillistId=CG_2bPAsqv5WvCvK9j, result: SendTime=09:00&NumberOfDay=5&NumberInDay=1&distributionId=EMD_6RpE2iRZcdvTmX3--
--new request: user_id=16&surveyId=SV_0pmq507d4TpBFXg&maillistId=CG_21yKVrYIkr4oiSP, result: SendTime=10:10&NumberOfDay=5&NumberInDay=1&distributionId=EMD_zYdsT9RsmVYXgwV--
--new request: user_id=16&surveyId=SV_0pmq507d4TpBFXg&maillistId=CG_2bPAsqv5WvCvK9j, result: SendTime=11:07&NumberOfDay=5&NumberInDay=2&distributionId=EMD_BbnXUNN3XOK6BqL--
--new request: user_id=16&surveyId=SV_0pmq507d4TpBFXg&maillistId=CG_21yKVrYIkr4oiSP, result: SendTime=12:17&NumberOfDay=5&NumberInDay=2&distributionId=EMD_HF7KTYTqle1TQ1V--
--new request: user_id=16&surveyId=SV_0pmq507d4TpBFXg&maillistId=CG_2bPAsqv5WvCvK9j, result: SendTime=13:14&NumberOfDay=5&NumberInDay=3&distributionId=EMD_iTAWyQWrle6k1FP--
--new request: user_id=16&surveyId=SV_0pmq507d4TpBFXg&maillistId=CG_21yKVrYIkr4oiSP, result: SendTime=14:24&NumberOfDay=5&NumberInDay=3&distributionId=EMD_kI6dTIQ2t5HnB6Y--
--new request: user_id=16&surveyId=SV_0pmq507d4TpBFXg&maillistId=CG_2bPAsqv5WvCvK9j, result: SendTime=15:21&NumberOfDay=5&NumberInDay=4&distributionId=EMD_BqhOQK6Qis5lL5L--
--new request: user_id=16&surveyId=SV_0pmq507d4TpBFXg&maillistId=CG_21yKVrYIkr4oiSP, result: SendTime=16:31&NumberOfDay=5&NumberInDay=4&distributionId=EMD_dcReBbUygLspr3A--
--new request: user_id=16&surveyId=SV_0pmq507d4TpBFXg&maillistId=CG_2bPAsqv5WvCvK9j, result: SendTime=17:28&NumberOfDay=5&NumberInDay=5&distributionId=EMD_85dkZ0IGaocAAGe--
--new request: user_id=16&surveyId=SV_0pmq507d4TpBFXg&maillistId=CG_21yKVrYIkr4oiSP, result: SendTime=18:38&NumberOfDay=5&NumberInDay=5&distributionId=EMD_zw5XqalHOJzpcfm--
--new request: user_id=16&surveyId=SV_0pmq507d4TpBFXg&maillistId=CG_2bPAsqv5WvCvK9j, result: SendTime=19:35&NumberOfDay=5&NumberInDay=6&distributionId=EMD_TPQ0BDQsp8rUDD1--
--new request: user_id=16&surveyId=SV_0pmq507d4TpBFXg&maillistId=CG_21yKVrYIkr4oiSP, result: SendTime=20:45&NumberOfDay=5&NumberInDay=6&distributionId=EMD_HVufRZPfdi6meRQ--
--new request: user_id=16&surveyId=SV_0pmq507d4TpBFXg&maillistId=CG_2bPAsqv5WvCvK9j, result: SendTime=09:15&NumberOfDay=6&NumberInDay=1&distributionId=EMD_mGIBgVtI5qZEUQ5--
--new request: user_id=16&surveyId=SV_0pmq507d4TpBFXg&maillistId=CG_2bPAsqv5WvCvK9j, result: SendTime=11:22&NumberOfDay=6&NumberInDay=2&distributionId=EMD_70B8R82bovfuv87--
--new request: user_id=16&surveyId=SV_0pmq507d4TpBFXg&maillistId=CG_3s5IXNexVPLsx0u, result: SendTime=12:14&NumberOfDay=1&NumberInDay=1&distributionId=EMD_7E99tYwJEdD5HDA--
--new request: user_id=16&surveyId=SV_0pmq507d4TpBFXg&maillistId=CG_21yKVrYIkr4oiSP, result: SendTime=12:07&NumberOfDay=6&NumberInDay=2&distributionId=EMD_TeLtwHZUkIqXwyo--
--new request: user_id=16&surveyId=SV_0pmq507d4TpBFXg&maillistId=CG_2bPAsqv5WvCvK9j, result: SendTime=13:29&NumberOfDay=6&NumberInDay=3&distributionId=EMD_CGAQhinQRz6630R--
--new request: user_id=16&surveyId=SV_0pmq507d4TpBFXg&maillistId=CG_3s5IXNexVPLsx0u, result: SendTime=14:21&NumberOfDay=1&NumberInDay=2&distributionId=EMD_UAdaGynoDP1TEBS--
--new request: user_id=16&surveyId=SV_0pmq507d4TpBFXg&maillistId=CG_21yKVrYIkr4oiSP, result: SendTime=14:14&NumberOfDay=6&NumberInDay=3&distributionId=EMD_ujTRDRuqWDFurTJ--
--new request: user_id=16&surveyId=SV_0pmq507d4TpBFXg&maillistId=CG_2bPAsqv5WvCvK9j, result: SendTime=15:36&NumberOfDay=6&NumberInDay=4&distributionId=EMD_9021VaT9o5VN9C0--
--new request: user_id=16&surveyId=SV_0pmq507d4TpBFXg&maillistId=CG_3s5IXNexVPLsx0u, result: SendTime=16:28&NumberOfDay=1&NumberInDay=3&distributionId=EMD_3xW5P7Gc52344bg--
--new request: user_id=16&surveyId=SV_0pmq507d4TpBFXg&maillistId=CG_21yKVrYIkr4oiSP, result: SendTime=16:21&NumberOfDay=6&NumberInDay=4&distributionId=EMD_dIuLybwXR3Ieaap--
--new request: user_id=16&surveyId=SV_0pmq507d4TpBFXg&maillistId=CG_2bPAsqv5WvCvK9j, result: SendTime=17:43&NumberOfDay=6&NumberInDay=5&distributionId=EMD_RRwAb1BW8uPF588--
--new request: user_id=16&surveyId=SV_0pmq507d4TpBFXg&maillistId=CG_21yKVrYIkr4oiSP, result: SendTime=18:28&NumberOfDay=6&NumberInDay=5&distributionId=EMD_mUdx0xB1P9LGYZL--
--new request: user_id=16&surveyId=SV_0pmq507d4TpBFXg&maillistId=CG_3s5IXNexVPLsx0u, result: SendTime=18:35&NumberOfDay=1&NumberInDay=4&distributionId=EMD_kc7EusKrDIibKbv--
--new request: user_id=16&surveyId=SV_0pmq507d4TpBFXg&maillistId=CG_2bPAsqv5WvCvK9j, result: SendTime=19:50&NumberOfDay=6&NumberInDay=6&distributionId=EMD_z2GQeh5HhmttH0g--
--new request: user_id=16&surveyId=SV_0pmq507d4TpBFXg&maillistId=CG_21yKVrYIkr4oiSP, result: SendTime=20:35&NumberOfDay=6&NumberInDay=6&distributionId=EMD_gz7CVetJxcYdDLj--
--new request: user_id=16&surveyId=SV_0pmq507d4TpBFXg&maillistId=CG_3s5IXNexVPLsx0u, result: SendTime=20:42&NumberOfDay=1&NumberInDay=5&distributionId=EMD_unA7fq3ukOBgCgj--
--new request: user_id=16&surveyId=SV_0pmq507d4TpBFXg&maillistId=CG_2bPAsqv5WvCvK9j, result: SendTime=09:21&NumberOfDay=7&NumberInDay=1&distributionId=EMD_cn1JttrS5nFItRg--
--new request: user_id=16&surveyId=SV_0pmq507d4TpBFXg&maillistId=CG_3s5IXNexVPLsx0u, result: SendTime=10:21&NumberOfDay=2&NumberInDay=1&distributionId=EMD_mhMNU6vfVx4FAuk--
--new request: user_id=16&surveyId=SV_0pmq507d4TpBFXg&maillistId=CG_21yKVrYIkr4oiSP, result: SendTime=10:17&NumberOfDay=7&NumberInDay=1&distributionId=EMD_wvH1q3azMFx0BTC--
--new request: user_id=16&surveyId=SV_0pmq507d4TpBFXg&maillistId=CG_3s5IXNexVPLsx0u, result: SendTime=12:28&NumberOfDay=2&NumberInDay=2&distributionId=EMD_eIrZF4lg1cLKpwK--
--new request: user_id=16&surveyId=SV_0pmq507d4TpBFXg&maillistId=CG_21yKVrYIkr4oiSP, result: SendTime=12:24&NumberOfDay=7&NumberInDay=2&distributionId=EMD_UhvWBjZPt58PhiK--
--new request: user_id=16&surveyId=SV_0pmq507d4TpBFXg&maillistId=CG_3s5IXNexVPLsx0u, result: SendTime=14:35&NumberOfDay=2&NumberInDay=3&distributionId=EMD_bnMHUKZTjRs9E8J--
--new request: user_id=16&surveyId=SV_0pmq507d4TpBFXg&maillistId=CG_21yKVrYIkr4oiSP, result: SendTime=14:31&NumberOfDay=7&NumberInDay=3&distributionId=EMD_Wt6dSITSuEdqaj1--
--new request: user_id=16&surveyId=SV_0pmq507d4TpBFXg&maillistId=CG_3s5IXNexVPLsx0u, result: SendTime=16:42&NumberOfDay=2&NumberInDay=4&distributionId=EMD_AYv2L6Tj6AY3tM2--
--new request: user_id=16&surveyId=SV_0pmq507d4TpBFXg&maillistId=CG_21yKVrYIkr4oiSP, result: SendTime=16:38&NumberOfDay=7&NumberInDay=4&distributionId=EMD_GnQSpKBOmqZbyy3--
--new request: user_id=16&surveyId=SV_0pmq507d4TpBFXg&maillistId=CG_21yKVrYIkr4oiSP, result: SendTime=18:45&NumberOfDay=7&NumberInDay=5&distributionId=EMD_P1pVBgbitQPNguG--
--new request: user_id=16&surveyId=SV_0pmq507d4TpBFXg&maillistId=CG_3s5IXNexVPLsx0u, result: SendTime=18:49&NumberOfDay=2&NumberInDay=5&distributionId=EMD_7SlntQSa3Z9z4Ci--
--new request: user_id=16&surveyId=SV_0pmq507d4TpBFXg&maillistId=CG_3s5IXNexVPLsx0u, result: SendTime=20:56&NumberOfDay=2&NumberInDay=6&distributionId=EMD_N7Q0ZxjD6HqNfa5--
--new request: user_id=16&surveyId=SV_0pmq507d4TpBFXg&maillistId=CG_21yKVrYIkr4oiSP, result: SendTime=20:52&NumberOfDay=7&NumberInDay=6&distributionId=EMD_kijTxDsjo6p6r75--
--new request: user_id=16&surveyId=SV_0pmq507d4TpBFXg&maillistId=CG_3s5IXNexVPLsx0u, result: SendTime=10:17&NumberOfDay=3&NumberInDay=1&distributionId=EMD_ivdXPjh8P36E4YH--
--new request: user_id=16&surveyId=SV_0pmq507d4TpBFXg&maillistId=CG_3s5IXNexVPLsx0u, result: SendTime=12:24&NumberOfDay=3&NumberInDay=2&distributionId=EMD_dXDuK4EbXVdBts2--
--new request: user_id=16&surveyId=SV_0pmq507d4TpBFXg&maillistId=CG_21yKVrYIkr4oiSP, result: SendTime=12:19&NumberOfDay=8&NumberInDay=2&distributionId=EMD_itHjgsMVne1c4FC--
--new request: user_id=16&surveyId=SV_0pmq507d4TpBFXg&maillistId=CG_3s5IXNexVPLsx0u, result: SendTime=18:45&NumberOfDay=3&NumberInDay=5&distributionId=EMD_f53KLdppNyD7xLI--
--new request: user_id=16&surveyId=SV_0pmq507d4TpBFXg&maillistId=CG_3s5IXNexVPLsx0u, result: SendTime=10:06&NumberOfDay=4&NumberInDay=1&distributionId=EMD_loFydbmRWhrwGK1--
--new request: user_id=16&surveyId=SV_0pmq507d4TpBFXg&maillistId=CG_3s5IXNexVPLsx0u, result: SendTime=12:13&NumberOfDay=4&NumberInDay=2&distributionId=EMD_tROChSE4Opo4QfG--
--new request: user_id=16&surveyId=SV_0pmq507d4TpBFXg&maillistId=CG_3s5IXNexVPLsx0u, result: SendTime=16:27&NumberOfDay=4&NumberInDay=4&distributionId=EMD_D5qMsrysg27t50i--
--new request: user_id=16&surveyId=SV_0pmq507d4TpBFXg&maillistId=CG_3s5IXNexVPLsx0u, result: SendTime=18:34&NumberOfDay=4&NumberInDay=5&distributionId=EMD_ZCB9Unv0p0jeEqg--
--new request: user_id=16&surveyId=SV_0pmq507d4TpBFXg&maillistId=CG_3s5IXNexVPLsx0u, result: SendTime=20:30&NumberOfDay=5&NumberInDay=1&distributionId=EMD_sZ7AkPPZ4vmoExk--
--new request: user_id=16&surveyId=SV_0pmq507d4TpBFXg&maillistId=CG_3s5IXNexVPLsx0u, result: SendTime=10:09&NumberOfDay=6&NumberInDay=1&distributionId=EMD_9OzpwyRixE7fMnx--
--new request: user_id=16&surveyId=SV_0pmq507d4TpBFXg&maillistId=CG_3s5IXNexVPLsx0u, result: SendTime=14:23&NumberOfDay=6&NumberInDay=3&distributionId=EMD_Vxge6tsl7GAe6fI--
--new request: user_id=16&surveyId=SV_0pmq507d4TpBFXg&maillistId=CG_3s5IXNexVPLsx0u, result: SendTime=16:30&NumberOfDay=6&NumberInDay=4&distributionId=EMD_YbITdcUAAKU10Dd--
--new request: user_id=16&surveyId=SV_0pmq507d4TpBFXg&maillistId=CG_3s5IXNexVPLsx0u, result: SendTime=18:37&NumberOfDay=6&NumberInDay=5&distributionId=EMD_0niHbl9jzqv2SAH--
--new request: user_id=16&surveyId=SV_0pmq507d4TpBFXg&maillistId=CG_3s5IXNexVPLsx0u, result: SendTime=10:01&NumberOfDay=7&NumberInDay=1&distributionId=EMD_HbrfEl7zS4Dfe2A--
--new request: user_id=16&surveyId=SV_0pmq507d4TpBFXg&maillistId=CG_3s5IXNexVPLsx0u, result: SendTime=12:08&NumberOfDay=7&NumberInDay=2&distributionId=EMD_WCcE2Pf0ADTF5p4--
--new request: user_id=16&surveyId=SV_0pmq507d4TpBFXg&maillistId=CG_3s5IXNexVPLsx0u, result: SendTime=14:15&NumberOfDay=7&NumberInDay=3&distributionId=EMD_459amuTLcySAPCt--
--new request: user_id=16&surveyId=SV_0pmq507d4TpBFXg&maillistId=CG_3s5IXNexVPLsx0u, result: SendTime=16:22&NumberOfDay=7&NumberInDay=4&distributionId=EMD_sQtScLgnVzJsnxD--
--new request: user_id=16&surveyId=SV_0pmq507d4TpBFXg&maillistId=CG_qFlSA8cp3Z5HP0t, result: SendTime=20:46&NumberOfDay=1&NumberInDay=2&distributionId=EMD_J7lIcYyNqIPEzIs--
--new request: user_id=16&surveyId=SV_0pmq507d4TpBFXg&maillistId=CG_3s5IXNexVPLsx0u, result: SendTime=20:36&NumberOfDay=7&NumberInDay=6&distributionId=EMD_bCL5jqzbw2XGPo2--
--new request: user_id=16&surveyId=SV_0pmq507d4TpBFXg&maillistId=CG_qFlSA8cp3Z5HP0t, result: SendTime=10:04&NumberOfDay=2&NumberInDay=1&distributionId=EMD_34vc6OKUQkOpUeK--
--new request: user_id=16&surveyId=SV_0pmq507d4TpBFXg&maillistId=CG_qFlSA8cp3Z5HP0t, result: SendTime=12:11&NumberOfDay=2&NumberInDay=2&distributionId=EMD_NJy30ScdHmUOPLp--
--new request: user_id=16&surveyId=SV_0pmq507d4TpBFXg&maillistId=CG_3s5IXNexVPLsx0u, result: SendTime=12:08&NumberOfDay=8&NumberInDay=2&distributionId=EMD_MPAdqtfljsy2pvG--
--new request: user_id=16&surveyId=SV_0pmq507d4TpBFXg&maillistId=CG_3s5IXNexVPLsx0u, result: SendTime=14:15&NumberOfDay=8&NumberInDay=3&distributionId=EMD_AEywDr3z452KGMI--
--new request: user_id=16&surveyId=SV_0pmq507d4TpBFXg&maillistId=CG_3s5IXNexVPLsx0u, result: SendTime=16:22&NumberOfDay=8&NumberInDay=4&distributionId=EMD_K7ugpWPYTCLaGgw--
--new request: user_id=16&surveyId=SV_0pmq507d4TpBFXg&maillistId=CG_qFlSA8cp3Z5HP0t, result: SendTime=16:25&NumberOfDay=2&NumberInDay=4&distributionId=EMD_od8Vbaz2qOeiIbo--
--new request: user_id=16&surveyId=SV_0pmq507d4TpBFXg&maillistId=CG_qFlSA8cp3Z5HP0t, result: SendTime=18:32&NumberOfDay=2&NumberInDay=5&distributionId=EMD_zIEYd5jMAU05yy6--
--new request: user_id=16&surveyId=SV_0pmq507d4TpBFXg&maillistId=CG_qFlSA8cp3Z5HP0t, result: SendTime=20:39&NumberOfDay=2&NumberInDay=6&distributionId=EMD_OL6QBy1ci2ntHYL--
--new request: user_id=16&surveyId=SV_0pmq507d4TpBFXg&maillistId=CG_qFlSA8cp3Z5HP0t, result: SendTime=10:22&NumberOfDay=3&NumberInDay=1&distributionId=EMD_C81vIQ245EKazKd--
--new request: user_id=16&surveyId=SV_0pmq507d4TpBFXg&maillistId=CG_qFlSA8cp3Z5HP0t, result: SendTime=12:29&NumberOfDay=3&NumberInDay=2&distributionId=EMD_jjPDdOz9PRXVRxH--
--new request: user_id=16&surveyId=SV_0pmq507d4TpBFXg&maillistId=CG_qFlSA8cp3Z5HP0t, result: SendTime=14:36&NumberOfDay=3&NumberInDay=3&distributionId=EMD_5Dahar63fxu4nFR--
--new request: user_id=16&surveyId=SV_0pmq507d4TpBFXg&maillistId=CG_qFlSA8cp3Z5HP0t, result: SendTime=16:43&NumberOfDay=3&NumberInDay=4&distributionId=EMD_amSUe0txDvLIj22--
--new request: user_id=16&surveyId=SV_0pmq507d4TpBFXg&maillistId=CG_qFlSA8cp3Z5HP0t, result: SendTime=18:50&NumberOfDay=3&NumberInDay=5&distributionId=EMD_i1e82xTc4LnshHX--
--new request: user_id=16&surveyId=SV_0pmq507d4TpBFXg&maillistId=CG_qFlSA8cp3Z5HP0t, result: SendTime=20:57&NumberOfDay=3&NumberInDay=6&distributionId=EMD_e4779bHHiM5qhv9--
--new request: user_id=16&surveyId=SV_0pmq507d4TpBFXg&maillistId=CG_qFlSA8cp3Z5HP0t, result: SendTime=10:16&NumberOfDay=4&NumberInDay=1&distributionId=EMD_oHd4SioTdhuqC4Z--
--new request: user_id=16&surveyId=SV_0pmq507d4TpBFXg&maillistId=CG_qFlSA8cp3Z5HP0t, result: SendTime=12:23&NumberOfDay=4&NumberInDay=2&distributionId=EMD_n8Vaa32RQraBj0d--
--new request: user_id=16&surveyId=SV_0pmq507d4TpBFXg&maillistId=CG_qFlSA8cp3Z5HP0t, result: SendTime=14:30&NumberOfDay=4&NumberInDay=3&distributionId=EMD_k2lH8kpkJCUK0q6--
--new request: user_id=16&surveyId=SV_0pmq507d4TpBFXg&maillistId=CG_qFlSA8cp3Z5HP0t, result: SendTime=16:37&NumberOfDay=4&NumberInDay=4&distributionId=EMD_zd0Vz7gMbnYO93C--
--new request: user_id=16&surveyId=SV_0pmq507d4TpBFXg&maillistId=CG_qFlSA8cp3Z5HP0t, result: SendTime=18:44&NumberOfDay=4&NumberInDay=5&distributionId=EMD_1DwIhDmXGfjcOiK--
--new request: user_id=16&surveyId=SV_0pmq507d4TpBFXg&maillistId=CG_qFlSA8cp3Z5HP0t, result: SendTime=10:03&NumberOfDay=5&NumberInDay=1&distributionId=EMD_DlbDKwLvLRpahJx--
--new request: user_id=16&surveyId=SV_0pmq507d4TpBFXg&maillistId=CG_qFlSA8cp3Z5HP0t, result: SendTime=12:10&NumberOfDay=5&NumberInDay=2&distributionId=EMD_k5yVurZDcrHRdla--
--new request: user_id=16&surveyId=SV_0pmq507d4TpBFXg&maillistId=CG_qFlSA8cp3Z5HP0t, result: SendTime=14:17&NumberOfDay=5&NumberInDay=3&distributionId=EMD_2pMgkhgzrjzBjHC--
--new request: user_id=16&surveyId=SV_0pmq507d4TpBFXg&maillistId=CG_qFlSA8cp3Z5HP0t, result: SendTime=16:24&NumberOfDay=5&NumberInDay=4&distributionId=EMD_GoNzL6Gv0bkaSjM--
--new request: user_id=16&surveyId=SV_0pmq507d4TpBFXg&maillistId=CG_qFlSA8cp3Z5HP0t, result: SendTime=18:31&NumberOfDay=5&NumberInDay=5&distributionId=EMD_82dcaAjnMQ2lFTt--
--new request: user_id=16&surveyId=SV_0pmq507d4TpBFXg&maillistId=CG_qFlSA8cp3Z5HP0t, result: SendTime=20:38&NumberOfDay=5&NumberInDay=6&distributionId=EMD_P1Dcj5zwJQe82oO--
--new request: user_id=16&surveyId=SV_0pmq507d4TpBFXg&maillistId=CG_qFlSA8cp3Z5HP0t, result: SendTime=12:07&NumberOfDay=6&NumberInDay=2&distributionId=EMD_XcVdYTuvJT4TptO--
--new request: user_id=16&surveyId=SV_0pmq507d4TpBFXg&maillistId=CG_qFlSA8cp3Z5HP0t, result: SendTime=14:14&NumberOfDay=6&NumberInDay=3&distributionId=EMD_bqXFtjnVJL7xNUu--
--new request: user_id=16&surveyId=SV_0pmq507d4TpBFXg&maillistId=CG_qFlSA8cp3Z5HP0t, result: SendTime=16:21&NumberOfDay=6&NumberInDay=4&distributionId=EMD_LBGfL6T98teCt36--
--new request: user_id=16&surveyId=SV_0pmq507d4TpBFXg&maillistId=CG_qFlSA8cp3Z5HP0t, result: SendTime=18:28&NumberOfDay=6&NumberInDay=5&distributionId=EMD_Z5hSjyB6kxksaMj--
--new request: user_id=16&surveyId=SV_0pmq507d4TpBFXg&maillistId=CG_qFlSA8cp3Z5HP0t, result: SendTime=20:35&NumberOfDay=6&NumberInDay=6&distributionId=EMD_Xj6ZveQHFYPGJTz--
--new request: user_id=16&surveyId=SV_0pmq507d4TpBFXg&maillistId=CG_qFlSA8cp3Z5HP0t, result: SendTime=20:35&NumberOfDay=6&NumberInDay=6&distributionId=EMD_Xj6ZveQHFYPGJTz--
--new request: user_id=16&surveyId=SV_0pmq507d4TpBFXg&maillistId=CG_qFlSA8cp3Z5HP0t, result: SendTime=12:25&NumberOfDay=7&NumberInDay=2&distributionId=EMD_mrTINaAY9Yzhvuj--
--new request: user_id=16&surveyId=SV_0pmq507d4TpBFXg&maillistId=CG_qFlSA8cp3Z5HP0t, result: SendTime=14:32&NumberOfDay=7&NumberInDay=3&distributionId=EMD_FJWeDXMilgjsiat--
--new request: user_id=16&surveyId=SV_0pmq507d4TpBFXg&maillistId=CG_qFlSA8cp3Z5HP0t, result: SendTime=16:39&NumberOfDay=7&NumberInDay=4&distributionId=EMD_EZnNPDyMkasUqpD--
--new request: user_id=16&surveyId=SV_0pmq507d4TpBFXg&maillistId=CG_qFlSA8cp3Z5HP0t, result: SendTime=18:46&NumberOfDay=7&NumberInDay=5&distributionId=EMD_SKfodLiz3HXH7Dg--
--new request: user_id=16&surveyId=SV_0pmq507d4TpBFXg&maillistId=CG_qFlSA8cp3Z5HP0t, result: SendTime=20:53&NumberOfDay=7&NumberInDay=6&distributionId=EMD_29hQN5YoGLYazQL--
--new request: user_id=16&surveyId=SV_0pmq507d4TpBFXg&maillistId=CG_qFlSA8cp3Z5HP0t, result: SendTime=10:27&NumberOfDay=8&NumberInDay=1&distributionId=EMD_hmLATQQqn7O8Glb--
--new request: user_id=16&surveyId=SV_0pmq507d4TpBFXg&maillistId=CG_qFlSA8cp3Z5HP0t, result: SendTime=12:34&NumberOfDay=8&NumberInDay=2&distributionId=EMD_W7Gow0tOTJQEngn--
--new request: user_id=16&surveyId=SV_0pmq507d4TpBFXg&maillistId=CG_qFlSA8cp3Z5HP0t, result: SendTime=14:41&NumberOfDay=8&NumberInDay=3&distributionId=EMD_uyMHwkF4OIEXTLI--
--new request: user_id=16&surveyId=SV_0pmq507d4TpBFXg&maillistId=CG_1hK1dc7mYHU0Oq7, result: SendTime=16:36&NumberOfDay=1&NumberInDay=1&distributionId=EMD_KAZy1ac42FjPRCg--
--new request: user_id=16&surveyId=SV_0pmq507d4TpBFXg&maillistId=CG_1hK1dc7mYHU0Oq7, result: SendTime=20:50&NumberOfDay=1&NumberInDay=3&distributionId=EMD_l0fjcysMaUcqy0Y--
--new request: user_id=16&surveyId=SV_0pmq507d4TpBFXg&maillistId=CG_2BkOGXN93NcLwYu, result: SendTime=08:27&NumberOfDay=1&NumberInDay=1&distributionId=EMD_L9izkXCZRtWICZD--
--new request: user_id=16&surveyId=SV_0pmq507d4TpBFXg&maillistId=CG_2BkOGXN93NcLwYu, result: SendTime=10:34&NumberOfDay=1&NumberInDay=2&distributionId=EMD_DJgu7T3r7YfcDqd--
--new request: user_id=16&surveyId=SV_0pmq507d4TpBFXg&maillistId=CG_3jYHmY122SORm0v, result: SendTime=12:08&NumberOfDay=1&NumberInDay=1&distributionId=EMD_tZkYql0Rt6nkxE5--
--new request: user_id=16&surveyId=SV_0pmq507d4TpBFXg&maillistId=CG_3jYHmY122SORm0v, result: SendTime=14:15&NumberOfDay=1&NumberInDay=2&distributionId=EMD_16a9ZMLTiDYRe49--
--new request: user_id=16&surveyId=SV_0pmq507d4TpBFXg&maillistId=CG_1hK1dc7mYHU0Oq7, result: SendTime=14:22&NumberOfDay=2&NumberInDay=3&distributionId=EMD_UsUPiSjFZuYgSv8--
--new request: user_id=16&surveyId=SV_0pmq507d4TpBFXg&maillistId=CG_3jYHmY122SORm0v, result: SendTime=14:33&NumberOfDay=2&NumberInDay=2&distributionId=EMD_QfL9hTOf8Aryzwk--
--new request: user_id=16&surveyId=SV_0pmq507d4TpBFXg&maillistId=CG_1pWZNhPALZ6Q0yv, result: SendTime=18:02&NumberOfDay=1&NumberInDay=4&distributionId=EMD_MrJCJ3ug0OHfaGz--
--new request: user_id=16&surveyId=SV_0pmq507d4TpBFXg&maillistId=CG_1pWZNhPALZ6Q0yv, result: SendTime=20:09&NumberOfDay=1&NumberInDay=5&distributionId=EMD_ZU9YbrGInaISToE--
--new request: user_id=16&surveyId=SV_0pmq507d4TpBFXg&maillistId=CG_1pWZNhPALZ6Q0yv, result: SendTime=22:16&NumberOfDay=1&NumberInDay=6&distributionId=EMD_3uGx0eJJ7Ma9fLl--
--new request: user_id=16&surveyId=SV_0pmq507d4TpBFXg&maillistId=CG_1pWZNhPALZ6Q0yv, result: SendTime=11:37&NumberOfDay=2&NumberInDay=1&distributionId=EMD_QDhVYlXfj8HqEKC--
--new request: user_id=16&surveyId=SV_0pmq507d4TpBFXg&maillistId=CG_1pWZNhPALZ6Q0yv, result: SendTime=13:44&NumberOfDay=2&NumberInDay=2&distributionId=EMD_XalVBD3hgGWJzHD--
--new request: user_id=16&surveyId=SV_0pmq507d4TpBFXg&maillistId=CG_1pWZNhPALZ6Q0yv, result: SendTime=15:51&NumberOfDay=2&NumberInDay=3&distributionId=EMD_zJHFru93PdhR2eS--
--new request: user_id=16&surveyId=SV_0pmq507d4TpBFXg&maillistId=CG_1pWZNhPALZ6Q0yv, result: SendTime=17:58&NumberOfDay=2&NumberInDay=4&distributionId=EMD_hZ9qDI3bWk694eZ--
--new request: user_id=16&surveyId=SV_0pmq507d4TpBFXg&maillistId=CG_1pWZNhPALZ6Q0yv, result: SendTime=20:05&NumberOfDay=2&NumberInDay=5&distributionId=EMD_zUHuQpnB4hAkHPA--
--new request: user_id=16&surveyId=SV_0pmq507d4TpBFXg&maillistId=CG_1pWZNhPALZ6Q0yv, result: SendTime=11:35&NumberOfDay=3&NumberInDay=1&distributionId=EMD_zAZXaZvkQZWVr9x--
--new request: user_id=16&surveyId=SV_0pmq507d4TpBFXg&maillistId=CG_1pWZNhPALZ6Q0yv, result: SendTime=13:42&NumberOfDay=3&NumberInDay=2&distributionId=EMD_6j3zjDIJ7a705U6--
--new request: user_id=16&surveyId=SV_0pmq507d4TpBFXg&maillistId=CG_1pWZNhPALZ6Q0yv, result: SendTime=15:49&NumberOfDay=3&NumberInDay=3&distributionId=EMD_M01LgGlccQ92fdG--
--new request: user_id=16&surveyId=SV_0pmq507d4TpBFXg&maillistId=CG_1pWZNhPALZ6Q0yv, result: SendTime=17:56&NumberOfDay=3&NumberInDay=4&distributionId=EMD_C28OP3nXgUgwDIs--
--new request: user_id=16&surveyId=SV_0pmq507d4TpBFXg&maillistId=CG_1pWZNhPALZ6Q0yv, result: SendTime=20:03&NumberOfDay=3&NumberInDay=5&distributionId=EMD_3AK3hCOvAUnDuGR--
--new request: user_id=16&surveyId=SV_0pmq507d4TpBFXg&maillistId=CG_1pWZNhPALZ6Q0yv, result: SendTime=22:10&NumberOfDay=3&NumberInDay=6&distributionId=EMD_JlDGz9dijA3JSX0--
--new request: user_id=16&surveyId=SV_0pmq507d4TpBFXg&maillistId=CG_1pWZNhPALZ6Q0yv, result: SendTime=11:30&NumberOfDay=4&NumberInDay=1&distributionId=EMD_OTSowURDZmvXkRH--
--new request: user_id=16&surveyId=SV_0pmq507d4TpBFXg&maillistId=CG_1pWZNhPALZ6Q0yv, result: SendTime=13:37&NumberOfDay=4&NumberInDay=2&distributionId=EMD_2m0JsNDAlrYt8eg--
--new request: user_id=16&surveyId=SV_0pmq507d4TpBFXg&maillistId=CG_1pWZNhPALZ6Q0yv, result: SendTime=15:44&NumberOfDay=4&NumberInDay=3&distributionId=EMD_w14kZKfEf1uFr4c--
--new request: user_id=16&surveyId=SV_0pmq507d4TpBFXg&maillistId=CG_1pWZNhPALZ6Q0yv, result: SendTime=17:51&NumberOfDay=4&NumberInDay=4&distributionId=EMD_GkqgrfCHKlPkEW8--
--new request: user_id=16&surveyId=SV_0pmq507d4TpBFXg&maillistId=CG_1pWZNhPALZ6Q0yv, result: SendTime=19:58&NumberOfDay=4&NumberInDay=5&distributionId=EMD_Oia1LtmYYr1GKFY--
--new request: user_id=16&surveyId=SV_0pmq507d4TpBFXg&maillistId=CG_1pWZNhPALZ6Q0yv, result: SendTime=22:05&NumberOfDay=4&NumberInDay=6&distributionId=EMD_i1C4onfbOd0HpVY--
--new request: user_id=16&surveyId=SV_0pmq507d4TpBFXg&maillistId=CG_1pWZNhPALZ6Q0yv, result: SendTime=11:51&NumberOfDay=5&NumberInDay=1&distributionId=EMD_geIGHjLP20ke9AU--
--new request: user_id=16&surveyId=SV_0pmq507d4TpBFXg&maillistId=CG_1pWZNhPALZ6Q0yv, result: SendTime=15:55&NumberOfDay=6&NumberInDay=3&distributionId=EMD_puU6Mpgqi6CAVbt--
--new request: user_id=16&surveyId=SV_0pmq507d4TpBFXg&maillistId=CG_1pWZNhPALZ6Q0yv, result: SendTime=18:02&NumberOfDay=6&NumberInDay=4&distributionId=EMD_VYOQyf4w5KcQmDA--
--new request: user_id=16&surveyId=SV_0pmq507d4TpBFXg&maillistId=CG_1pWZNhPALZ6Q0yv, result: SendTime=11:56&NumberOfDay=7&NumberInDay=1&distributionId=EMD_PfuVTeR8bWnk7gl--
--new request: user_id=16&surveyId=SV_0pmq507d4TpBFXg&maillistId=CG_1pWZNhPALZ6Q0yv, result: SendTime=14:03&NumberOfDay=7&NumberInDay=2&distributionId=EMD_MavKxZVGyyPoAvd--
--new request: user_id=16&surveyId=SV_0pmq507d4TpBFXg&maillistId=CG_1pWZNhPALZ6Q0yv, result: SendTime=16:10&NumberOfDay=7&NumberInDay=3&distributionId=EMD_lPAcNqCmZMtj0nh--
--new request: user_id=16&surveyId=SV_0pmq507d4TpBFXg&maillistId=CG_1JLWeODA3shRs4a, result: SendTime=17:34&NumberOfDay=1&NumberInDay=3&distributionId=EMD_bhXdxGYjdWytVFd--
--new request: user_id=16&surveyId=SV_0pmq507d4TpBFXg&maillistId=CG_1JLWeODA3shRs4a, result: SendTime=19:41&NumberOfDay=1&NumberInDay=4&distributionId=EMD_n9sfTVUF2IArlzT--
--new request: user_id=16&surveyId=SV_0pmq507d4TpBFXg&maillistId=CG_1JLWeODA3shRs4a, result: SendTime=09:01&NumberOfDay=2&NumberInDay=1&distributionId=EMD_YMPup8qSceGc7XR--
--new request: user_id=16&surveyId=SV_0pmq507d4TpBFXg&maillistId=CG_1JLWeODA3shRs4a, result: SendTime=11:08&NumberOfDay=2&NumberInDay=2&distributionId=EMD_Pt8mPcT5isZDsjA--
--new request: user_id=16&surveyId=SV_0pmq507d4TpBFXg&maillistId=CG_1JLWeODA3shRs4a, result: SendTime=13:15&NumberOfDay=2&NumberInDay=3&distributionId=EMD_ZTQO67qubDyY2Cp--
--new request: user_id=16&surveyId=SV_0pmq507d4TpBFXg&maillistId=CG_1JLWeODA3shRs4a, result: SendTime=17:29&NumberOfDay=2&NumberInDay=5&distributionId=EMD_KOIrRbydU9mjwUv--
--new request: user_id=16&surveyId=SV_0pmq507d4TpBFXg&maillistId=CG_1JLWeODA3shRs4a, result: SendTime=19:36&NumberOfDay=2&NumberInDay=6&distributionId=EMD_ONzlxykJUwiMyks--
--new request: user_id=16&surveyId=SV_0pmq507d4TpBFXg&maillistId=CG_1JLWeODA3shRs4a, result: SendTime=09:08&NumberOfDay=3&NumberInDay=1&distributionId=EMD_h0PKzSa8VyDCH5e--
--new request: user_id=16&surveyId=SV_0pmq507d4TpBFXg&maillistId=CG_1JLWeODA3shRs4a, result: SendTime=11:15&NumberOfDay=3&NumberInDay=2&distributionId=EMD_1Zl7K6WQm2KQ9WI--
--new request: user_id=16&surveyId=SV_0pmq507d4TpBFXg&maillistId=CG_1JLWeODA3shRs4a, result: SendTime=13:22&NumberOfDay=3&NumberInDay=3&distributionId=EMD_2Cj3yrXV2bseimA--
--new request: user_id=16&surveyId=SV_0pmq507d4TpBFXg&maillistId=CG_1JLWeODA3shRs4a, result: SendTime=19:43&NumberOfDay=3&NumberInDay=6&distributionId=EMD_hWv58kfXupFNAwX--
--new request: user_id=16&surveyId=SV_0pmq507d4TpBFXg&maillistId=CG_1JLWeODA3shRs4a, result: SendTime=11:30&NumberOfDay=4&NumberInDay=2&distributionId=EMD_gpeRPgIzzU42CH4--
--new request: user_id=16&surveyId=SV_0pmq507d4TpBFXg&maillistId=CG_1JLWeODA3shRs4a, result: SendTime=15:44&NumberOfDay=4&NumberInDay=4&distributionId=EMD_4RDgZJexkGDjtCV--
--new request: user_id=16&surveyId=SV_0pmq507d4TpBFXg&maillistId=CG_1JLWeODA3shRs4a, result: SendTime=19:58&NumberOfDay=4&NumberInDay=6&distributionId=EMD_ceeXlxVKdc4TEaD--
--new request: user_id=16&surveyId=SV_0pmq507d4TpBFXg&maillistId=CG_1JLWeODA3shRs4a, result: SendTime=09:22&NumberOfDay=5&NumberInDay=1&distributionId=EMD_qF9n6gZAj26roQc--
--new request: user_id=16&surveyId=SV_0pmq507d4TpBFXg&maillistId=CG_1JLWeODA3shRs4a, result: SendTime=11:29&NumberOfDay=5&NumberInDay=2&distributionId=EMD_I54c2XwhHJ4XleK--
--new request: user_id=16&surveyId=SV_0pmq507d4TpBFXg&maillistId=CG_1JLWeODA3shRs4a, result: SendTime=13:36&NumberOfDay=5&NumberInDay=3&distributionId=EMD_fffJ8DvE6U1RtVr--
--new request: user_id=16&surveyId=SV_0pmq507d4TpBFXg&maillistId=CG_1JLWeODA3shRs4a, result: SendTime=15:43&NumberOfDay=5&NumberInDay=4&distributionId=EMD_WJP9vN1wQ9FwB0V--
--new request: user_id=16&surveyId=SV_0pmq507d4TpBFXg&maillistId=CG_1JLWeODA3shRs4a, result: SendTime=19:57&NumberOfDay=5&NumberInDay=6&distributionId=EMD_iUm2HnOrtXD9etl--
--new request: user_id=16&surveyId=SV_0pmq507d4TpBFXg&maillistId=CG_1JLWeODA3shRs4a, result: SendTime=11:14&NumberOfDay=6&NumberInDay=2&distributionId=EMD_eFO3Fknfap8Jzcx--
--new request: user_id=16&surveyId=SV_0pmq507d4TpBFXg&maillistId=CG_1JLWeODA3shRs4a, result: SendTime=17:35&NumberOfDay=6&NumberInDay=5&distributionId=EMD_ZZqxTEPaPBt5yfc--
--new request: user_id=16&surveyId=SV_0pmq507d4TpBFXg&maillistId=CG_1JLWeODA3shRs4a, result: SendTime=19:42&NumberOfDay=6&NumberInDay=6&distributionId=EMD_w9k4djnKD09nG3U--
--new request: user_id=16&surveyId=SV_0pmq507d4TpBFXg&maillistId=CG_1JLWeODA3shRs4a, result: SendTime=13:33&NumberOfDay=7&NumberInDay=3&distributionId=EMD_NuBsEmcpldcVZgu--
--new request: user_id=16&surveyId=SV_0pmq507d4TpBFXg&maillistId=CG_1JLWeODA3shRs4a, result: SendTime=15:40&NumberOfDay=7&NumberInDay=4&distributionId=EMD_nDCMjmZGGKQk4tO--
--new request: user_id=16&surveyId=SV_0pmq507d4TpBFXg&maillistId=CG_1JLWeODA3shRs4a, result: SendTime=17:47&NumberOfDay=7&NumberInDay=5&distributionId=EMD_a9A6ipewwAiFBha--
--new request: user_id=16&surveyId=SV_0pmq507d4TpBFXg&maillistId=CG_1JLWeODA3shRs4a, result: SendTime=19:54&NumberOfDay=7&NumberInDay=6&distributionId=EMD_WvoOTHLOCQrleFl--
--new request: user_id=16&surveyId=SV_0pmq507d4TpBFXg&maillistId=CG_1JLWeODA3shRs4a, result: SendTime=09:08&NumberOfDay=8&NumberInDay=1&distributionId=EMD_bjHf5TfR1KaATfu--
--new request: user_id=16&surveyId=SV_0pmq507d4TpBFXg&maillistId=CG_1JLWeODA3shRs4a, result: SendTime=11:15&NumberOfDay=8&NumberInDay=2&distributionId=EMD_J4ASDhVqidf8Zq9--
--new request: user_id=16&surveyId=SV_0pmq507d4TpBFXg&maillistId=CG_2xztx50wM7RUABm, result: SendTime=17:55&NumberOfDay=1&NumberInDay=2&distributionId=EMD_Wzu6uYpJeuWx5ky--
--new request: user_id=16&surveyId=SV_0pmq507d4TpBFXg&maillistId=CG_2xztx50wM7RUABm, result: SendTime=20:28&NumberOfDay=1&NumberInDay=3&distributionId=EMD_Whfpf05QV74qQFg--
--new request: user_id=16&surveyId=SV_0pmq507d4TpBFXg&maillistId=CG_2xztx50wM7RUABm, result: SendTime=22:48&NumberOfDay=1&NumberInDay=4&distributionId=EMD_JsRJosM2e61yARi--
--new request: user_id=16&surveyId=SV_0pmq507d4TpBFXg&maillistId=CG_2xztx50wM7RUABm, result: SendTime=10:13&NumberOfDay=2&NumberInDay=1&distributionId=EMD_Z5dsFVTzwuAd1MQ--
--new request: user_id=16&surveyId=SV_0pmq507d4TpBFXg&maillistId=CG_2xztx50wM7RUABm, result: SendTime=12:46&NumberOfDay=2&NumberInDay=2&distributionId=EMD_4u2cTNMTGC6Szhi--
--new request: user_id=16&surveyId=SV_0pmq507d4TpBFXg&maillistId=CG_2xztx50wM7RUABm, result: SendTime=15:36&NumberOfDay=2&NumberInDay=3&distributionId=EMD_V8MptzWzsB0I7PE--
--new request: user_id=16&surveyId=SV_0pmq507d4TpBFXg&maillistId=CG_2xztx50wM7RUABm, result: SendTime=18:08&NumberOfDay=2&NumberInDay=4&distributionId=EMD_LJEgodDuXtCXpM5--
--new request: user_id=16&surveyId=SV_0pmq507d4TpBFXg&maillistId=CG_2xztx50wM7RUABm, result: SendTime=20:31&NumberOfDay=2&NumberInDay=5&distributionId=EMD_qBH2IBN4yKMphPC--
--new request: user_id=16&surveyId=SV_0pmq507d4TpBFXg&maillistId=CG_2xztx50wM7RUABm, result: SendTime=09:15&NumberOfDay=3&NumberInDay=1&distributionId=EMD_3YnIXnyFzW7Z2Q9--
--new request: user_id=16&surveyId=SV_0pmq507d4TpBFXg&maillistId=CG_2xztx50wM7RUABm, result: SendTime=14:16&NumberOfDay=3&NumberInDay=3&distributionId=EMD_MPUMuMyF9Sy9Q9n--
--new request: user_id=16&surveyId=SV_0pmq507d4TpBFXg&maillistId=CG_2xztx50wM7RUABm, result: SendTime=16:27&NumberOfDay=3&NumberInDay=4&distributionId=EMD_VpHBSlQdcxsOkcR--
--new request: user_id=16&surveyId=SV_0pmq507d4TpBFXg&maillistId=CG_2xztx50wM7RUABm, result: SendTime=20:57&NumberOfDay=3&NumberInDay=6&distributionId=EMD_eznVtkdm2xXrHBo--
--new request: user_id=16&surveyId=SV_0pmq507d4TpBFXg&maillistId=CG_2xztx50wM7RUABm, result: SendTime=10:18&NumberOfDay=4&NumberInDay=1&distributionId=EMD_KmdIWnSt4rZJQmk--
--new request: user_id=16&surveyId=SV_0pmq507d4TpBFXg&maillistId=CG_2xztx50wM7RUABm, result: SendTime=12:33&NumberOfDay=4&NumberInDay=2&distributionId=EMD_9CiobAr0UjkJ1W1--
--new request: user_id=16&surveyId=SV_0pmq507d4TpBFXg&maillistId=CG_2xztx50wM7RUABm, result: SendTime=17:51&NumberOfDay=4&NumberInDay=4&distributionId=EMD_4rN9dIFmoBFSd8Q--
--new request: user_id=16&surveyId=SV_0pmq507d4TpBFXg&maillistId=CG_2xztx50wM7RUABm, result: SendTime=11:15&NumberOfDay=5&NumberInDay=1&distributionId=EMD_IKfiiMa3r54xkQv--
--new request: user_id=16&surveyId=SV_0pmq507d4TpBFXg&maillistId=CG_2xztx50wM7RUABm, result: SendTime=13:27&NumberOfDay=5&NumberInDay=2&distributionId=EMD_Cs0PwjNJuK6DUWE--
--new request: user_id=16&surveyId=SV_0pmq507d4TpBFXg&maillistId=CG_2xztx50wM7RUABm, result: SendTime=15:55&NumberOfDay=5&NumberInDay=3&distributionId=EMD_vccWnksK24OAlG5--
--new request: user_id=16&surveyId=SV_0pmq507d4TpBFXg&maillistId=CG_2xztx50wM7RUABm, result: SendTime=18:13&NumberOfDay=5&NumberInDay=4&distributionId=EMD_nbTCC96Pb7Q7zWN--
--new request: user_id=16&surveyId=SV_0pmq507d4TpBFXg&maillistId=CG_2xztx50wM7RUABm, result: SendTime=20:30&NumberOfDay=5&NumberInDay=5&distributionId=EMD_qAaUfJrEqDdzTWL--
--new request: user_id=16&surveyId=SV_0pmq507d4TpBFXg&maillistId=CG_2xztx50wM7RUABm, result: SendTime=22:48&NumberOfDay=5&NumberInDay=6&distributionId=EMD_5SMQg8Bi4F3p2hT--
--new request: user_id=16&surveyId=SV_0pmq507d4TpBFXg&maillistId=CG_2xztx50wM7RUABm, result: SendTime=10:43&NumberOfDay=6&NumberInDay=1&distributionId=EMD_iCvzhpUT4Th3kw1--
--new request: user_id=16&surveyId=SV_0pmq507d4TpBFXg&maillistId=CG_2xztx50wM7RUABm, result: SendTime=13:03&NumberOfDay=6&NumberInDay=2&distributionId=EMD_XqIrCbjJFvQSphK--
--new request: user_id=16&surveyId=SV_0pmq507d4TpBFXg&maillistId=CG_2xztx50wM7RUABm, result: SendTime=15:19&NumberOfDay=6&NumberInDay=3&distributionId=EMD_GvQd98IC6aPa0ux--
--new request: user_id=16&surveyId=SV_0pmq507d4TpBFXg&maillistId=CG_2xztx50wM7RUABm, result: SendTime=17:26&NumberOfDay=6&NumberInDay=4&distributionId=EMD_ZX7oOQdP9BAleJi--
--new request: user_id=16&surveyId=SV_0pmq507d4TpBFXg&maillistId=CG_2xztx50wM7RUABm, result: SendTime=20:08&NumberOfDay=6&NumberInDay=5&distributionId=EMD_ocosRbW4huoE9Fn--
--new request: user_id=16&surveyId=SV_0pmq507d4TpBFXg&maillistId=CG_2xztx50wM7RUABm, result: SendTime=22:40&NumberOfDay=6&NumberInDay=6&distributionId=EMD_AlODHntmXxbKhZr--
--new request: user_id=16&surveyId=SV_0pmq507d4TpBFXg&maillistId=CG_2xztx50wM7RUABm, result: SendTime=11:07&NumberOfDay=7&NumberInDay=1&distributionId=EMD_rrLLHPbcJXE8Uau--
--new request: user_id=16&surveyId=SV_0pmq507d4TpBFXg&maillistId=CG_1jJuBUeZTJjdcFR, result: SendTime=11:49&NumberOfDay=1&NumberInDay=1&distributionId=EMD_eNrGHqxKNB0unjN--
--new request: user_id=16&surveyId=SV_0pmq507d4TpBFXg&maillistId=CG_2xztx50wM7RUABm, result: SendTime=13:24&NumberOfDay=7&NumberInDay=2&distributionId=EMD_yTQBOZtlqYHGCwR--
--new request: user_id=16&surveyId=SV_0pmq507d4TpBFXg&maillistId=CG_2xztx50wM7RUABm, result: SendTime=18:05&NumberOfDay=7&NumberInDay=4&distributionId=EMD_LCbUdJeD2LZbbBf--
--new request: user_id=16&surveyId=SV_0pmq507d4TpBFXg&maillistId=CG_1jJuBUeZTJjdcFR, result: SendTime=18:10&NumberOfDay=1&NumberInDay=4&distributionId=EMD_VXvZwI2j2PBkq7x--
--new request: user_id=16&surveyId=SV_0pmq507d4TpBFXg&maillistId=CG_1jJuBUeZTJjdcFR, result: SendTime=20:17&NumberOfDay=1&NumberInDay=5&distributionId=EMD_cISFV3YufnfPhUm--
--new request: user_id=16&surveyId=SV_0pmq507d4TpBFXg&maillistId=CG_2xztx50wM7RUABm, result: SendTime=22:50&NumberOfDay=7&NumberInDay=6&distributionId=EMD_mYSUEst9IPy496Z--
--new request: user_id=16&surveyId=SV_0pmq507d4TpBFXg&maillistId=CG_1jJuBUeZTJjdcFR, result: SendTime=09:49&NumberOfDay=2&NumberInDay=1&distributionId=EMD_8nWRuW3qIa0qPdQ--
--new request: user_id=16&surveyId=SV_0pmq507d4TpBFXg&maillistId=CG_2xztx50wM7RUABm, result: SendTime=09:54&NumberOfDay=8&NumberInDay=1&distributionId=EMD_PmtZlP7JHH3WqiN--
--new request: user_id=16&surveyId=SV_0pmq507d4TpBFXg&maillistId=CG_1jJuBUeZTJjdcFR, result: SendTime=11:56&NumberOfDay=2&NumberInDay=2&distributionId=EMD_R0J1VIDgwaxWJOn--
--new request: user_id=16&surveyId=SV_0pmq507d4TpBFXg&maillistId=CG_2xztx50wM7RUABm, result: SendTime=&NumberOfDay=1&NumberInDay=1&distributionId=--
--new request: user_id=16&surveyId=SV_0pmq507d4TpBFXg&maillistId=CG_1jJuBUeZTJjdcFR, result: SendTime=14:03&NumberOfDay=2&NumberInDay=3&distributionId=EMD_tRsIYMDPteTl5Ad--
--new request: user_id=16&surveyId=SV_0pmq507d4TpBFXg&maillistId=CG_1jJuBUeZTJjdcFR, result: SendTime=16:10&NumberOfDay=2&NumberInDay=4&distributionId=EMD_PhbqGS2JargdCVm--
--new request: user_id=16&surveyId=SV_0pmq507d4TpBFXg&maillistId=CG_1jJuBUeZTJjdcFR, result: SendTime=18:17&NumberOfDay=2&NumberInDay=5&distributionId=EMD_U7rKFeUUrz9KdqV--
--new request: user_id=16&surveyId=SV_0pmq507d4TpBFXg&maillistId=CG_1jJuBUeZTJjdcFR, result: SendTime=20:24&NumberOfDay=2&NumberInDay=6&distributionId=EMD_vSaIMu7OZWDNyhi--
--new request: user_id=16&surveyId=SV_0pmq507d4TpBFXg&maillistId=CG_1jJuBUeZTJjdcFR, result: SendTime=10:56&NumberOfDay=3&NumberInDay=1&distributionId=EMD_lyKH6fRiP0KI4WN--
--new request: user_id=16&surveyId=SV_0pmq507d4TpBFXg&maillistId=CG_1jJuBUeZTJjdcFR, result: SendTime=13:03&NumberOfDay=3&NumberInDay=2&distributionId=EMD_p4Tum6agVtHg5LC--
--new request: user_id=16&surveyId=SV_0pmq507d4TpBFXg&maillistId=CG_1jJuBUeZTJjdcFR, result: SendTime=17:17&NumberOfDay=3&NumberInDay=4&distributionId=EMD_6l0ryR1LyVmxvFI--
--new request: user_id=16&surveyId=SV_0pmq507d4TpBFXg&maillistId=CG_1jJuBUeZTJjdcFR, result: SendTime=21:31&NumberOfDay=3&NumberInDay=6&distributionId=EMD_yfEZgQt37AFuzXc--
--new request: user_id=16&surveyId=SV_0pmq507d4TpBFXg&maillistId=CG_1jJuBUeZTJjdcFR, result: SendTime=10:45&NumberOfDay=4&NumberInDay=1&distributionId=EMD_PcufcaaybdNH1c2--
--new request: user_id=16&surveyId=SV_0pmq507d4TpBFXg&maillistId=CG_1jJuBUeZTJjdcFR, result: SendTime=12:52&NumberOfDay=4&NumberInDay=2&distributionId=EMD_rjyrFLiH66Q1i04--
--new request: user_id=16&surveyId=SV_0pmq507d4TpBFXg&maillistId=CG_1jJuBUeZTJjdcFR, result: SendTime=14:59&NumberOfDay=4&NumberInDay=3&distributionId=EMD_HTHKbGy3DEGpMtA--
--new request: user_id=16&surveyId=SV_0pmq507d4TpBFXg&maillistId=CG_1jJuBUeZTJjdcFR, result: SendTime=17:06&NumberOfDay=4&NumberInDay=4&distributionId=EMD_zBvE60bgIOHPJe8--
--new request: user_id=16&surveyId=SV_0pmq507d4TpBFXg&maillistId=CG_1jJuBUeZTJjdcFR, result: SendTime=19:13&NumberOfDay=4&NumberInDay=5&distributionId=EMD_MynR5VGwEEZfFN6--
--new request: user_id=16&surveyId=SV_0pmq507d4TpBFXg&maillistId=CG_1jJuBUeZTJjdcFR, result: SendTime=21:20&NumberOfDay=4&NumberInDay=6&distributionId=EMD_wLbdqeqsJH5evkP--
--new request: user_id=16&surveyId=SV_0pmq507d4TpBFXg&maillistId=CG_1jJuBUeZTJjdcFR, result: SendTime=09:32&NumberOfDay=5&NumberInDay=1&distributionId=EMD_qEG1UIUHANgVN57--
--new request: user_id=16&surveyId=SV_0pmq507d4TpBFXg&maillistId=CG_1jJuBUeZTJjdcFR, result: SendTime=11:39&NumberOfDay=5&NumberInDay=2&distributionId=EMD_73MXHcClOCyM1Rj--
--new request: user_id=16&surveyId=SV_0pmq507d4TpBFXg&maillistId=CG_1jJuBUeZTJjdcFR, result: SendTime=13:46&NumberOfDay=5&NumberInDay=3&distributionId=EMD_IWvNITiyN4xLldE--
--new request: user_id=16&surveyId=SV_0pmq507d4TpBFXg&maillistId=CG_2To8rJLubOd6KOq, result: SendTime=17:15&NumberOfDay=1&NumberInDay=1&distributionId=EMD_rTpPyyM6iBHRngb--
--new request: user_id=16&surveyId=SV_0pmq507d4TpBFXg&maillistId=CG_1jJuBUeZTJjdcFR, result: SendTime=18:00&NumberOfDay=5&NumberInDay=5&distributionId=EMD_tOlASlF2e8b76TN--
--new request: user_id=16&surveyId=SV_0pmq507d4TpBFXg&maillistId=CG_2To8rJLubOd6KOq, result: SendTime=19:22&NumberOfDay=1&NumberInDay=2&distributionId=EMD_MYa3HkrMmCmW9pH--
--new request: user_id=16&surveyId=SV_0pmq507d4TpBFXg&maillistId=CG_1jJuBUeZTJjdcFR, result: SendTime=20:07&NumberOfDay=5&NumberInDay=6&distributionId=EMD_UlFoGxiZZ8n3LS8--
--new request: user_id=16&surveyId=SV_0pmq507d4TpBFXg&maillistId=CG_2To8rJLubOd6KOq, result: SendTime=21:29&NumberOfDay=1&NumberInDay=3&distributionId=EMD_UdNTpzicu6vlAk4--
--new request: user_id=16&surveyId=SV_0pmq507d4TpBFXg&maillistId=CG_2To8rJLubOd6KOq, result: SendTime=23:36&NumberOfDay=1&NumberInDay=4&distributionId=EMD_7TJpox4ylAth236--
--new request: user_id=16&surveyId=SV_0pmq507d4TpBFXg&maillistId=CG_2wNtMRp9Tpx3mu7, result: SendTime=01:19&NumberOfDay=1&NumberInDay=1&distributionId=EMD_iKYFYUWDYmLtCXy--
--new request: user_id=16&surveyId=SV_0pmq507d4TpBFXg&maillistId=CG_1jJuBUeZTJjdcFR, result: SendTime=09:48&NumberOfDay=6&NumberInDay=1&distributionId=EMD_1j1yx2lnFQWa7iw--
--new request: user_id=16&surveyId=SV_0pmq507d4TpBFXg&maillistId=CG_1jJuBUeZTJjdcFR, result: SendTime=11:55&NumberOfDay=6&NumberInDay=2&distributionId=EMD_FdKSGNjs6L1uf6W--
--new request: user_id=16&surveyId=SV_0pmq507d4TpBFXg&maillistId=CG_1jJuBUeZTJjdcFR, result: SendTime=14:02&NumberOfDay=6&NumberInDay=3&distributionId=EMD_pAAImjPce9yJh4a--
--new request: user_id=16&surveyId=SV_0pmq507d4TpBFXg&maillistId=CG_1jJuBUeZTJjdcFR, result: SendTime=18:16&NumberOfDay=6&NumberInDay=5&distributionId=EMD_JtWoa4YI2dtXiEa--
--new request: user_id=16&surveyId=SV_0pmq507d4TpBFXg&maillistId=CG_1jJuBUeZTJjdcFR, result: SendTime=20:23&NumberOfDay=6&NumberInDay=6&distributionId=EMD_8mrg63KxRj1pROq--
--new request: user_id=16&surveyId=SV_0pmq507d4TpBFXg&maillistId=CG_1jJuBUeZTJjdcFR, result: SendTime=09:37&NumberOfDay=7&NumberInDay=1&distributionId=EMD_nJXdUU5r7Bm0SR4--
--new request: user_id=16&surveyId=SV_0pmq507d4TpBFXg&maillistId=CG_1jJuBUeZTJjdcFR, result: SendTime=11:44&NumberOfDay=7&NumberInDay=2&distributionId=EMD_cHbUixg4YdtVRyS--
--new request: user_id=16&surveyId=SV_0pmq507d4TpBFXg&maillistId=CG_1jJuBUeZTJjdcFR, result: SendTime=13:51&NumberOfDay=7&NumberInDay=3&distributionId=EMD_XUJzTO0kUY3PXUa--
--new request: user_id=16&surveyId=SV_0pmq507d4TpBFXg&maillistId=CG_1jJuBUeZTJjdcFR, result: SendTime=09:38&NumberOfDay=8&NumberInDay=1&distributionId=EMD_RvuggCdZj1ZqO8X--
--new request: user_id=16&surveyId=SV_0pmq507d4TpBFXg&maillistId=CG_2zdx6IAh5ApvE7C, result: SendTime=14:17&NumberOfDay=1&NumberInDay=2&distributionId=EMD_imqkhczvM9Aemen--
--new request: user_id=16&surveyId=SV_0pmq507d4TpBFXg&maillistId=CG_2zdx6IAh5ApvE7C, result: SendTime=16:24&NumberOfDay=1&NumberInDay=3&distributionId=EMD_gTW6rQNVXE93OnU--
--new request: user_id=16&surveyId=SV_0pmq507d4TpBFXg&maillistId=CG_2zdx6IAh5ApvE7C, result: SendTime=20:38&NumberOfDay=1&NumberInDay=5&distributionId=EMD_Fd4U1h733mq0lAr--
--new request: user_id=16&surveyId=SV_0pmq507d4TpBFXg&maillistId=CG_2zdx6IAh5ApvE7C, result: SendTime=10:08&NumberOfDay=2&NumberInDay=1&distributionId=EMD_o8f7XQNV7IrwqlF--
--new request: user_id=16&surveyId=SV_0pmq507d4TpBFXg&maillistId=CG_2zdx6IAh5ApvE7C, result: SendTime=12:15&NumberOfDay=2&NumberInDay=2&distributionId=EMD_bsPQsWhjtLNEFBu--
--new request: user_id=16&surveyId=SV_0pmq507d4TpBFXg&maillistId=CG_268DL3NKa1A5jnb, result: SendTime=15:29&NumberOfDay=1&NumberInDay=2&distributionId=EMD_2n2KzOLE6oskAVD--
--new request: user_id=16&surveyId=SV_0pmq507d4TpBFXg&maillistId=CG_2zdx6IAh5ApvE7C, result: SendTime=16:29&NumberOfDay=2&NumberInDay=4&distributionId=EMD_CP6ygZCpFnaZK7m--
--new request: user_id=16&surveyId=SV_0pmq507d4TpBFXg&maillistId=CG_268DL3NKa1A5jnb, result: SendTime=17:36&NumberOfDay=1&NumberInDay=3&distributionId=EMD_IF01MjzbbQZxaa9--
--new request: user_id=16&surveyId=SV_0pmq507d4TpBFXg&maillistId=CG_2zdx6IAh5ApvE7C, result: SendTime=18:36&NumberOfDay=2&NumberInDay=5&distributionId=EMD_cXDOX3qXIgEx9aN--
--new request: user_id=16&surveyId=SV_0pmq507d4TpBFXg&maillistId=CG_2zdx6IAh5ApvE7C, result: SendTime=20:43&NumberOfDay=2&NumberInDay=6&distributionId=EMD_Pqq5kzUt6jyKGJR--
--new request: user_id=16&surveyId=SV_0pmq507d4TpBFXg&maillistId=CG_2zdx6IAh5ApvE7C, result: SendTime=10:10&NumberOfDay=3&NumberInDay=1&distributionId=EMD_CEc4YNLe925Ibqv--
--new request: user_id=16&surveyId=SV_0pmq507d4TpBFXg&maillistId=CG_2zdx6IAh5ApvE7C, result: SendTime=12:17&NumberOfDay=3&NumberInDay=2&distributionId=EMD_wYWUshfD7hdAR3H--
--new request: user_id=16&surveyId=SV_0pmq507d4TpBFXg&maillistId=CG_268DL3NKa1A5jnb, result: SendTime=13:14&NumberOfDay=2&NumberInDay=2&distributionId=EMD_T1VQrXGqTfbnV2r--
--new request: user_id=16&surveyId=SV_0pmq507d4TpBFXg&maillistId=CG_268DL3NKa1A5jnb, result: SendTime=15:21&NumberOfDay=2&NumberInDay=3&distributionId=EMD_iprcK1muqg08ENj--
--new request: user_id=16&surveyId=SV_0pmq507d4TpBFXg&maillistId=CG_268DL3NKa1A5jnb, result: SendTime=17:28&NumberOfDay=2&NumberInDay=4&distributionId=EMD_KppN0TBmfu8FhUT--
--new request: user_id=16&surveyId=SV_0pmq507d4TpBFXg&maillistId=CG_2zdx6IAh5ApvE7C, result: SendTime=18:38&NumberOfDay=3&NumberInDay=5&distributionId=EMD_WwMVAVlnHrCtcaO--
--new request: user_id=16&surveyId=SV_0pmq507d4TpBFXg&maillistId=CG_268DL3NKa1A5jnb, result: SendTime=19:35&NumberOfDay=2&NumberInDay=5&distributionId=EMD_b67FEovflF6a8A8--
--new request: user_id=16&surveyId=SV_0pmq507d4TpBFXg&maillistId=CG_268DL3NKa1A5jnb, result: SendTime=21:42&NumberOfDay=2&NumberInDay=6&distributionId=EMD_mALXjmc926haH2G--
--new request: user_id=16&surveyId=SV_0pmq507d4TpBFXg&maillistId=CG_2zdx6IAh5ApvE7C, result: SendTime=10:01&NumberOfDay=4&NumberInDay=1&distributionId=EMD_nZ8vQcEeEAPHDL5--
--new request: user_id=16&surveyId=SV_0pmq507d4TpBFXg&maillistId=CG_268DL3NKa1A5jnb, result: SendTime=11:00&NumberOfDay=3&NumberInDay=1&distributionId=EMD_nPcFXrFoYzrJDCD--
--new request: user_id=16&surveyId=SV_0pmq507d4TpBFXg&maillistId=CG_2zdx6IAh5ApvE7C, result: SendTime=12:08&NumberOfDay=4&NumberInDay=2&distributionId=EMD_AfseqiLlGlDo61n--
--new request: user_id=16&surveyId=SV_0pmq507d4TpBFXg&maillistId=CG_268DL3NKa1A5jnb, result: SendTime=13:07&NumberOfDay=3&NumberInDay=2&distributionId=EMD_0Fx3oW8ya12sJKB--
--new request: user_id=16&surveyId=SV_0pmq507d4TpBFXg&maillistId=CG_2zdx6IAh5ApvE7C, result: SendTime=14:15&NumberOfDay=4&NumberInDay=3&distributionId=EMD_hFZ6EtFT4OsXYnj--
--new request: user_id=16&surveyId=SV_0pmq507d4TpBFXg&maillistId=CG_268DL3NKa1A5jnb, result: SendTime=15:14&NumberOfDay=3&NumberInDay=3&distributionId=EMD_XTcyVMfltdLVItW--
--new request: user_id=16&surveyId=SV_0pmq507d4TpBFXg&maillistId=CG_2zdx6IAh5ApvE7C, result: SendTime=16:22&NumberOfDay=4&NumberInDay=4&distributionId=EMD_TJSwd0kC7tDAQZn--
--new request: user_id=16&surveyId=SV_0pmq507d4TpBFXg&maillistId=CG_268DL3NKa1A5jnb, result: SendTime=19:28&NumberOfDay=3&NumberInDay=5&distributionId=EMD_ZdWolJyOpwPOQpu--
--new request: user_id=16&surveyId=SV_0pmq507d4TpBFXg&maillistId=CG_2zdx6IAh5ApvE7C, result: SendTime=20:36&NumberOfDay=4&NumberInDay=6&distributionId=EMD_I8tOpJS0IHhHBQY--
--new request: user_id=16&surveyId=SV_0pmq507d4TpBFXg&maillistId=CG_268DL3NKa1A5jnb, result: SendTime=21:35&NumberOfDay=3&NumberInDay=6&distributionId=EMD_bdU2DfMq44bdY6M--
--new request: user_id=16&surveyId=SV_0pmq507d4TpBFXg&maillistId=CG_2zdx6IAh5ApvE7C, result: SendTime=10:15&NumberOfDay=5&NumberInDay=1&distributionId=EMD_ZlbutAYgDCxTkfS--
--new request: user_id=16&surveyId=SV_0pmq507d4TpBFXg&maillistId=CG_268DL3NKa1A5jnb, result: SendTime=11:08&NumberOfDay=4&NumberInDay=1&distributionId=EMD_xoTp2Cg3R0QZ2zz--
--new request: user_id=16&surveyId=SV_0pmq507d4TpBFXg&maillistId=CG_268DL3NKa1A5jnb, result: SendTime=13:15&NumberOfDay=4&NumberInDay=2&distributionId=EMD_myhYfaZ9X0DY0jN--
--new request: user_id=16&surveyId=SV_0pmq507d4TpBFXg&maillistId=CG_2zdx6IAh5ApvE7C, result: SendTime=14:29&NumberOfDay=5&NumberInDay=3&distributionId=EMD_aVy0590rxdlSpvK--
--new request: user_id=16&surveyId=SV_0pmq507d4TpBFXg&maillistId=CG_268DL3NKa1A5jnb, result: SendTime=15:22&NumberOfDay=4&NumberInDay=3&distributionId=EMD_900te02fttYCbYV--
--new request: user_id=16&surveyId=SV_0pmq507d4TpBFXg&maillistId=CG_268DL3NKa1A5jnb, result: SendTime=17:29&NumberOfDay=4&NumberInDay=4&distributionId=EMD_v0GCFzCP1OKubRM--
--new request: user_id=16&surveyId=SV_0pmq507d4TpBFXg&maillistId=CG_2zdx6IAh5ApvE7C, result: SendTime=18:43&NumberOfDay=5&NumberInDay=5&distributionId=EMD_zAsXCagbKuGIlLb--
--new request: user_id=16&surveyId=SV_0pmq507d4TpBFXg&maillistId=CG_2zdx6IAh5ApvE7C, result: SendTime=20:50&NumberOfDay=5&NumberInDay=6&distributionId=EMD_ru6Y9uPwmY4aoZ6--
--new request: user_id=16&surveyId=SV_0pmq507d4TpBFXg&maillistId=CG_268DL3NKa1A5jnb, result: SendTime=21:43&NumberOfDay=4&NumberInDay=6&distributionId=EMD_8H5EWHKrzJRTMHw--
--new request: user_id=16&surveyId=SV_0pmq507d4TpBFXg&maillistId=CG_2zdx6IAh5ApvE7C, result: SendTime=10:02&NumberOfDay=6&NumberInDay=1&distributionId=EMD_6sk9wqOXV8SCFwJ--
--new request: user_id=16&surveyId=SV_0pmq507d4TpBFXg&maillistId=CG_2zdx6IAh5ApvE7C, result: SendTime=12:09&NumberOfDay=6&NumberInDay=2&distributionId=EMD_mmix9tynPYoZAyI--
--new request: user_id=16&surveyId=SV_0pmq507d4TpBFXg&maillistId=CG_2zdx6IAh5ApvE7C, result: SendTime=16:23&NumberOfDay=6&NumberInDay=4&distributionId=EMD_JXO53aeUFlPSX5r--
--new request: user_id=16&surveyId=SV_0pmq507d4TpBFXg&maillistId=CG_2zdx6IAh5ApvE7C, result: SendTime=18:30&NumberOfDay=6&NumberInDay=5&distributionId=EMD_kbPWLF8u8mE9qzd--
--new request: user_id=16&surveyId=SV_0pmq507d4TpBFXg&maillistId=CG_2zdx6IAh5ApvE7C, result: SendTime=20:37&NumberOfDay=6&NumberInDay=6&distributionId=EMD_wW7BJddcwCLlHNE--
--new request: user_id=16&surveyId=SV_0pmq507d4TpBFXg&maillistId=CG_2zdx6IAh5ApvE7C, result: SendTime=10:16&NumberOfDay=7&NumberInDay=1&distributionId=EMD_fYiTvRb57t8Xj6h--
--new request: user_id=16&surveyId=SV_0pmq507d4TpBFXg&maillistId=CG_2zdx6IAh5ApvE7C, result: SendTime=14:30&NumberOfDay=7&NumberInDay=3&distributionId=EMD_XdbUjbs47dyfeER--
--new request: user_id=16&surveyId=SV_0pmq507d4TpBFXg&maillistId=CG_2zdx6IAh5ApvE7C, result: SendTime=20:51&NumberOfDay=7&NumberInDay=6&distributionId=EMD_K3uWOM7YvGbORQe--
--new request: user_id=16&surveyId=SV_0pmq507d4TpBFXg&maillistId=CG_2zdx6IAh5ApvE7C, result: SendTime=10:23&NumberOfDay=8&NumberInDay=1&distributionId=EMD_CtkMymO92IK7hRe--
--new request: user_id=16&surveyId=SV_0pmq507d4TpBFXg&maillistId=CG_2zdx6IAh5ApvE7C, result: SendTime=12:30&NumberOfDay=8&NumberInDay=2&distributionId=EMD_YHC95UjKGccAP7J--
--new request: user_id=16&surveyId=SV_0pmq507d4TpBFXg&maillistId=CG_2zdx6IAh5ApvE7C, result: SendTime=14:37&NumberOfDay=8&NumberInDay=3&distributionId=EMD_snD6204gKnr6UDf--
--new request: user_id=16&surveyId=SV_0pmq507d4TpBFXg&maillistId=CG_2zdx6IAh5ApvE7C, result: SendTime=16:44&NumberOfDay=8&NumberInDay=4&distributionId=EMD_0GGH9EymWQqcbT2--
--new request: user_id=16&surveyId=SV_0pmq507d4TpBFXg&maillistId=CG_2zdx6IAh5ApvE7C, result: SendTime=18:51&NumberOfDay=8&NumberInDay=5&distributionId=EMD_fMNtJpmg5jejbRB--
--new request: user_id=16&surveyId=SV_0pmq507d4TpBFXg&maillistId=CG_2zdx6IAh5ApvE7C, result: SendTime=20:58&NumberOfDay=8&NumberInDay=6&distributionId=EMD_CMhuF1BkyUuNIwx--
--new request: user_id=16&surveyId=SV_0pmq507d4TpBFXg&maillistId=CG_pzmeVMvW3itiSRj, result: SendTime=18:29&NumberOfDay=1&NumberInDay=3&distributionId=EMD_UCNoDGx59pWhinN--
--new request: user_id=16&surveyId=SV_0pmq507d4TpBFXg&maillistId=CG_pzmeVMvW3itiSRj, result: SendTime=10:20&NumberOfDay=2&NumberInDay=1&distributionId=EMD_E9RLkCtm0o1Ft8y--
--new request: user_id=16&surveyId=SV_0pmq507d4TpBFXg&maillistId=CG_pzmeVMvW3itiSRj, result: SendTime=12:27&NumberOfDay=2&NumberInDay=2&distributionId=EMD_CXd7js5mPmkQfyo--
--new request: user_id=16&surveyId=SV_0pmq507d4TpBFXg&maillistId=CG_pzmeVMvW3itiSRj, result: SendTime=14:34&NumberOfDay=2&NumberInDay=3&distributionId=EMD_d9b5RE6tpZeM8bR--
--new request: user_id=16&surveyId=SV_0pmq507d4TpBFXg&maillistId=CG_pzmeVMvW3itiSRj, result: SendTime=12:25&NumberOfDay=3&NumberInDay=2&distributionId=EMD_53G5BTkLwE8bTvR--
--new request: user_id=16&surveyId=SV_0pmq507d4TpBFXg&maillistId=CG_pzmeVMvW3itiSRj, result: SendTime=14:32&NumberOfDay=3&NumberInDay=3&distributionId=EMD_Kqtk8wVxKS0Vwuf--
--new request: user_id=16&surveyId=SV_0pmq507d4TpBFXg&maillistId=CG_pzmeVMvW3itiSRj, result: SendTime=10:02&NumberOfDay=4&NumberInDay=1&distributionId=EMD_OB35xX46CSaN2t1--
--new request: user_id=16&surveyId=SV_0pmq507d4TpBFXg&maillistId=CG_1d5pj9RhYtpbYuB, result: SendTime=12:28&NumberOfDay=1&NumberInDay=2&distributionId=EMD_xP3DsyuBeI9OHBQ--
--new request: user_id=16&surveyId=SV_0pmq507d4TpBFXg&maillistId=CG_1d5pj9RhYtpbYuB, result: SendTime=16:42&NumberOfDay=1&NumberInDay=4&distributionId=EMD_5RO6tQwJKexTMWh--
--new request: user_id=16&surveyId=SV_0pmq507d4TpBFXg&maillistId=CG_1d5pj9RhYtpbYuB, result: SendTime=18:49&NumberOfDay=1&NumberInDay=5&distributionId=EMD_CXhYSEMmnIZSsUE--
--new request: user_id=16&surveyId=SV_0pmq507d4TpBFXg&maillistId=CG_1d5pj9RhYtpbYuB, result: SendTime=08:17&NumberOfDay=2&NumberInDay=1&distributionId=EMD_Ee5vU0gi3tsnV4w--
--new request: user_id=16&surveyId=SV_0pmq507d4TpBFXg&maillistId=CG_1d5pj9RhYtpbYuB, result: SendTime=10:24&NumberOfDay=2&NumberInDay=2&distributionId=EMD_TPFxrPEggwEjWCQ--
--new request: user_id=16&surveyId=SV_0pmq507d4TpBFXg&maillistId=CG_1d5pj9RhYtpbYuB, result: SendTime=12:31&NumberOfDay=2&NumberInDay=3&distributionId=EMD_KbK1mLMKVDqu6F0--
--new request: user_id=16&surveyId=SV_0pmq507d4TpBFXg&maillistId=CG_1d5pj9RhYtpbYuB, result: SendTime=14:38&NumberOfDay=2&NumberInDay=4&distributionId=EMD_Hp0PMpxBsng8Wda--
--new request: user_id=16&surveyId=SV_0pmq507d4TpBFXg&maillistId=CG_1d5pj9RhYtpbYuB, result: SendTime=16:45&NumberOfDay=2&NumberInDay=5&distributionId=EMD_tKiMFu1Zpiv0lzN--
--new request: user_id=16&surveyId=SV_0pmq507d4TpBFXg&maillistId=CG_1d5pj9RhYtpbYuB, result: SendTime=18:52&NumberOfDay=2&NumberInDay=6&distributionId=EMD_sRyv1BY1C4fJBoA--
--new request: user_id=16&surveyId=SV_0pmq507d4TpBFXg&maillistId=CG_1d5pj9RhYtpbYuB, result: SendTime=08:24&NumberOfDay=3&NumberInDay=1&distributionId=EMD_3OfybzTraD6v09A--
--new request: user_id=16&surveyId=SV_0pmq507d4TpBFXg&maillistId=CG_1d5pj9RhYtpbYuB, result: SendTime=10:31&NumberOfDay=3&NumberInDay=2&distributionId=EMD_D9eB6uXwHlqsgdi--
--new request: user_id=16&surveyId=SV_0pmq507d4TpBFXg&maillistId=CG_1d5pj9RhYtpbYuB, result: SendTime=12:38&NumberOfDay=3&NumberInDay=3&distributionId=EMD_nXp1QkKwXTfZWzC--
--new request: user_id=16&surveyId=SV_0pmq507d4TpBFXg&maillistId=CG_1d5pj9RhYtpbYuB, result: SendTime=14:45&NumberOfDay=3&NumberInDay=4&distributionId=EMD_cPsJ660yTTwvNOX--
--new request: user_id=16&surveyId=SV_0pmq507d4TpBFXg&maillistId=CG_1d5pj9RhYtpbYuB, result: SendTime=16:52&NumberOfDay=3&NumberInDay=5&distributionId=EMD_p4POu1JPNfkiLA4--
--new request: user_id=16&surveyId=SV_0pmq507d4TpBFXg&maillistId=CG_1d5pj9RhYtpbYuB, result: SendTime=18:59&NumberOfDay=3&NumberInDay=6&distributionId=EMD_aM4F2xIUMuFVI6E--
--new request: user_id=16&surveyId=SV_0pmq507d4TpBFXg&maillistId=CG_1d5pj9RhYtpbYuB, result: SendTime=08:03&NumberOfDay=4&NumberInDay=1&distributionId=EMD_LW0GiUEpwKgQs17--
--new request: user_id=16&surveyId=SV_0pmq507d4TpBFXg&maillistId=CG_1d5pj9RhYtpbYuB, result: SendTime=10:10&NumberOfDay=4&NumberInDay=2&distributionId=EMD_hND1y2VJE4cEmxp--
--new request: user_id=16&surveyId=SV_0pmq507d4TpBFXg&maillistId=CG_1d5pj9RhYtpbYuB, result: SendTime=12:17&NumberOfDay=4&NumberInDay=3&distributionId=EMD_EIpfy0Gg5Owwpq2--
--new request: user_id=16&surveyId=SV_0pmq507d4TpBFXg&maillistId=CG_1d5pj9RhYtpbYuB, result: SendTime=14:24&NumberOfDay=4&NumberInDay=4&distributionId=EMD_KEbolSQbSL2mpQ6--
--new request: user_id=16&surveyId=SV_0pmq507d4TpBFXg&maillistId=CG_3n6PmLLSR2Ze7SU, result: SendTime=15:21&NumberOfDay=1&NumberInDay=2&distributionId=EMD_Y2cRSVt1vrlsRFg--
--new request: user_id=16&surveyId=SV_0pmq507d4TpBFXg&maillistId=CG_1d5pj9RhYtpbYuB, result: SendTime=16:31&NumberOfDay=4&NumberInDay=5&distributionId=EMD_X1Kr8h3kJsfk3rv--
--new request: user_id=16&surveyId=SV_0pmq507d4TpBFXg&maillistId=CG_3n6PmLLSR2Ze7SU, result: SendTime=17:28&NumberOfDay=1&NumberInDay=3&distributionId=EMD_KoQhLPBkeKB2R6B--
--new request: user_id=16&surveyId=SV_0pmq507d4TpBFXg&maillistId=CG_1d5pj9RhYtpbYuB, result: SendTime=18:38&NumberOfDay=4&NumberInDay=6&distributionId=EMD_ZCpaVNrxl26hi56--
--new request: user_id=16&surveyId=SV_0pmq507d4TpBFXg&maillistId=CG_3n6PmLLSR2Ze7SU, result: SendTime=19:35&NumberOfDay=1&NumberInDay=4&distributionId=EMD_BpRmxrwXQIxEjgz--
--new request: user_id=16&surveyId=SV_0pmq507d4TpBFXg&maillistId=CG_1d5pj9RhYtpbYuB, result: SendTime=08:19&NumberOfDay=5&NumberInDay=1&distributionId=EMD_cVTVipWPjatK9C0--
--new request: user_id=16&surveyId=SV_0pmq507d4TpBFXg&maillistId=CG_3n6PmLLSR2Ze7SU, result: SendTime=09:08&NumberOfDay=2&NumberInDay=1&distributionId=EMD_o45QXLSARCVsIMV--
--new request: user_id=16&surveyId=SV_0pmq507d4TpBFXg&maillistId=CG_3n6PmLLSR2Ze7SU, result: SendTime=11:15&NumberOfDay=2&NumberInDay=2&distributionId=EMD_w4tdqPXMqd6434A--
--new request: user_id=16&surveyId=SV_0pmq507d4TpBFXg&maillistId=CG_1d5pj9RhYtpbYuB, result: SendTime=12:33&NumberOfDay=5&NumberInDay=3&distributionId=EMD_H9CMeRo4Q54y0FE--
--new request: user_id=16&surveyId=SV_0pmq507d4TpBFXg&maillistId=CG_3n6PmLLSR2Ze7SU, result: SendTime=13:22&NumberOfDay=2&NumberInDay=3&distributionId=EMD_AWa8DYTKlkVBnwD--
--new request: user_id=16&surveyId=SV_0pmq507d4TpBFXg&maillistId=CG_1d5pj9RhYtpbYuB, result: SendTime=14:40&NumberOfDay=5&NumberInDay=4&distributionId=EMD_hLT2y6NThqk0NKf--
--new request: user_id=16&surveyId=SV_0pmq507d4TpBFXg&maillistId=CG_3n6PmLLSR2Ze7SU, result: SendTime=15:29&NumberOfDay=2&NumberInDay=4&distributionId=EMD_DARbiGtjdqznX6u--
--new request: user_id=16&surveyId=SV_0pmq507d4TpBFXg&maillistId=CG_1d5pj9RhYtpbYuB, result: SendTime=16:47&NumberOfDay=5&NumberInDay=5&distributionId=EMD_mJl9Kym17xMss23--
--new request: user_id=16&surveyId=SV_0pmq507d4TpBFXg&maillistId=CG_3n6PmLLSR2Ze7SU, result: SendTime=17:36&NumberOfDay=2&NumberInDay=5&distributionId=EMD_lbovsQBjHOkN4H5--
--new request: user_id=16&surveyId=SV_0pmq507d4TpBFXg&maillistId=CG_1d5pj9RhYtpbYuB, result: SendTime=18:54&NumberOfDay=5&NumberInDay=6&distributionId=EMD_LJeFMg7D03TNV2P--
--new request: user_id=16&surveyId=SV_0pmq507d4TpBFXg&maillistId=CG_3n6PmLLSR2Ze7SU, result: SendTime=19:43&NumberOfDay=2&NumberInDay=6&distributionId=EMD_EwbROvYnipEhpdk--
--new request: user_id=16&surveyId=SV_0pmq507d4TpBFXg&maillistId=CG_1d5pj9RhYtpbYuB, result: SendTime=08:04&NumberOfDay=6&NumberInDay=1&distributionId=EMD_mqoyuiQMh16KYYn--
--new request: user_id=16&surveyId=SV_0pmq507d4TpBFXg&maillistId=CG_3n6PmLLSR2Ze7SU, result: SendTime=09:10&NumberOfDay=3&NumberInDay=1&distributionId=EMD_hRDOUyoTwBZWNt8--
--new request: user_id=16&surveyId=SV_0pmq507d4TpBFXg&maillistId=CG_1d5pj9RhYtpbYuB, result: SendTime=10:11&NumberOfDay=6&NumberInDay=2&distributionId=EMD_eGJxzTxF081xHva--
--new request: user_id=16&surveyId=SV_0pmq507d4TpBFXg&maillistId=CG_3n6PmLLSR2Ze7SU, result: SendTime=11:17&NumberOfDay=3&NumberInDay=2&distributionId=EMD_FQqSeJVzpLexw08--
--new request: user_id=16&surveyId=SV_0pmq507d4TpBFXg&maillistId=CG_1d5pj9RhYtpbYuB, result: SendTime=12:18&NumberOfDay=6&NumberInDay=3&distributionId=EMD_8dYRhvwXejVYhXN--
--new request: user_id=16&surveyId=SV_0pmq507d4TpBFXg&maillistId=CG_3n6PmLLSR2Ze7SU, result: SendTime=13:24&NumberOfDay=3&NumberInDay=3&distributionId=EMD_vJWX16AbjAxHXmH--
--new request: user_id=16&surveyId=SV_0pmq507d4TpBFXg&maillistId=CG_1d5pj9RhYtpbYuB, result: SendTime=14:25&NumberOfDay=6&NumberInDay=4&distributionId=EMD_x2MVEHUxmnU5Wp4--
--new request: user_id=16&surveyId=SV_0pmq507d4TpBFXg&maillistId=CG_3n6PmLLSR2Ze7SU, result: SendTime=15:31&NumberOfDay=3&NumberInDay=4&distributionId=EMD_HV7l3uprhiKowmM--
--new request: user_id=16&surveyId=SV_0pmq507d4TpBFXg&maillistId=CG_1d5pj9RhYtpbYuB, result: SendTime=16:32&NumberOfDay=6&NumberInDay=5&distributionId=EMD_ZDomhJA1i0FJib0--
--new request: user_id=16&surveyId=SV_0pmq507d4TpBFXg&maillistId=CG_1d5pj9RhYtpbYuB, result: SendTime=16:32&NumberOfDay=6&NumberInDay=5&distributionId=EMD_ZDomhJA1i0FJib0--
--new request: user_id=16&surveyId=SV_0pmq507d4TpBFXg&maillistId=CG_3n6PmLLSR2Ze7SU, result: SendTime=17:38&NumberOfDay=3&NumberInDay=5&distributionId=EMD_uJEAYSnk49QwVW0--
--new request: user_id=16&surveyId=SV_0pmq507d4TpBFXg&maillistId=CG_1d5pj9RhYtpbYuB, result: SendTime=18:39&NumberOfDay=6&NumberInDay=6&distributionId=EMD_KPGKcNd1wNxAOXI--
--new request: user_id=16&surveyId=SV_0pmq507d4TpBFXg&maillistId=CG_3n6PmLLSR2Ze7SU, result: SendTime=19:45&NumberOfDay=3&NumberInDay=6&distributionId=EMD_hFhY4ptHEK800bQ--
--new request: user_id=16&surveyId=SV_0pmq507d4TpBFXg&maillistId=CG_1d5pj9RhYtpbYuB, result: SendTime=08:07&NumberOfDay=7&NumberInDay=1&distributionId=EMD_7zCDUMOsAXOMJne--
--new request: user_id=16&surveyId=SV_0pmq507d4TpBFXg&maillistId=CG_3n6PmLLSR2Ze7SU, result: SendTime=09:02&NumberOfDay=4&NumberInDay=1&distributionId=EMD_UaseI6TPytHRLCL--
--new request: user_id=16&surveyId=SV_0pmq507d4TpBFXg&maillistId=CG_1d5pj9RhYtpbYuB, result: SendTime=10:14&NumberOfDay=7&NumberInDay=2&distributionId=EMD_tS1sUwGNoRQb5Jp--
--new request: user_id=16&surveyId=SV_0pmq507d4TpBFXg&maillistId=CG_1CyCQss0a8fidZE, result: SendTime=10:17&NumberOfDay=1&NumberInDay=2&distributionId=EMD_9kSg29Y7BXRDqls--
--new request: user_id=16&surveyId=SV_0pmq507d4TpBFXg&maillistId=CG_3n6PmLLSR2Ze7SU, result: SendTime=11:09&NumberOfDay=4&NumberInDay=2&distributionId=EMD_Su57kLZT3DF6GcS--
--new request: user_id=16&surveyId=SV_0pmq507d4TpBFXg&maillistId=CG_1d5pj9RhYtpbYuB, result: SendTime=12:21&NumberOfDay=7&NumberInDay=3&distributionId=EMD_EqApLgoi1A4g0s5--
--new request: user_id=16&surveyId=SV_0pmq507d4TpBFXg&maillistId=CG_3n6PmLLSR2Ze7SU, result: SendTime=13:16&NumberOfDay=4&NumberInDay=3&distributionId=EMD_sqnEEoVNbcM8C3v--
--new request: user_id=16&surveyId=SV_0pmq507d4TpBFXg&maillistId=CG_1d5pj9RhYtpbYuB, result: SendTime=14:28&NumberOfDay=7&NumberInDay=4&distributionId=EMD_Gto7RxmMTPHdlze--
--new request: user_id=16&surveyId=SV_0pmq507d4TpBFXg&maillistId=CG_1CyCQss0a8fidZE, result: SendTime=14:31&NumberOfDay=1&NumberInDay=4&distributionId=EMD_AzYRSVrmrSgsrkN--
--new request: user_id=16&surveyId=SV_0pmq507d4TpBFXg&maillistId=CG_3n6PmLLSR2Ze7SU, result: SendTime=15:23&NumberOfDay=4&NumberInDay=4&distributionId=EMD_dXRVUEy1kvtpxKQ--
--new request: user_id=16&surveyId=SV_0pmq507d4TpBFXg&maillistId=CG_1d5pj9RhYtpbYuB, result: SendTime=16:35&NumberOfDay=7&NumberInDay=5&distributionId=EMD_sCLnD208WrAOfy4--
--new request: user_id=16&surveyId=SV_0pmq507d4TpBFXg&maillistId=CG_1CyCQss0a8fidZE, result: SendTime=16:38&NumberOfDay=1&NumberInDay=5&distributionId=EMD_kr1spUIkRYDeUBd--
--new request: user_id=16&surveyId=SV_0pmq507d4TpBFXg&maillistId=CG_3n6PmLLSR2Ze7SU, result: SendTime=17:30&NumberOfDay=4&NumberInDay=5&distributionId=EMD_WsBSGa5UwURRja1--
--new request: user_id=16&surveyId=SV_0pmq507d4TpBFXg&maillistId=CG_1d5pj9RhYtpbYuB, result: SendTime=18:42&NumberOfDay=7&NumberInDay=6&distributionId=EMD_N0UPVnGNvxK6ZDr--
--new request: user_id=16&surveyId=SV_0pmq507d4TpBFXg&maillistId=CG_1CyCQss0a8fidZE, result: SendTime=18:45&NumberOfDay=1&NumberInDay=6&distributionId=EMD_Q5etGsnZYxvsnZS--
--new request: user_id=16&surveyId=SV_0pmq507d4TpBFXg&maillistId=CG_3n6PmLLSR2Ze7SU, result: SendTime=19:37&NumberOfDay=4&NumberInDay=6&distributionId=EMD_CtvkwYGF7Os7LFq--
--new request: user_id=16&surveyId=SV_0pmq507d4TpBFXg&maillistId=CG_1CyCQss0a8fidZE, result: SendTime=08:01&NumberOfDay=2&NumberInDay=1&distributionId=EMD_pCZm3ZNoi0o7Lnv--
--new request: user_id=16&surveyId=SV_0pmq507d4TpBFXg&maillistId=CG_1d5pj9RhYtpbYuB, result: SendTime=08:11&NumberOfDay=8&NumberInDay=1&distributionId=EMD_O6zJiKuaWR46k0c--
--new request: user_id=16&surveyId=SV_0pmq507d4TpBFXg&maillistId=CG_3n6PmLLSR2Ze7SU, result: SendTime=09:05&NumberOfDay=5&NumberInDay=1&distributionId=EMD_LRAxdwPGzrs9S1e--
--new request: user_id=16&surveyId=SV_0pmq507d4TpBFXg&maillistId=CG_1CyCQss0a8fidZE, result: SendTime=10:08&NumberOfDay=2&NumberInDay=2&distributionId=EMD_TZhMrco6rnDVXPu--
--new request: user_id=16&surveyId=SV_0pmq507d4TpBFXg&maillistId=CG_3n6PmLLSR2Ze7SU, result: SendTime=11:12&NumberOfDay=5&NumberInDay=2&distributionId=EMD_qVD0PN6DZ46kpAG--
--new request: user_id=16&surveyId=SV_0pmq507d4TpBFXg&maillistId=CG_1CyCQss0a8fidZE, result: SendTime=12:15&NumberOfDay=2&NumberInDay=3&distributionId=EMD_UOWembmTQBTrVhu--
--new request: user_id=16&surveyId=SV_0pmq507d4TpBFXg&maillistId=CG_3n6PmLLSR2Ze7SU, result: SendTime=13:19&NumberOfDay=5&NumberInDay=3&distributionId=EMD_2e6rmR8m7cmS6tN--
--new request: user_id=16&surveyId=SV_0pmq507d4TpBFXg&maillistId=CG_1CyCQss0a8fidZE, result: SendTime=14:22&NumberOfDay=2&NumberInDay=4&distributionId=EMD_O0xcSROqq6dRI4x--
--new request: user_id=16&surveyId=SV_0pmq507d4TpBFXg&maillistId=CG_3n6PmLLSR2Ze7SU, result: SendTime=15:26&NumberOfDay=5&NumberInDay=4&distributionId=EMD_gO4wqzci0GnAA35--
--new request: user_id=16&surveyId=SV_0pmq507d4TpBFXg&maillistId=CG_1CyCQss0a8fidZE, result: SendTime=16:29&NumberOfDay=2&NumberInDay=5&distributionId=EMD_2nrQQqr4N62JFPa--
--new request: user_id=16&surveyId=SV_0pmq507d4TpBFXg&maillistId=CG_3n6PmLLSR2Ze7SU, result: SendTime=17:33&NumberOfDay=5&NumberInDay=5&distributionId=EMD_U9wBiKrbtsJ4Utq--
--new request: user_id=16&surveyId=SV_0pmq507d4TpBFXg&maillistId=CG_3n6PmLLSR2Ze7SU, result: SendTime=19:40&NumberOfDay=5&NumberInDay=6&distributionId=EMD_q1Rxtv7856Db5FU--
--new request: user_id=16&surveyId=SV_0pmq507d4TpBFXg&maillistId=CG_3n6PmLLSR2Ze7SU, result: SendTime=09:21&NumberOfDay=6&NumberInDay=1&distributionId=EMD_w3rCRxgnFBoO3m7--
--new request: user_id=16&surveyId=SV_0pmq507d4TpBFXg&maillistId=CG_3n6PmLLSR2Ze7SU, result: SendTime=11:28&NumberOfDay=6&NumberInDay=2&distributionId=EMD_AfrpT7YzHiP9YVN--
--new request: user_id=16&surveyId=SV_0pmq507d4TpBFXg&maillistId=CG_3n6PmLLSR2Ze7SU, result: SendTime=13:35&NumberOfDay=6&NumberInDay=3&distributionId=EMD_bByCE1qsDnSK7DT--
--new request: user_id=16&surveyId=SV_0pmq507d4TpBFXg&maillistId=CG_3n6PmLLSR2Ze7SU, result: SendTime=15:42&NumberOfDay=6&NumberInDay=4&distributionId=EMD_fuGfzWByka8FZfx--
--new request: user_id=16&surveyId=SV_0pmq507d4TpBFXg&maillistId=CG_3n6PmLLSR2Ze7SU, result: SendTime=17:49&NumberOfDay=6&NumberInDay=5&distributionId=EMD_xbeblRMQs6GKVcP--
--new request: user_id=16&surveyId=SV_0pmq507d4TpBFXg&maillistId=CG_1CyCQss0a8fidZE, result: SendTime=19:04&NumberOfDay=3&NumberInDay=1&distributionId=EMD_8UuTxqkbXK60SgY--
--new request: user_id=16&surveyId=SV_0pmq507d4TpBFXg&maillistId=CG_3n6PmLLSR2Ze7SU, result: SendTime=19:56&NumberOfDay=6&NumberInDay=6&distributionId=EMD_Uq4LTjekD0iAChU--
--new request: user_id=16&surveyId=SV_0pmq507d4TpBFXg&maillistId=CG_1CyCQss0a8fidZE, result: SendTime=07:17&NumberOfDay=4&NumberInDay=1&distributionId=EMD_chGnOs9tKLRu9dt--
--new request: user_id=16&surveyId=SV_0pmq507d4TpBFXg&maillistId=CG_3n6PmLLSR2Ze7SU, result: SendTime=08:02&NumberOfDay=7&NumberInDay=1&distributionId=EMD_uNQuVFlV5nrhBrd--
--new request: user_id=16&surveyId=SV_0pmq507d4TpBFXg&maillistId=CG_1CyCQss0a8fidZE, result: SendTime=09:24&NumberOfDay=4&NumberInDay=2&distributionId=EMD_UlJ8SucpISyYl5n--
--new request: user_id=16&surveyId=SV_0pmq507d4TpBFXg&maillistId=CG_3n6PmLLSR2Ze7SU, result: SendTime=10:09&NumberOfDay=7&NumberInDay=2&distributionId=EMD_kWrXPMzl2xBrfnJ--
--new request: user_id=16&surveyId=SV_0pmq507d4TpBFXg&maillistId=CG_1CyCQss0a8fidZE, result: SendTime=11:31&NumberOfDay=4&NumberInDay=3&distributionId=EMD_jSGnutbvW20Mlwn--
--new request: user_id=16&surveyId=SV_0pmq507d4TpBFXg&maillistId=CG_3n6PmLLSR2Ze7SU, result: SendTime=12:16&NumberOfDay=7&NumberInDay=3&distributionId=EMD_poChQYv2qUipk63--
--new request: user_id=16&surveyId=SV_0pmq507d4TpBFXg&maillistId=CG_1CyCQss0a8fidZE, result: SendTime=13:38&NumberOfDay=4&NumberInDay=4&distributionId=EMD_A5ButXiJUz1L8Hn--
--new request: user_id=16&surveyId=SV_0pmq507d4TpBFXg&maillistId=CG_3n6PmLLSR2Ze7SU, result: SendTime=14:23&NumberOfDay=7&NumberInDay=4&distributionId=EMD_5nqQ4Etf67TEtWw--
--new request: user_id=16&surveyId=SV_0pmq507d4TpBFXg&maillistId=CG_1CyCQss0a8fidZE, result: SendTime=15:45&NumberOfDay=4&NumberInDay=5&distributionId=EMD_WiwUtTxcpud6t0z--
--new request: user_id=16&surveyId=SV_0pmq507d4TpBFXg&maillistId=CG_3n6PmLLSR2Ze7SU, result: SendTime=16:30&NumberOfDay=7&NumberInDay=5&distributionId=EMD_0ZdijgCt4E5naXQ--
--new request: user_id=16&surveyId=SV_0pmq507d4TpBFXg&maillistId=CG_1CyCQss0a8fidZE, result: SendTime=17:52&NumberOfDay=4&NumberInDay=6&distributionId=EMD_mZ9JUWSwAJA7emh--
--new request: user_id=16&surveyId=SV_0pmq507d4TpBFXg&maillistId=CG_1CyCQss0a8fidZE, result: SendTime=07:18&NumberOfDay=5&NumberInDay=1&distributionId=EMD_Xp89rJYE5WqU4dl--
--new request: user_id=16&surveyId=SV_0pmq507d4TpBFXg&maillistId=CG_3n6PmLLSR2Ze7SU, result: SendTime=08:15&NumberOfDay=8&NumberInDay=1&distributionId=EMD_VDpGR0t4X8UXdIU--
--new request: user_id=16&surveyId=SV_0pmq507d4TpBFXg&maillistId=CG_1CyCQss0a8fidZE, result: SendTime=09:25&NumberOfDay=5&NumberInDay=2&distributionId=EMD_bVd8EVXSnMGycFg--
--new request: user_id=16&surveyId=SV_0pmq507d4TpBFXg&maillistId=CG_1CyCQss0a8fidZE, result: SendTime=09:25&NumberOfDay=5&NumberInDay=2&distributionId=EMD_bVd8EVXSnMGycFg--
--new request: user_id=16&surveyId=SV_0pmq507d4TpBFXg&maillistId=CG_3n6PmLLSR2Ze7SU, result: SendTime=10:22&NumberOfDay=8&NumberInDay=2&distributionId=EMD_LKkmuCFf8ofkxkI--
--new request: user_id=16&surveyId=SV_0pmq507d4TpBFXg&maillistId=CG_1CyCQss0a8fidZE, result: SendTime=11:32&NumberOfDay=5&NumberInDay=3&distributionId=EMD_9ndNuNdwdOMvQIb--
--new request: user_id=16&surveyId=SV_0pmq507d4TpBFXg&maillistId=CG_1CyCQss0a8fidZE, result: SendTime=13:39&NumberOfDay=5&NumberInDay=4&distributionId=EMD_sF9E0Fn3xQ0ghEb--
--new request: user_id=16&surveyId=SV_0pmq507d4TpBFXg&maillistId=CG_1CyCQss0a8fidZE, result: SendTime=17:53&NumberOfDay=5&NumberInDay=6&distributionId=EMD_XKLWjxUZMKQQdZM--
--new request: user_id=16&surveyId=SV_0pmq507d4TpBFXg&maillistId=CG_1CyCQss0a8fidZE, result: SendTime=07:10&NumberOfDay=6&NumberInDay=1&distributionId=EMD_fodm6mAsLpeoClZ--
--new request: user_id=16&surveyId=SV_0pmq507d4TpBFXg&maillistId=CG_1CyCQss0a8fidZE, result: SendTime=09:17&NumberOfDay=6&NumberInDay=2&distributionId=EMD_IeIMRL4Ox4Dj77H--
--new request: user_id=16&surveyId=SV_0pmq507d4TpBFXg&maillistId=CG_1CyCQss0a8fidZE, result: SendTime=11:24&NumberOfDay=6&NumberInDay=3&distributionId=EMD_25Xuf6SrGcRA68Y--
--new request: user_id=16&surveyId=SV_0pmq507d4TpBFXg&maillistId=CG_1CyCQss0a8fidZE, result: SendTime=13:31&NumberOfDay=6&NumberInDay=4&distributionId=EMD_1nP62kgRqeGD2gR--
--new request: user_id=16&surveyId=SV_0pmq507d4TpBFXg&maillistId=CG_1CyCQss0a8fidZE, result: SendTime=15:38&NumberOfDay=6&NumberInDay=5&distributionId=EMD_HBy729ZmEhMh9xF--
--new request: user_id=16&surveyId=SV_0pmq507d4TpBFXg&maillistId=CG_1CyCQss0a8fidZE, result: SendTime=17:45&NumberOfDay=6&NumberInDay=6&distributionId=EMD_jSqEfncWcCXsQWD--
--new request: user_id=16&surveyId=SV_0pmq507d4TpBFXg&maillistId=CG_1CyCQss0a8fidZE, result: SendTime=07:23&NumberOfDay=7&NumberInDay=1&distributionId=EMD_CW8eOmOGoZ23yzR--
--new request: user_id=16&surveyId=SV_0pmq507d4TpBFXg&maillistId=CG_1CyCQss0a8fidZE, result: SendTime=09:30&NumberOfDay=7&NumberInDay=2&distributionId=EMD_Erv3BGvUJavG65b--
--new request: user_id=16&surveyId=SV_0pmq507d4TpBFXg&maillistId=CG_1CyCQss0a8fidZE, result: SendTime=11:37&NumberOfDay=7&NumberInDay=3&distributionId=EMD_2Xb9Pgl9A2WWxcu--
--new request: user_id=16&surveyId=SV_0pmq507d4TpBFXg&maillistId=CG_1CyCQss0a8fidZE, result: SendTime=13:44&NumberOfDay=7&NumberInDay=4&distributionId=EMD_ORDU2YDG2yXyAxA--
--new request: user_id=16&surveyId=SV_0pmq507d4TpBFXg&maillistId=CG_1CyCQss0a8fidZE, result: SendTime=15:51&NumberOfDay=7&NumberInDay=5&distributionId=EMD_dumoFPlPmVM5OuX--
--new request: user_id=16&surveyId=SV_0pmq507d4TpBFXg&maillistId=CG_1CyCQss0a8fidZE, result: SendTime=17:58&NumberOfDay=7&NumberInDay=6&distributionId=EMD_2EWk1uEzesVRIeK--
--new request: user_id=16&surveyId=SV_0pmq507d4TpBFXg&maillistId=CG_1CyCQss0a8fidZE, result: SendTime=07:09&NumberOfDay=8&NumberInDay=1&distributionId=EMD_MZXqRfdNmmWcmJl--
--new request: user_id=16&surveyId=SV_0pmq507d4TpBFXg&maillistId=CG_1OHna3oOrT3E78K, result: SendTime=14:28&NumberOfDay=1&NumberInDay=2&distributionId=EMD_ujRFaSlCEVJaMP0--
--new request: user_id=16&surveyId=SV_0pmq507d4TpBFXg&maillistId=CG_1OHna3oOrT3E78K, result: SendTime=16:35&NumberOfDay=1&NumberInDay=3&distributionId=EMD_JWlgQTHooSGLDhy--
--new request: user_id=16&surveyId=SV_0pmq507d4TpBFXg&maillistId=CG_1OHna3oOrT3E78K, result: SendTime=18:42&NumberOfDay=1&NumberInDay=4&distributionId=EMD_7o94utZ9jW8Jojk--
--new request: user_id=16&surveyId=SV_0pmq507d4TpBFXg&maillistId=CG_1OHna3oOrT3E78K, result: SendTime=20:49&NumberOfDay=1&NumberInDay=5&distributionId=EMD_2io5uUNXUVVpkNP--
--new request: user_id=16&surveyId=SV_0pmq507d4TpBFXg&maillistId=CG_1OHna3oOrT3E78K, result: SendTime=22:56&NumberOfDay=1&NumberInDay=6&distributionId=EMD_iYrEYFpOQvRrYyO--
--new request: user_id=16&surveyId=SV_0pmq507d4TpBFXg&maillistId=CG_1OHna3oOrT3E78K, result: SendTime=12:07&NumberOfDay=2&NumberInDay=1&distributionId=EMD_1PLGgeP6oo8QOwg--
--new request: user_id=16&surveyId=SV_0pmq507d4TpBFXg&maillistId=CG_1OHna3oOrT3E78K, result: SendTime=14:14&NumberOfDay=2&NumberInDay=2&distributionId=EMD_nnYCUak5HbFbmxf--
--new request: user_id=16&surveyId=SV_0pmq507d4TpBFXg&maillistId=CG_1OHna3oOrT3E78K, result: SendTime=16:21&NumberOfDay=2&NumberInDay=3&distributionId=EMD_zc3MzQBOHpqbGOu--
--new request: user_id=16&surveyId=SV_0pmq507d4TpBFXg&maillistId=CG_1OHna3oOrT3E78K, result: SendTime=18:28&NumberOfDay=2&NumberInDay=4&distributionId=EMD_uvf00N91CG3tStH--
--new request: user_id=16&surveyId=SV_0pmq507d4TpBFXg&maillistId=CG_1OHna3oOrT3E78K, result: SendTime=20:35&NumberOfDay=2&NumberInDay=5&distributionId=EMD_FO3KrQJOWM7NvfZ--
--new request: user_id=16&surveyId=SV_0pmq507d4TpBFXg&maillistId=CG_1OHna3oOrT3E78K, result: SendTime=22:42&NumberOfDay=2&NumberInDay=6&distributionId=EMD_mvChNUjp6XeMb7R--
--new request: user_id=16&surveyId=SV_0pmq507d4TpBFXg&maillistId=CG_1OHna3oOrT3E78K, result: SendTime=11:23&NumberOfDay=3&NumberInDay=1&distributionId=EMD_zgVbfcxcukY6T10--
--new request: user_id=16&surveyId=SV_0pmq507d4TpBFXg&maillistId=CG_1OHna3oOrT3E78K, result: SendTime=13:30&NumberOfDay=3&NumberInDay=2&distributionId=EMD_v9geJd4mN22EBR2--
--new request: user_id=16&surveyId=SV_0pmq507d4TpBFXg&maillistId=CG_1OHna3oOrT3E78K, result: SendTime=15:37&NumberOfDay=3&NumberInDay=3&distributionId=EMD_Gx2cNoAP3UbQ7TD--
--new request: user_id=16&surveyId=SV_0pmq507d4TpBFXg&maillistId=CG_1OHna3oOrT3E78K, result: SendTime=17:44&NumberOfDay=3&NumberInDay=4&distributionId=EMD_uuE9fXWWG3KFG8N--
--new request: user_id=16&surveyId=SV_0pmq507d4TpBFXg&maillistId=CG_1OHna3oOrT3E78K, result: SendTime=19:51&NumberOfDay=3&NumberInDay=5&distributionId=EMD_XqkuOipZgfbCihn--
--new request: user_id=16&surveyId=SV_0pmq507d4TpBFXg&maillistId=CG_1OHna3oOrT3E78K, result: SendTime=21:58&NumberOfDay=3&NumberInDay=6&distributionId=EMD_HNnpyo4APLrniAt--
--new request: user_id=16&surveyId=SV_0pmq507d4TpBFXg&maillistId=CG_1OHna3oOrT3E78K, result: SendTime=11:05&NumberOfDay=4&NumberInDay=1&distributionId=EMD_izQPojiCyC8u2bp--
--new request: user_id=16&surveyId=SV_0pmq507d4TpBFXg&maillistId=CG_1OHna3oOrT3E78K, result: SendTime=13:12&NumberOfDay=4&NumberInDay=2&distributionId=EMD_o0n2N6VEFpCO1O1--
--new request: user_id=16&surveyId=SV_0pmq507d4TpBFXg&maillistId=CG_1OHna3oOrT3E78K, result: SendTime=15:19&NumberOfDay=4&NumberInDay=3&distributionId=EMD_fhAyh1eAr6wBiX8--
--new request: user_id=16&surveyId=SV_0pmq507d4TpBFXg&maillistId=CG_1OHna3oOrT3E78K, result: SendTime=17:26&NumberOfDay=4&NumberInDay=4&distributionId=EMD_oTIYReOmCriBZS5--
--new request: user_id=16&surveyId=SV_0pmq507d4TpBFXg&maillistId=CG_1OHna3oOrT3E78K, result: SendTime=19:33&NumberOfDay=4&NumberInDay=5&distributionId=EMD_SvpDOLCzfrBWbIg--
--new request: user_id=16&surveyId=SV_0pmq507d4TpBFXg&maillistId=CG_1OHna3oOrT3E78K, result: SendTime=21:40&NumberOfDay=4&NumberInDay=6&distributionId=EMD_s1JW4Qnk0xbcoQF--
--new request: user_id=16&surveyId=SV_0pmq507d4TpBFXg&maillistId=CG_1OHna3oOrT3E78K, result: SendTime=11:23&NumberOfDay=5&NumberInDay=1&distributionId=EMD_Lim1f5pkV2CFy7G--
--new request: user_id=16&surveyId=SV_0pmq507d4TpBFXg&maillistId=CG_1OHna3oOrT3E78K, result: SendTime=15:37&NumberOfDay=5&NumberInDay=3&distributionId=EMD_NbHl5uNQerPFWBA--
--new request: user_id=16&surveyId=SV_0pmq507d4TpBFXg&maillistId=CG_1OHna3oOrT3E78K, result: SendTime=17:44&NumberOfDay=5&NumberInDay=4&distributionId=EMD_0Ug45tu3cf1gFPD--
--new request: user_id=16&surveyId=SV_0pmq507d4TpBFXg&maillistId=CG_1OHna3oOrT3E78K, result: SendTime=19:51&NumberOfDay=5&NumberInDay=5&distributionId=EMD_u1HpZccV3urvSLq--
--new request: user_id=16&surveyId=SV_0pmq507d4TpBFXg&maillistId=CG_1OHna3oOrT3E78K, result: SendTime=21:58&NumberOfDay=5&NumberInDay=6&distributionId=EMD_zqnOmCcdPSZs2F7--
--new request: user_id=16&surveyId=SV_0pmq507d4TpBFXg&maillistId=CG_1OHna3oOrT3E78K, result: SendTime=12:04&NumberOfDay=6&NumberInDay=1&distributionId=EMD_SUyF8VDRr48I86j--
--new request: user_id=16&surveyId=SV_0pmq507d4TpBFXg&maillistId=CG_2rJ9RbWGacIxZ1f, result: SendTime=12:15&NumberOfDay=1&NumberInDay=2&distributionId=EMD_FyVIbxzOay9kvVm--
--new request: user_id=16&surveyId=SV_0pmq507d4TpBFXg&maillistId=CG_1OHna3oOrT3E78K, result: SendTime=14:11&NumberOfDay=6&NumberInDay=2&distributionId=EMD_2GvU15IlxvsXXgK--
--new request: user_id=16&surveyId=SV_0pmq507d4TpBFXg&maillistId=CG_2rJ9RbWGacIxZ1f, result: SendTime=16:29&NumberOfDay=1&NumberInDay=4&distributionId=EMD_bGtSYpl9Ev7A9DE--
--new request: user_id=16&surveyId=SV_0pmq507d4TpBFXg&maillistId=CG_1OHna3oOrT3E78K, result: SendTime=16:18&NumberOfDay=6&NumberInDay=3&distributionId=EMD_BDBIpCLZMehteJ3--
--new request: user_id=16&surveyId=SV_0pmq507d4TpBFXg&maillistId=CG_1OHna3oOrT3E78K, result: SendTime=18:25&NumberOfDay=6&NumberInDay=4&distributionId=EMD_WVngVmUPYCLVVM5--
--new request: user_id=16&surveyId=SV_0pmq507d4TpBFXg&maillistId=CG_1OHna3oOrT3E78K, result: SendTime=20:32&NumberOfDay=6&NumberInDay=5&distributionId=EMD_9mjkbVopx7UZo7T--
--new request: user_id=16&surveyId=SV_0pmq507d4TpBFXg&maillistId=CG_2rJ9RbWGacIxZ1f, result: SendTime=20:43&NumberOfDay=1&NumberInDay=6&distributionId=EMD_QWBJSM8f0qhRNsJ--
--new request: user_id=16&surveyId=SV_0pmq507d4TpBFXg&maillistId=CG_1OHna3oOrT3E78K, result: SendTime=22:39&NumberOfDay=6&NumberInDay=6&distributionId=EMD_fFJRJQAKsdAxoBC--
--new request: user_id=16&surveyId=SV_0pmq507d4TpBFXg&maillistId=CG_2rJ9RbWGacIxZ1f, result: SendTime=10:27&NumberOfDay=2&NumberInDay=1&distributionId=EMD_T4CRpdn6nciCY8B--
--new request: user_id=16&surveyId=SV_0pmq507d4TpBFXg&maillistId=CG_1OHna3oOrT3E78K, result: SendTime=12:09&NumberOfDay=7&NumberInDay=1&distributionId=EMD_RVkowg7li62j9Wj--
--new request: user_id=16&surveyId=SV_0pmq507d4TpBFXg&maillistId=CG_2rJ9RbWGacIxZ1f, result: SendTime=12:34&NumberOfDay=2&NumberInDay=2&distributionId=EMD_yal2LOVDjqklpvF--
--new request: user_id=16&surveyId=SV_0pmq507d4TpBFXg&maillistId=CG_1OHna3oOrT3E78K, result: SendTime=14:16&NumberOfDay=7&NumberInDay=2&distributionId=EMD_VhTWM6rxY1m5Bty--
--new request: user_id=16&surveyId=SV_0pmq507d4TpBFXg&maillistId=CG_2rJ9RbWGacIxZ1f, result: SendTime=14:41&NumberOfDay=2&NumberInDay=3&distributionId=EMD_Y5U83xAX0bud64g--
--new request: user_id=16&surveyId=SV_0pmq507d4TpBFXg&maillistId=CG_2rJ9RbWGacIxZ1f, result: SendTime=16:48&NumberOfDay=2&NumberInDay=4&distributionId=EMD_lFxxpDsGayhrrmI--
--new request: user_id=16&surveyId=SV_0pmq507d4TpBFXg&maillistId=CG_1OHna3oOrT3E78K, result: SendTime=16:23&NumberOfDay=7&NumberInDay=3&distributionId=EMD_Cg6Ffe7UVYPhkTN--
--new request: user_id=16&surveyId=SV_0pmq507d4TpBFXg&maillistId=CG_1OHna3oOrT3E78K, result: SendTime=18:30&NumberOfDay=7&NumberInDay=4&distributionId=EMD_NDAuKAiqg9mZ3vA--
--new request: user_id=16&surveyId=SV_0pmq507d4TpBFXg&maillistId=CG_2rJ9RbWGacIxZ1f, result: SendTime=18:55&NumberOfDay=2&NumberInDay=5&distributionId=EMD_e2Ofl0376OvnZIA--
--new request: user_id=16&surveyId=SV_0pmq507d4TpBFXg&maillistId=CG_1OHna3oOrT3E78K, result: SendTime=20:37&NumberOfDay=7&NumberInDay=5&distributionId=EMD_22lvRlFkjmv7kFl--
--new request: user_id=16&surveyId=SV_0pmq507d4TpBFXg&maillistId=CG_2rJ9RbWGacIxZ1f, result: SendTime=21:02&NumberOfDay=2&NumberInDay=6&distributionId=EMD_y3ehlQwow5D24Px--
--new request: user_id=16&surveyId=SV_0pmq507d4TpBFXg&maillistId=CG_1OHna3oOrT3E78K, result: SendTime=22:44&NumberOfDay=7&NumberInDay=6&distributionId=EMD_7tM4VlE9iXFJad2--
--new request: user_id=16&surveyId=SV_0pmq507d4TpBFXg&maillistId=CG_2rJ9RbWGacIxZ1f, result: SendTime=10:00&NumberOfDay=3&NumberInDay=1&distributionId=EMD_vC5JdyCahpoT8xY--
--new request: user_id=16&surveyId=SV_0pmq507d4TpBFXg&maillistId=CG_1OHna3oOrT3E78K, result: SendTime=12:02&NumberOfDay=8&NumberInDay=1&distributionId=EMD_Rou5Y7b4DkWllWv--
--new request: user_id=16&surveyId=SV_0pmq507d4TpBFXg&maillistId=CG_2rJ9RbWGacIxZ1f, result: SendTime=12:07&NumberOfDay=3&NumberInDay=2&distributionId=EMD_WVoLNNv2tHNJxsF--
--new request: user_id=16&surveyId=SV_0pmq507d4TpBFXg&maillistId=CG_2rJ9RbWGacIxZ1f, result: SendTime=17:00&NumberOfDay=4&NumberInDay=1&distributionId=EMD_eS3YFT16DdIP75D--
--new request: user_id=16&surveyId=SV_0pmq507d4TpBFXg&maillistId=CG_2rJ9RbWGacIxZ1f, result: SendTime=19:07&NumberOfDay=4&NumberInDay=2&distributionId=EMD_h1dYYb9rGWqLCOT--
--new request: user_id=16&surveyId=SV_0pmq507d4TpBFXg&maillistId=CG_2rJ9RbWGacIxZ1f, result: SendTime=21:14&NumberOfDay=4&NumberInDay=3&distributionId=EMD_r7ADs50t7PcmxDU--
--new request: user_id=16&surveyId=SV_0pmq507d4TpBFXg&maillistId=CG_2rJ9RbWGacIxZ1f, result: SendTime=23:21&NumberOfDay=4&NumberInDay=4&distributionId=EMD_TB5AW0bau7Q0ymG--
--new request: user_id=16&surveyId=SV_0pmq507d4TpBFXg&maillistId=CG_2rJ9RbWGacIxZ1f, result: SendTime=10:20&NumberOfDay=5&NumberInDay=1&distributionId=EMD_EEILbGOWqdNBYFk--
--new request: user_id=16&surveyId=SV_0pmq507d4TpBFXg&maillistId=CG_2rJ9RbWGacIxZ1f, result: SendTime=12:27&NumberOfDay=5&NumberInDay=2&distributionId=EMD_URXfRrgzVW5ET9b--
--new request: user_id=16&surveyId=SV_0pmq507d4TpBFXg&maillistId=CG_2rJ9RbWGacIxZ1f, result: SendTime=14:34&NumberOfDay=5&NumberInDay=3&distributionId=EMD_LncriSDh8bg5Jea--
--new request: user_id=16&surveyId=SV_0pmq507d4TpBFXg&maillistId=CG_2rJ9RbWGacIxZ1f, result: SendTime=16:41&NumberOfDay=5&NumberInDay=4&distributionId=EMD_ktTyLjzK8rFP9Xu--
--new request: user_id=16&surveyId=SV_0pmq507d4TpBFXg&maillistId=CG_2rJ9RbWGacIxZ1f, result: SendTime=18:48&NumberOfDay=5&NumberInDay=5&distributionId=EMD_jts5NfzikU5K74n--
--new request: user_id=16&surveyId=SV_0pmq507d4TpBFXg&maillistId=CG_2rJ9RbWGacIxZ1f, result: SendTime=20:55&NumberOfDay=5&NumberInDay=6&distributionId=EMD_lQQOYkBA9zKhqLg--
--new request: user_id=16&surveyId=SV_0pmq507d4TpBFXg&maillistId=CG_2rJ9RbWGacIxZ1f, result: SendTime=10:22&NumberOfDay=6&NumberInDay=1&distributionId=EMD_xlCDLWu6fHpaJja--
--new request: user_id=16&surveyId=SV_0pmq507d4TpBFXg&maillistId=CG_2rJ9RbWGacIxZ1f, result: SendTime=14:36&NumberOfDay=6&NumberInDay=3&distributionId=EMD_ZXEGPXjlNyeiPhE--
--new request: user_id=16&surveyId=SV_0pmq507d4TpBFXg&maillistId=CG_2rJ9RbWGacIxZ1f, result: SendTime=16:43&NumberOfDay=6&NumberInDay=4&distributionId=EMD_Pv2utcZ0dTKLb2U--
--new request: user_id=16&surveyId=SV_0pmq507d4TpBFXg&maillistId=CG_2w6yCLlKHoUAevU, result: SendTime=17:58&NumberOfDay=1&NumberInDay=1&distributionId=EMD_01tJ1hPaHaxqPTV--
--new request: user_id=16&surveyId=SV_0pmq507d4TpBFXg&maillistId=CG_2rJ9RbWGacIxZ1f, result: SendTime=18:50&NumberOfDay=6&NumberInDay=5&distributionId=EMD_1S5bdU3mAFOKEER--
--new request: user_id=16&surveyId=SV_0pmq507d4TpBFXg&maillistId=CG_2rJ9RbWGacIxZ1f, result: SendTime=20:57&NumberOfDay=6&NumberInDay=6&distributionId=EMD_wLcfn2Y5Zj5BJq8--
--new request: user_id=16&surveyId=SV_0pmq507d4TpBFXg&maillistId=CG_2rJ9RbWGacIxZ1f, result: SendTime=10:10&NumberOfDay=7&NumberInDay=1&distributionId=EMD_K40aXRseCrIYkhE--
--new request: user_id=16&surveyId=SV_0pmq507d4TpBFXg&maillistId=CG_2rJ9RbWGacIxZ1f, result: SendTime=16:31&NumberOfDay=7&NumberInDay=4&distributionId=EMD_eTSIKDVO1v0ln4J--
--new request: user_id=16&surveyId=SV_0pmq507d4TpBFXg&maillistId=CG_2rJ9RbWGacIxZ1f, result: SendTime=18:38&NumberOfDay=7&NumberInDay=5&distributionId=EMD_EGoWsFMxY1S5WcI--
--new request: user_id=16&surveyId=SV_0pmq507d4TpBFXg&maillistId=CG_2rJ9RbWGacIxZ1f, result: SendTime=20:45&NumberOfDay=7&NumberInDay=6&distributionId=EMD_HYCGaYpv8mVWDmY--
--new request: user_id=16&surveyId=SV_0pmq507d4TpBFXg&maillistId=CG_2rJ9RbWGacIxZ1f, result: SendTime=12:18&NumberOfDay=8&NumberInDay=2&distributionId=EMD_HsK27jlzj7e5mHn--
--new request: user_id=16&surveyId=SV_0pmq507d4TpBFXg&maillistId=CG_3q9zS9mcSbJQoh2, result: SendTime=18:44&NumberOfDay=1&NumberInDay=2&distributionId=EMD_YFC5e0G3sGWHieG--
--new request: user_id=16&surveyId=SV_0pmq507d4TpBFXg&maillistId=CG_3q9zS9mcSbJQoh2, result: SendTime=20:51&NumberOfDay=1&NumberInDay=3&distributionId=EMD_mkIzPwITkYsRYkk--
--new request: user_id=16&surveyId=SV_0pmq507d4TpBFXg&maillistId=CG_3q9zS9mcSbJQoh2, result: SendTime=10:15&NumberOfDay=2&NumberInDay=1&distributionId=EMD_1kYYdEbQY6sVisY--
--new request: user_id=16&surveyId=SV_0pmq507d4TpBFXg&maillistId=CG_3q9zS9mcSbJQoh2, result: SendTime=12:22&NumberOfDay=2&NumberInDay=2&distributionId=EMD_xCUYasOP8gxGND1--
--new request: user_id=16&surveyId=SV_0pmq507d4TpBFXg&maillistId=CG_3q9zS9mcSbJQoh2, result: SendTime=14:29&NumberOfDay=2&NumberInDay=3&distributionId=EMD_Ev6nyTa1xkrvo4Y--
--new request: user_id=16&surveyId=SV_0pmq507d4TpBFXg&maillistId=CG_3q9zS9mcSbJQoh2, result: SendTime=16:36&NumberOfDay=2&NumberInDay=4&distributionId=EMD_5NpEEgDZ7hOkN0Y--
--new request: user_id=16&surveyId=SV_0pmq507d4TpBFXg&maillistId=CG_3q9zS9mcSbJQoh2, result: SendTime=18:43&NumberOfDay=2&NumberInDay=5&distributionId=EMD_fHmRXf69NevR1o5--
--new request: user_id=16&surveyId=SV_0pmq507d4TpBFXg&maillistId=CG_3q9zS9mcSbJQoh2, result: SendTime=20:50&NumberOfDay=2&NumberInDay=6&distributionId=EMD_JsXiJDoVyvDws08--
--new request: user_id=16&surveyId=SV_0pmq507d4TpBFXg&maillistId=CG_3q9zS9mcSbJQoh2, result: SendTime=09:15&NumberOfDay=3&NumberInDay=1&distributionId=EMD_IGLqEFuDRzmLVvG--
--new request: user_id=16&surveyId=SV_0pmq507d4TpBFXg&maillistId=CG_3q9zS9mcSbJQoh2, result: SendTime=11:22&NumberOfDay=3&NumberInDay=2&distributionId=EMD_3cY38Maeszwa9Lb--
--new request: user_id=16&surveyId=SV_0pmq507d4TpBFXg&maillistId=CG_3q9zS9mcSbJQoh2, result: SendTime=13:29&NumberOfDay=3&NumberInDay=3&distributionId=EMD_Ug8UuxbxXZIbGyl--
--new request: user_id=16&surveyId=SV_0pmq507d4TpBFXg&maillistId=CG_3q9zS9mcSbJQoh2, result: SendTime=15:36&NumberOfDay=3&NumberInDay=4&distributionId=EMD_RGWW4zyq7dIto8B--
--new request: user_id=16&surveyId=SV_0pmq507d4TpBFXg&maillistId=CG_3q9zS9mcSbJQoh2, result: SendTime=17:52&NumberOfDay=4&NumberInDay=1&distributionId=EMD_LriIcxaFwkX6zyV--
--new request: user_id=16&surveyId=SV_0pmq507d4TpBFXg&maillistId=CG_3q9zS9mcSbJQoh2, result: SendTime=19:59&NumberOfDay=4&NumberInDay=2&distributionId=EMD_I4nExqrmAzNnYPN--
--new request: user_id=16&surveyId=SV_0pmq507d4TpBFXg&maillistId=CG_3q9zS9mcSbJQoh2, result: SendTime=22:06&NumberOfDay=4&NumberInDay=3&distributionId=EMD_cbkA5seu8gY6oB4--
--new request: user_id=16&surveyId=SV_0pmq507d4TpBFXg&maillistId=CG_3q9zS9mcSbJQoh2, result: SendTime=10:16&NumberOfDay=5&NumberInDay=1&distributionId=EMD_9yskjL9azkglhzs--
--new request: user_id=16&surveyId=SV_0pmq507d4TpBFXg&maillistId=CG_3q9zS9mcSbJQoh2, result: SendTime=12:23&NumberOfDay=5&NumberInDay=2&distributionId=EMD_VOj13RVRJmdtVQ7--
--new request: user_id=16&surveyId=SV_0pmq507d4TpBFXg&maillistId=CG_3ivXROdNvq1M32z, result: SendTime=13:34&NumberOfDay=1&NumberInDay=2&distributionId=EMD_svQkdzLXxcRzz9k--
--new request: user_id=16&surveyId=SV_0pmq507d4TpBFXg&maillistId=CG_3q9zS9mcSbJQoh2, result: SendTime=14:30&NumberOfDay=5&NumberInDay=3&distributionId=EMD_z1GM0pDIWzwgHIO--
--new request: user_id=16&surveyId=SV_0pmq507d4TpBFXg&maillistId=CG_3ivXROdNvq1M32z, result: SendTime=15:41&NumberOfDay=1&NumberInDay=3&distributionId=EMD_i9YChshTJlCun4w--
--new request: user_id=16&surveyId=SV_0pmq507d4TpBFXg&maillistId=CG_3q9zS9mcSbJQoh2, result: SendTime=16:37&NumberOfDay=5&NumberInDay=4&distributionId=EMD_LTDgRlpQACW8a8w--
--new request: user_id=16&surveyId=SV_0pmq507d4TpBFXg&maillistId=CG_3ivXROdNvq1M32z, result: SendTime=17:48&NumberOfDay=1&NumberInDay=4&distributionId=EMD_y5bCELhlnlJwVZu--
--new request: user_id=16&surveyId=SV_0pmq507d4TpBFXg&maillistId=CG_3q9zS9mcSbJQoh2, result: SendTime=18:44&NumberOfDay=5&NumberInDay=5&distributionId=EMD_rSrnA4TPt0G0WXm--
--new request: user_id=16&surveyId=SV_0pmq507d4TpBFXg&maillistId=CG_3ivXROdNvq1M32z, result: SendTime=19:55&NumberOfDay=1&NumberInDay=5&distributionId=EMD_vR1zxJX5igBfSFt--
--new request: user_id=16&surveyId=SV_0pmq507d4TpBFXg&maillistId=CG_3q9zS9mcSbJQoh2, result: SendTime=20:51&NumberOfDay=5&NumberInDay=6&distributionId=EMD_QkAnqvdjpMrdbiK--
--new request: user_id=16&surveyId=SV_0pmq507d4TpBFXg&maillistId=CG_3ivXROdNvq1M32z, result: SendTime=22:02&NumberOfDay=1&NumberInDay=6&distributionId=EMD_v6UJikvgoYc3Pwf--
--new request: user_id=16&surveyId=SV_0pmq507d4TpBFXg&maillistId=CG_3q9zS9mcSbJQoh2, result: SendTime=10:10&NumberOfDay=6&NumberInDay=1&distributionId=EMD_kTB7ykNlLzpU0YC--
--new request: user_id=16&surveyId=SV_0pmq507d4TpBFXg&maillistId=CG_3ivXROdNvq1M32z, result: SendTime=11:11&NumberOfDay=2&NumberInDay=1&distributionId=EMD_Y6rzqRWCWbrOOUM--
--new request: user_id=16&surveyId=SV_0pmq507d4TpBFXg&maillistId=CG_3q9zS9mcSbJQoh2, result: SendTime=12:17&NumberOfDay=6&NumberInDay=2&distributionId=EMD_jLGppjyOB8UWAVf--
--new request: user_id=16&surveyId=SV_0pmq507d4TpBFXg&maillistId=CG_3ivXROdNvq1M32z, result: SendTime=13:18&NumberOfDay=2&NumberInDay=2&distributionId=EMD_zBF1QnwDAn3tFhZ--
--new request: user_id=16&surveyId=SV_0pmq507d4TpBFXg&maillistId=CG_3q9zS9mcSbJQoh2, result: SendTime=14:24&NumberOfDay=6&NumberInDay=3&distributionId=EMD_on1TENsxJJIlBjp--
--new request: user_id=16&surveyId=SV_0pmq507d4TpBFXg&maillistId=CG_3ivXROdNvq1M32z, result: SendTime=15:25&NumberOfDay=2&NumberInDay=3&distributionId=EMD_98WU291BT8uEs2Q--
--new request: user_id=16&surveyId=SV_0pmq507d4TpBFXg&maillistId=CG_0BWkWOXiJJDPTBT, result: SendTime=15:54&NumberOfDay=1&NumberInDay=3&distributionId=EMD_rYuM1Q3EjOhuQxh--
--new request: user_id=16&surveyId=SV_0pmq507d4TpBFXg&maillistId=CG_3q9zS9mcSbJQoh2, result: SendTime=16:31&NumberOfDay=6&NumberInDay=4&distributionId=EMD_wfBJSCktIqlbmhw--
--new request: user_id=16&surveyId=SV_0pmq507d4TpBFXg&maillistId=CG_3ivXROdNvq1M32z, result: SendTime=17:32&NumberOfDay=2&NumberInDay=4&distributionId=EMD_mnYerHRnuEFO9XT--
--new request: user_id=16&surveyId=SV_0pmq507d4TpBFXg&maillistId=CG_0BWkWOXiJJDPTBT, result: SendTime=18:01&NumberOfDay=1&NumberInDay=4&distributionId=EMD_vZjLHzmSCWDnDMe--
--new request: user_id=16&surveyId=SV_0pmq507d4TpBFXg&maillistId=CG_3q9zS9mcSbJQoh2, result: SendTime=18:38&NumberOfDay=6&NumberInDay=5&distributionId=EMD_ns7JYXNUIBoEJ29--
--new request: user_id=16&surveyId=SV_0pmq507d4TpBFXg&maillistId=CG_0BWkWOXiJJDPTBT, result: SendTime=20:08&NumberOfDay=1&NumberInDay=5&distributionId=EMD_Gr86PWa4wtGNJbY--
--new request: user_id=16&surveyId=SV_0pmq507d4TpBFXg&maillistId=CG_3q9zS9mcSbJQoh2, result: SendTime=20:45&NumberOfDay=6&NumberInDay=6&distributionId=EMD_lLMyJTu4GqgkD17--
--new request: user_id=16&surveyId=SV_0pmq507d4TpBFXg&maillistId=CG_0BWkWOXiJJDPTBT, result: SendTime=09:30&NumberOfDay=2&NumberInDay=1&distributionId=EMD_xDMNobtBqVGPgW2--
--new request: user_id=16&surveyId=SV_0pmq507d4TpBFXg&maillistId=CG_3q9zS9mcSbJQoh2, result: SendTime=10:16&NumberOfDay=7&NumberInDay=1&distributionId=EMD_52zge1BZrH1G9Iu--
--new request: user_id=16&surveyId=SV_0pmq507d4TpBFXg&maillistId=CG_3ivXROdNvq1M32z, result: SendTime=11:10&NumberOfDay=3&NumberInDay=1&distributionId=EMD_1joB52S7jkWYd5e--
--new request: user_id=16&surveyId=SV_0pmq507d4TpBFXg&maillistId=CG_0BWkWOXiJJDPTBT, result: SendTime=11:37&NumberOfDay=2&NumberInDay=2&distributionId=EMD_k2ew2N6IOUnsm0x--
--new request: user_id=16&surveyId=SV_0pmq507d4TpBFXg&maillistId=CG_3q9zS9mcSbJQoh2, result: SendTime=12:23&NumberOfDay=7&NumberInDay=2&distributionId=EMD_dnTo8A5ClZP4XYz--
--new request: user_id=16&surveyId=SV_0pmq507d4TpBFXg&maillistId=CG_3ivXROdNvq1M32z, result: SendTime=13:17&NumberOfDay=3&NumberInDay=2&distributionId=EMD_6MYRhVfK81VVoBg--
--new request: user_id=16&surveyId=SV_0pmq507d4TpBFXg&maillistId=CG_0BWkWOXiJJDPTBT, result: SendTime=13:44&NumberOfDay=2&NumberInDay=3&distributionId=EMD_ncuq7QxbjkVirv3--
--new request: user_id=16&surveyId=SV_0pmq507d4TpBFXg&maillistId=CG_3ivXROdNvq1M32z, result: SendTime=15:24&NumberOfDay=3&NumberInDay=3&distributionId=EMD_WDvsf90Pf15u1yM--
--new request: user_id=16&surveyId=SV_0pmq507d4TpBFXg&maillistId=CG_3q9zS9mcSbJQoh2, result: SendTime=14:30&NumberOfDay=7&NumberInDay=3&distributionId=EMD_Km6dJCmBbCyqpds--
--new request: user_id=16&surveyId=SV_0pmq507d4TpBFXg&maillistId=CG_0BWkWOXiJJDPTBT, result: SendTime=15:51&NumberOfDay=2&NumberInDay=4&distributionId=EMD_3leJZ6I3p6kYBBZ--
--new request: user_id=16&surveyId=SV_0pmq507d4TpBFXg&maillistId=CG_3q9zS9mcSbJQoh2, result: SendTime=16:37&NumberOfDay=7&NumberInDay=4&distributionId=EMD_ZC0Rv2pPnaIonxi--
--new request: user_id=16&surveyId=SV_0pmq507d4TpBFXg&maillistId=CG_3ivXROdNvq1M32z, result: SendTime=17:31&NumberOfDay=3&NumberInDay=4&distributionId=EMD_dtX5yuYEKK23VxQ--
--new request: user_id=16&surveyId=SV_0pmq507d4TpBFXg&maillistId=CG_0BWkWOXiJJDPTBT, result: SendTime=17:58&NumberOfDay=2&NumberInDay=5&distributionId=EMD_OBBofxbQaniwuE6--
--new request: user_id=16&surveyId=SV_0pmq507d4TpBFXg&maillistId=CG_3q9zS9mcSbJQoh2, result: SendTime=18:44&NumberOfDay=7&NumberInDay=5&distributionId=EMD_Wx2gKr9u7NCzwfQ--
--new request: user_id=16&surveyId=SV_0pmq507d4TpBFXg&maillistId=CG_3ivXROdNvq1M32z, result: SendTime=19:38&NumberOfDay=3&NumberInDay=5&distributionId=EMD_7Jb1SQ6OkozuBwy--
--new request: user_id=16&surveyId=SV_0pmq507d4TpBFXg&maillistId=CG_0BWkWOXiJJDPTBT, result: SendTime=20:05&NumberOfDay=2&NumberInDay=6&distributionId=EMD_EsCYyHMptm3oSlS--
--new request: user_id=16&surveyId=SV_0pmq507d4TpBFXg&maillistId=CG_3q9zS9mcSbJQoh2, result: SendTime=20:51&NumberOfDay=7&NumberInDay=6&distributionId=EMD_HnxjjBVC99oy0qI--
--new request: user_id=16&surveyId=SV_0pmq507d4TpBFXg&maillistId=CG_0BWkWOXiJJDPTBT, result: SendTime=09:43&NumberOfDay=3&NumberInDay=1&distributionId=EMD_ciuykIvXqO2rDaj--
--new request: user_id=16&surveyId=SV_0pmq507d4TpBFXg&maillistId=CG_3q9zS9mcSbJQoh2, result: SendTime=10:13&NumberOfDay=8&NumberInDay=1&distributionId=EMD_HFMijaiHAxfhJHO--
--new request: user_id=16&surveyId=SV_0pmq507d4TpBFXg&maillistId=CG_3ivXROdNvq1M32z, result: SendTime=11:15&NumberOfDay=4&NumberInDay=1&distributionId=EMD_IxlqrXcbhC8Wi0D--
--new request: user_id=16&surveyId=SV_0pmq507d4TpBFXg&maillistId=CG_0BWkWOXiJJDPTBT, result: SendTime=11:50&NumberOfDay=3&NumberInDay=2&distributionId=EMD_7WiPzxD8KK7Qboz--
--new request: user_id=16&surveyId=SV_0pmq507d4TpBFXg&maillistId=CG_3ivXROdNvq1M32z, result: SendTime=13:22&NumberOfDay=4&NumberInDay=2&distributionId=EMD_9fcLimxqjDIF8Hs--
--new request: user_id=16&surveyId=SV_0pmq507d4TpBFXg&maillistId=CG_0BWkWOXiJJDPTBT, result: SendTime=13:57&NumberOfDay=3&NumberInDay=3&distributionId=EMD_5uOdOWqRrwZazB5--
--new request: user_id=16&surveyId=SV_0pmq507d4TpBFXg&maillistId=CG_3ivXROdNvq1M32z, result: SendTime=15:29&NumberOfDay=4&NumberInDay=3&distributionId=EMD_q70O48xsNAZmw3P--
--new request: user_id=16&surveyId=SV_0pmq507d4TpBFXg&maillistId=CG_0BWkWOXiJJDPTBT, result: SendTime=16:04&NumberOfDay=3&NumberInDay=4&distributionId=EMD_l4enPneYhbMpdoe--
--new request: user_id=16&surveyId=SV_0pmq507d4TpBFXg&maillistId=CG_3ivXROdNvq1M32z, result: SendTime=17:36&NumberOfDay=4&NumberInDay=4&distributionId=EMD_QlvmV1UBFa6EPCW--
--new request: user_id=16&surveyId=SV_0pmq507d4TpBFXg&maillistId=CG_3ivXROdNvq1M32z, result: SendTime=19:43&NumberOfDay=4&NumberInDay=5&distributionId=EMD_ngVyxv2tCwG0fnc--
--new request: user_id=16&surveyId=SV_0pmq507d4TpBFXg&maillistId=CG_Y9wDQcGH3rQHzpv, result: SendTime=19:54&NumberOfDay=1&NumberInDay=2&distributionId=EMD_7lec09ysx4OMRLb--
--new request: user_id=16&surveyId=SV_0pmq507d4TpBFXg&maillistId=CG_0BWkWOXiJJDPTBT, result: SendTime=20:18&NumberOfDay=3&NumberInDay=6&distributionId=EMD_B6zx4VMXWF99TAa--
--new request: user_id=16&surveyId=SV_0pmq507d4TpBFXg&maillistId=CG_3ivXROdNvq1M32z, result: SendTime=21:50&NumberOfDay=4&NumberInDay=6&distributionId=EMD_G1FoDTni9QHtLMu--
--new request: user_id=16&surveyId=SV_0pmq507d4TpBFXg&maillistId=CG_Y9wDQcGH3rQHzpv, result: SendTime=08:23&NumberOfDay=2&NumberInDay=1&distributionId=EMD_nSnicRWx9hcv5jY--
--new request: user_id=16&surveyId=SV_0pmq507d4TpBFXg&maillistId=CG_0BWkWOXiJJDPTBT, result: SendTime=09:41&NumberOfDay=4&NumberInDay=1&distributionId=EMD_L6zqHPXOWAIdePF--
--new request: user_id=16&surveyId=SV_0pmq507d4TpBFXg&maillistId=CG_Y9wDQcGH3rQHzpv, result: SendTime=10:41&NumberOfDay=2&NumberInDay=2&distributionId=EMD_6Wusus28jPTUVLV--
--new request: user_id=16&surveyId=SV_0pmq507d4TpBFXg&maillistId=CG_3ivXROdNvq1M32z, result: SendTime=11:05&NumberOfDay=5&NumberInDay=1&distributionId=EMD_6IKDsQIDUXEql0u--
--new request: user_id=16&surveyId=SV_0pmq507d4TpBFXg&maillistId=CG_0BWkWOXiJJDPTBT, result: SendTime=11:48&NumberOfDay=4&NumberInDay=2&distributionId=EMD_C2tzu5IJpXPC6vU--
--new request: user_id=16&surveyId=SV_0pmq507d4TpBFXg&maillistId=CG_3ivXROdNvq1M32z, result: SendTime=13:12&NumberOfDay=5&NumberInDay=2&distributionId=EMD_JQDZUZKmYpIEwOT--
--new request: user_id=16&surveyId=SV_0pmq507d4TpBFXg&maillistId=CG_Y9wDQcGH3rQHzpv, result: SendTime=13:21&NumberOfDay=2&NumberInDay=3&distributionId=EMD_749hCzPWYaCruLg--
--new request: user_id=16&surveyId=SV_0pmq507d4TpBFXg&maillistId=CG_0BWkWOXiJJDPTBT, result: SendTime=13:55&NumberOfDay=4&NumberInDay=3&distributionId=EMD_6UXnW2s6HONEhOY--
--new request: user_id=16&surveyId=SV_0pmq507d4TpBFXg&maillistId=CG_3ivXROdNvq1M32z, result: SendTime=15:19&NumberOfDay=5&NumberInDay=3&distributionId=EMD_JrDSBQVqqenWwT5--
--new request: user_id=16&surveyId=SV_0pmq507d4TpBFXg&maillistId=CG_Y9wDQcGH3rQHzpv, result: SendTime=15:40&NumberOfDay=2&NumberInDay=4&distributionId=EMD_br0tZT3HMT1XRd3--
--new request: user_id=16&surveyId=SV_0pmq507d4TpBFXg&maillistId=CG_0BWkWOXiJJDPTBT, result: SendTime=16:02&NumberOfDay=4&NumberInDay=4&distributionId=EMD_HcX1osXrzeWqXQm--
--new request: user_id=16&surveyId=SV_0pmq507d4TpBFXg&maillistId=CG_3ivXROdNvq1M32z, result: SendTime=17:26&NumberOfDay=5&NumberInDay=4&distributionId=EMD_2zvYR4bHK53rQh3--
--new request: user_id=16&surveyId=SV_0pmq507d4TpBFXg&maillistId=CG_Y9wDQcGH3rQHzpv, result: SendTime=17:49&NumberOfDay=2&NumberInDay=5&distributionId=EMD_tBdulN0BGPTunlI--
--new request: user_id=16&surveyId=SV_0pmq507d4TpBFXg&maillistId=CG_0BWkWOXiJJDPTBT, result: SendTime=18:09&NumberOfDay=4&NumberInDay=5&distributionId=EMD_k0Nz53Ab32Rp9hj--
--new request: user_id=16&surveyId=SV_0pmq507d4TpBFXg&maillistId=CG_3ivXROdNvq1M32z, result: SendTime=19:33&NumberOfDay=5&NumberInDay=5&distributionId=EMD_0HalpdQuFmp1zKH--
--new request: user_id=16&surveyId=SV_0pmq507d4TpBFXg&maillistId=CG_Y9wDQcGH3rQHzpv, result: SendTime=19:56&NumberOfDay=2&NumberInDay=6&distributionId=EMD_gJoOLYFEj7J9gEa--
--new request: user_id=16&surveyId=SV_0pmq507d4TpBFXg&maillistId=CG_0BWkWOXiJJDPTBT, result: SendTime=20:16&NumberOfDay=4&NumberInDay=6&distributionId=EMD_RznwhkYqWJlf8cT--
--new request: user_id=16&surveyId=SV_0pmq507d4TpBFXg&maillistId=CG_3ivXROdNvq1M32z, result: SendTime=21:40&NumberOfDay=5&NumberInDay=6&distributionId=EMD_mDsc7x5V8uyGULg--
--new request: user_id=16&surveyId=SV_0pmq507d4TpBFXg&maillistId=CG_Y9wDQcGH3rQHzpv, result: SendTime=08:40&NumberOfDay=3&NumberInDay=1&distributionId=EMD_krdG5T4BacgmoQ0--
--new request: user_id=16&surveyId=SV_0pmq507d4TpBFXg&maillistId=CG_0BWkWOXiJJDPTBT, result: SendTime=09:33&NumberOfDay=5&NumberInDay=1&distributionId=EMD_yDO7M8HgLSFO80R--
--new request: user_id=16&surveyId=SV_0pmq507d4TpBFXg&maillistId=CG_Y9wDQcGH3rQHzpv, result: SendTime=10:56&NumberOfDay=3&NumberInDay=2&distributionId=EMD_GKGMfGvIspik8Dk--
--new request: user_id=16&surveyId=SV_0pmq507d4TpBFXg&maillistId=CG_3ivXROdNvq1M32z, result: SendTime=11:13&NumberOfDay=6&NumberInDay=1&distributionId=EMD_abAdN8i9u7U23Ua--
--new request: user_id=16&surveyId=SV_0pmq507d4TpBFXg&maillistId=CG_0BWkWOXiJJDPTBT, result: SendTime=11:40&NumberOfDay=5&NumberInDay=2&distributionId=EMD_sublw7MpZD1sgwL--
--new request: user_id=16&surveyId=SV_0pmq507d4TpBFXg&maillistId=CG_3ivXROdNvq1M32z, result: SendTime=13:20&NumberOfDay=6&NumberInDay=2&distributionId=EMD_RbKnbx2YXvaDinX--
--new request: user_id=16&surveyId=SV_0pmq507d4TpBFXg&maillistId=CG_0BWkWOXiJJDPTBT, result: SendTime=13:47&NumberOfDay=5&NumberInDay=3&distributionId=EMD_wHAZASPHg79eJm4--
--new request: user_id=16&surveyId=SV_0pmq507d4TpBFXg&maillistId=CG_3ivXROdNvq1M32z, result: SendTime=15:27&NumberOfDay=6&NumberInDay=3&distributionId=EMD_5zL5JOeIzmnMt0J--
--new request: user_id=16&surveyId=SV_0pmq507d4TpBFXg&maillistId=CG_Y9wDQcGH3rQHzpv, result: SendTime=15:37&NumberOfDay=3&NumberInDay=4&distributionId=EMD_DXZZwUA1q91QMfd--
--new request: user_id=16&surveyId=SV_0pmq507d4TpBFXg&maillistId=CG_Y9wDQcGH3rQHzpv, result: SendTime=17:49&NumberOfDay=3&NumberInDay=5&distributionId=EMD_O2AnsD0TnrSW3Dq--
--new request: user_id=16&surveyId=SV_0pmq507d4TpBFXg&maillistId=CG_3ivXROdNvq1M32z, result: SendTime=19:41&NumberOfDay=6&NumberInDay=5&distributionId=EMD_MTrzJufsrrnvKpX--
--new request: user_id=16&surveyId=SV_0pmq507d4TpBFXg&maillistId=CG_Y9wDQcGH3rQHzpv, result: SendTime=19:57&NumberOfDay=3&NumberInDay=6&distributionId=EMD_TFUijHrXIUDdXCv--
--new request: user_id=16&surveyId=SV_0pmq507d4TpBFXg&maillistId=CG_3ivXROdNvq1M32z, result: SendTime=21:48&NumberOfDay=6&NumberInDay=6&distributionId=EMD_Eu3BKXyUSzk70t7--
--new request: user_id=16&surveyId=SV_0pmq507d4TpBFXg&maillistId=CG_Y9wDQcGH3rQHzpv, result: SendTime=07:00&NumberOfDay=4&NumberInDay=1&distributionId=EMD_A9DK6AZuIQgbhuD--
--new request: user_id=16&surveyId=SV_0pmq507d4TpBFXg&maillistId=CG_Y9wDQcGH3rQHzpv, result: SendTime=09:56&NumberOfDay=4&NumberInDay=2&distributionId=EMD_LgDwwd3NJvTRzKV--
--new request: user_id=16&surveyId=SV_0pmq507d4TpBFXg&maillistId=CG_3ivXROdNvq1M32z, result: SendTime=11:04&NumberOfDay=7&NumberInDay=1&distributionId=EMD_Kgxg09GiXou4Zy4--
--new request: user_id=16&surveyId=SV_0pmq507d4TpBFXg&maillistId=CG_Y9wDQcGH3rQHzpv, result: SendTime=12:26&NumberOfDay=4&NumberInDay=3&distributionId=EMD_VxDWnBSjJb495gN--
--new request: user_id=16&surveyId=SV_0pmq507d4TpBFXg&maillistId=CG_Y9wDQcGH3rQHzpv, result: SendTime=14:48&NumberOfDay=4&NumberInDay=4&distributionId=EMD_amXeGtrio2Pg7Sx--
--new request: user_id=16&surveyId=SV_0pmq507d4TpBFXg&maillistId=CG_3ivXROdNvq1M32z, result: SendTime=17:25&NumberOfDay=7&NumberInDay=4&distributionId=EMD_CHDT5JbLgnFQwL8--
--new request: user_id=16&surveyId=SV_0pmq507d4TpBFXg&maillistId=CG_Y9wDQcGH3rQHzpv, result: SendTime=17:22&NumberOfDay=4&NumberInDay=5&distributionId=EMD_522t4vHLdDmtK0A--
--new request: user_id=16&surveyId=SV_0pmq507d4TpBFXg&maillistId=CG_0BWkWOXiJJDPTBT, result: SendTime=18:12&NumberOfDay=6&NumberInDay=1&distributionId=EMD_xcr3uGCuZUlroga--
--new request: user_id=16&surveyId=SV_0pmq507d4TpBFXg&maillistId=CG_Y9wDQcGH3rQHzpv, result: SendTime=19:36&NumberOfDay=4&NumberInDay=6&distributionId=EMD_CzIdtsOjMmw0pYl--
--new request: user_id=16&surveyId=SV_0pmq507d4TpBFXg&maillistId=CG_3ivXROdNvq1M32z, result: SendTime=19:32&NumberOfDay=7&NumberInDay=5&distributionId=EMD_1BSnHkjCHEK0kQ5--
--new request: user_id=16&surveyId=SV_0pmq507d4TpBFXg&maillistId=CG_0BWkWOXiJJDPTBT, result: SendTime=20:19&NumberOfDay=6&NumberInDay=2&distributionId=EMD_J2wACSxG2ytNLUo--
--new request: user_id=16&surveyId=SV_0pmq507d4TpBFXg&maillistId=CG_3ivXROdNvq1M32z, result: SendTime=21:39&NumberOfDay=7&NumberInDay=6&distributionId=EMD_MSGwHEYpY0LKuRy--
--new request: user_id=16&surveyId=SV_0pmq507d4TpBFXg&maillistId=CG_0BWkWOXiJJDPTBT, result: SendTime=22:26&NumberOfDay=6&NumberInDay=3&distributionId=EMD_LRygAVDWd8zKbuI--
--new request: user_id=16&surveyId=SV_0pmq507d4TpBFXg&maillistId=CG_Y9wDQcGH3rQHzpv, result: SendTime=07:20&NumberOfDay=5&NumberInDay=1&distributionId=EMD_oRmivnuRvRqQ1Pb--
--new request: user_id=16&surveyId=SV_0pmq507d4TpBFXg&maillistId=CG_Y9wDQcGH3rQHzpv, result: SendTime=09:53&NumberOfDay=5&NumberInDay=2&distributionId=EMD_33eHTgaTgg6BXk3--
--new request: user_id=16&surveyId=SV_0pmq507d4TpBFXg&maillistId=CG_0BWkWOXiJJDPTBT, result: SendTime=09:35&NumberOfDay=7&NumberInDay=1&distributionId=EMD_ejNwlWJhspTXt4F--
--new request: user_id=16&surveyId=SV_0pmq507d4TpBFXg&maillistId=CG_3ivXROdNvq1M32z, result: SendTime=11:08&NumberOfDay=8&NumberInDay=1&distributionId=EMD_lAUWU7AB7h7YD90--
--new request: user_id=16&surveyId=SV_0pmq507d4TpBFXg&maillistId=CG_0BWkWOXiJJDPTBT, result: SendTime=11:42&NumberOfDay=7&NumberInDay=2&distributionId=EMD_jRSMMzFBqniT79a--
--new request: user_id=16&surveyId=SV_0pmq507d4TpBFXg&maillistId=CG_3ivXROdNvq1M32z, result: SendTime=13:15&NumberOfDay=8&NumberInDay=2&distributionId=EMD_dDiqiG3DPDQ8bwX--
--new request: user_id=16&surveyId=SV_0pmq507d4TpBFXg&maillistId=CG_0BWkWOXiJJDPTBT, result: SendTime=13:49&NumberOfDay=7&NumberInDay=3&distributionId=EMD_Agisbtj1x08q1KQ--
--new request: user_id=16&surveyId=SV_0pmq507d4TpBFXg&maillistId=CG_Y9wDQcGH3rQHzpv, result: SendTime=15:04&NumberOfDay=5&NumberInDay=4&distributionId=EMD_EdJHE9aRB7pUW5k--
--new request: user_id=16&surveyId=SV_0pmq507d4TpBFXg&maillistId=CG_3ivXROdNvq1M32z, result: SendTime=15:22&NumberOfDay=8&NumberInDay=3&distributionId=EMD_nWSD1ixGWKGVr4A--
--new request: user_id=16&surveyId=SV_0pmq507d4TpBFXg&maillistId=CG_0BWkWOXiJJDPTBT, result: SendTime=15:56&NumberOfDay=7&NumberInDay=4&distributionId=EMD_GUWZGCG9D5QI82F--
--new request: user_id=16&surveyId=SV_0pmq507d4TpBFXg&maillistId=CG_Y9wDQcGH3rQHzpv, result: SendTime=17:23&NumberOfDay=5&NumberInDay=5&distributionId=EMD_u9BScKV8Cnm78LS--
--new request: user_id=16&surveyId=SV_0pmq507d4TpBFXg&maillistId=CG_3ivXROdNvq1M32z, result: SendTime=17:29&NumberOfDay=8&NumberInDay=4&distributionId=EMD_PczX9aLmXVHBovp--
--new request: user_id=16&surveyId=SV_0pmq507d4TpBFXg&maillistId=CG_0BWkWOXiJJDPTBT, result: SendTime=18:03&NumberOfDay=7&NumberInDay=5&distributionId=EMD_Dxo4F9CajWcubvC--
--new request: user_id=16&surveyId=SV_0pmq507d4TpBFXg&maillistId=CG_Y9wDQcGH3rQHzpv, result: SendTime=19:47&NumberOfDay=5&NumberInDay=6&distributionId=EMD_kzamqBHX1scfFWD--
--new request: user_id=16&surveyId=SV_0pmq507d4TpBFXg&maillistId=CG_3ivXROdNvq1M32z, result: SendTime=19:36&NumberOfDay=8&NumberInDay=5&distributionId=EMD_h7aPDQ3pXcsTB2a--
--new request: user_id=16&surveyId=SV_0pmq507d4TpBFXg&maillistId=CG_0BWkWOXiJJDPTBT, result: SendTime=20:10&NumberOfDay=7&NumberInDay=6&distributionId=EMD_hIRCjy70ghC1Phu--
--new request: user_id=16&surveyId=SV_0pmq507d4TpBFXg&maillistId=CG_Y9wDQcGH3rQHzpv, result: SendTime=07:52&NumberOfDay=6&NumberInDay=1&distributionId=EMD_b3EomOtHs3CKjp0--
--new request: user_id=16&surveyId=SV_0pmq507d4TpBFXg&maillistId=CG_Y9wDQcGH3rQHzpv, result: SendTime=10:07&NumberOfDay=6&NumberInDay=2&distributionId=EMD_6c1d5TO48nEURUF--
--new request: user_id=16&surveyId=SV_0pmq507d4TpBFXg&maillistId=CG_Y9wDQcGH3rQHzpv, result: SendTime=12:27&NumberOfDay=6&NumberInDay=3&distributionId=EMD_A5KPFxS0g8wZNSd--
--new request: user_id=16&surveyId=SV_0pmq507d4TpBFXg&maillistId=CG_Y9wDQcGH3rQHzpv, result: SendTime=14:47&NumberOfDay=6&NumberInDay=4&distributionId=EMD_hSpHnaXW5pSVzKl--
--new request: user_id=16&surveyId=SV_0pmq507d4TpBFXg&maillistId=CG_Y9wDQcGH3rQHzpv, result: SendTime=16:55&NumberOfDay=6&NumberInDay=5&distributionId=EMD_viaICeqNQPdGlrL--
--new request: user_id=16&surveyId=SV_0pmq507d4TpBFXg&maillistId=CG_Y9wDQcGH3rQHzpv, result: SendTime=07:47&NumberOfDay=7&NumberInDay=1&distributionId=EMD_iVsgBkHsPSu41s0--
--new request: user_id=16&surveyId=SV_0pmq507d4TpBFXg&maillistId=CG_Y9wDQcGH3rQHzpv, result: SendTime=09:58&NumberOfDay=7&NumberInDay=2&distributionId=EMD_cBHW90XYRILviIA--
--new request: user_id=16&surveyId=SV_0pmq507d4TpBFXg&maillistId=CG_Y9wDQcGH3rQHzpv, result: SendTime=12:39&NumberOfDay=7&NumberInDay=3&distributionId=EMD_p1RRMIEgyiIcpKA--
--new request: user_id=16&surveyId=SV_0pmq507d4TpBFXg&maillistId=CG_Y9wDQcGH3rQHzpv, result: SendTime=15:06&NumberOfDay=7&NumberInDay=4&distributionId=EMD_TQO3B8fMTtCRXJ7--
--new request: user_id=16&surveyId=SV_0pmq507d4TpBFXg&maillistId=CG_Y9wDQcGH3rQHzpv, result: SendTime=17:45&NumberOfDay=7&NumberInDay=5&distributionId=EMD_QjBlCBE12eDgBMO--
--new request: user_id=16&surveyId=SV_0pmq507d4TpBFXg&maillistId=CG_Y9wDQcGH3rQHzpv, result: SendTime=19:54&NumberOfDay=7&NumberInDay=6&distributionId=EMD_jKkaWF5BDZrnP3K--
--new request: user_id=16&surveyId=SV_0pmq507d4TpBFXg&maillistId=CG_Y9wDQcGH3rQHzpv, result: SendTime=08:17&NumberOfDay=8&NumberInDay=1&distributionId=EMD_GxVfCqoE0pdiq5i--
--new request: user_id=16&surveyId=SV_0pmq507d4TpBFXg&maillistId=CG_Y9wDQcGH3rQHzpv, result: SendTime=10:54&NumberOfDay=8&NumberInDay=2&distributionId=EMD_Ihcig2kdjdHXtCQ--
--new request: user_id=16&surveyId=SV_0pmq507d4TpBFXg&maillistId=CG_Y9wDQcGH3rQHzpv, result: SendTime=13:01&NumberOfDay=8&NumberInDay=3&distributionId=EMD_ZNGagFIFngVy8h8--
--new request: user_id=16&surveyId=SV_0pmq507d4TpBFXg&maillistId=CG_Pvso4uY1p0sfO6Z, result: SendTime=16:05&NumberOfDay=1&NumberInDay=3&distributionId=EMD_gCbKSpJQIDkj1zH--
--new request: user_id=16&surveyId=SV_0pmq507d4TpBFXg&maillistId=CG_Pvso4uY1p0sfO6Z, result: SendTime=18:12&NumberOfDay=1&NumberInDay=4&distributionId=EMD_m9MkQLz2OHhTJSZ--
--new request: user_id=16&surveyId=SV_0pmq507d4TpBFXg&maillistId=CG_Pvso4uY1p0sfO6Z, result: SendTime=20:19&NumberOfDay=1&NumberInDay=5&distributionId=EMD_FLxcFSuRQgCjtbw--
--new request: user_id=16&surveyId=SV_0pmq507d4TpBFXg&maillistId=CG_Pvso4uY1p0sfO6Z, result: SendTime=22:26&NumberOfDay=1&NumberInDay=6&distributionId=EMD_EjubV22FFZdAe3I--
--new request: user_id=16&surveyId=SV_0pmq507d4TpBFXg&maillistId=CG_Pvso4uY1p0sfO6Z, result: SendTime=11:57&NumberOfDay=2&NumberInDay=1&distributionId=EMD_7dU3EBF4rhnM1sB--
--new request: user_id=16&surveyId=SV_0pmq507d4TpBFXg&maillistId=CG_3IXXc1b1cSyN168, result: SendTime=15:18&NumberOfDay=1&NumberInDay=3&distributionId=EMD_ALrhdCncqRqhEob--
--new request: user_id=16&surveyId=SV_0pmq507d4TpBFXg&maillistId=CG_Pvso4uY1p0sfO6Z, result: SendTime=16:11&NumberOfDay=2&NumberInDay=3&distributionId=EMD_6vovEN0gidBOLIx--
--new request: user_id=16&surveyId=SV_0pmq507d4TpBFXg&maillistId=CG_3IXXc1b1cSyN168, result: SendTime=17:25&NumberOfDay=1&NumberInDay=4&distributionId=EMD_orTZ29RaFSXtEeT--
--new request: user_id=16&surveyId=SV_0pmq507d4TpBFXg&maillistId=CG_Pvso4uY1p0sfO6Z, result: SendTime=18:18&NumberOfDay=2&NumberInDay=4&distributionId=EMD_yC7K76K4pPRqHqI--
--new request: user_id=16&surveyId=SV_0pmq507d4TpBFXg&maillistId=CG_3IXXc1b1cSyN168, result: SendTime=19:32&NumberOfDay=1&NumberInDay=5&distributionId=EMD_1mEyahxYZiitt8q--
--new request: user_id=16&surveyId=SV_0pmq507d4TpBFXg&maillistId=CG_Pvso4uY1p0sfO6Z, result: SendTime=20:25&NumberOfDay=2&NumberInDay=5&distributionId=EMD_eu5QVD9ChxYT9gS--
--new request: user_id=16&surveyId=SV_0pmq507d4TpBFXg&maillistId=CG_3IXXc1b1cSyN168, result: SendTime=21:39&NumberOfDay=1&NumberInDay=6&distributionId=EMD_w8iOa2h4mtgWBUA--
--new request: user_id=16&surveyId=SV_0pmq507d4TpBFXg&maillistId=CG_Pvso4uY1p0sfO6Z, result: SendTime=22:32&NumberOfDay=2&NumberInDay=6&distributionId=EMD_gO6pxFIp4M5pWww--
--new request: user_id=16&surveyId=SV_0pmq507d4TpBFXg&maillistId=CG_Pvso4uY1p0sfO6Z, result: SendTime=11:43&NumberOfDay=3&NumberInDay=1&distributionId=EMD_G1FeHoaxYrkWQwB--
--new request: user_id=16&surveyId=SV_0pmq507d4TpBFXg&maillistId=CG_3IXXc1b1cSyN168, result: SendTime=13:21&NumberOfDay=2&NumberInDay=2&distributionId=EMD_p1XpaoV3Xg0wCcI--
--new request: user_id=16&surveyId=SV_0pmq507d4TpBFXg&maillistId=CG_Pvso4uY1p0sfO6Z, result: SendTime=13:50&NumberOfDay=3&NumberInDay=2&distributionId=EMD_T4DqyaV8QaTAFVI--
--new request: user_id=16&surveyId=SV_0pmq507d4TpBFXg&maillistId=CG_3dK59oGO664X9fA, result: SendTime=15:08&NumberOfDay=1&NumberInDay=1&distributionId=EMD_VhOF9LO4AmgBtQx--
--new request: user_id=16&surveyId=SV_0pmq507d4TpBFXg&maillistId=CG_3IXXc1b1cSyN168, result: SendTime=15:28&NumberOfDay=2&NumberInDay=3&distributionId=EMD_rGLs9EccIXtDSIU--
--new request: user_id=16&surveyId=SV_0pmq507d4TpBFXg&maillistId=CG_Pvso4uY1p0sfO6Z, result: SendTime=15:57&NumberOfDay=3&NumberInDay=3&distributionId=EMD_oEV4PFBjI8W0ZBe--
--new request: user_id=16&surveyId=SV_0pmq507d4TpBFXg&maillistId=CG_3dK59oGO664X9fA, result: SendTime=17:28&NumberOfDay=1&NumberInDay=2&distributionId=EMD_UP2ZCyvaEUyhOCA--
--new request: user_id=16&surveyId=SV_0pmq507d4TpBFXg&maillistId=CG_3IXXc1b1cSyN168, result: SendTime=17:35&NumberOfDay=2&NumberInDay=4&distributionId=EMD_pEr0Sa21YaHksuP--
--new request: user_id=16&surveyId=SV_0pmq507d4TpBFXg&maillistId=CG_Pvso4uY1p0sfO6Z, result: SendTime=18:04&NumberOfDay=3&NumberInDay=4&distributionId=EMD_mdON2OYGOBPtO4G--
--new request: user_id=16&surveyId=SV_0pmq507d4TpBFXg&maillistId=CG_3dK59oGO664X9fA, result: SendTime=19:39&NumberOfDay=1&NumberInDay=3&distributionId=EMD_cplwo0QDPAGnpl2--
--new request: user_id=16&surveyId=SV_0pmq507d4TpBFXg&maillistId=CG_3IXXc1b1cSyN168, result: SendTime=19:42&NumberOfDay=2&NumberInDay=5&distributionId=EMD_I5ElHkhjT7CFcGl--
--new request: user_id=16&surveyId=SV_0pmq507d4TpBFXg&maillistId=CG_Pvso4uY1p0sfO6Z, result: SendTime=20:11&NumberOfDay=3&NumberInDay=5&distributionId=EMD_3M7btCOGYZ0Zzqr--
--new request: user_id=16&surveyId=SV_0pmq507d4TpBFXg&maillistId=CG_3dK59oGO664X9fA, result: SendTime=21:53&NumberOfDay=1&NumberInDay=4&distributionId=EMD_LrKvUGVqdFIUB6S--
--new request: user_id=16&surveyId=SV_0pmq507d4TpBFXg&maillistId=CG_3IXXc1b1cSyN168, result: SendTime=21:49&NumberOfDay=2&NumberInDay=6&distributionId=EMD_WBAXCmn1rSrLNia--
--new request: user_id=16&surveyId=SV_0pmq507d4TpBFXg&maillistId=CG_Pvso4uY1p0sfO6Z, result: SendTime=22:18&NumberOfDay=3&NumberInDay=6&distributionId=EMD_QDTbVDsFM7oDkFt--
--new request: user_id=16&surveyId=SV_0pmq507d4TpBFXg&maillistId=CG_3dK59oGO664X9fA, result: SendTime=09:07&NumberOfDay=2&NumberInDay=1&distributionId=EMD_9UUrlsjfmIAvFDc--
--new request: user_id=16&surveyId=SV_0pmq507d4TpBFXg&maillistId=CG_3dK59oGO664X9fA, result: SendTime=11:31&NumberOfDay=2&NumberInDay=2&distributionId=EMD_0Hyg88QQAq36BAF--
--new request: user_id=16&surveyId=SV_0pmq507d4TpBFXg&maillistId=CG_3IXXc1b1cSyN168, result: SendTime=11:12&NumberOfDay=3&NumberInDay=1&distributionId=EMD_7CfSNhRyFYvxfQv--
--new request: user_id=16&surveyId=SV_0pmq507d4TpBFXg&maillistId=CG_Pvso4uY1p0sfO6Z, result: SendTime=11:55&NumberOfDay=4&NumberInDay=1&distributionId=EMD_n5dDrFFZ75hfwFQ--
--new request: user_id=16&surveyId=SV_0pmq507d4TpBFXg&maillistId=CG_3IXXc1b1cSyN168, result: SendTime=13:19&NumberOfDay=3&NumberInDay=2&distributionId=EMD_cYUiSeIFMP37g0r--
--new request: user_id=16&surveyId=SV_0pmq507d4TpBFXg&maillistId=CG_Pvso4uY1p0sfO6Z, result: SendTime=14:02&NumberOfDay=4&NumberInDay=2&distributionId=EMD_itaobCpxzpP3fBl--
--new request: user_id=16&surveyId=SV_0pmq507d4TpBFXg&maillistId=CG_3dK59oGO664X9fA, result: SendTime=14:06&NumberOfDay=2&NumberInDay=3&distributionId=EMD_JTJ5NSGKueT1MOI--
--new request: user_id=16&surveyId=SV_0pmq507d4TpBFXg&maillistId=CG_3IXXc1b1cSyN168, result: SendTime=15:26&NumberOfDay=3&NumberInDay=3&distributionId=EMD_sQxzx17Ty7BDpKw--
--new request: user_id=16&surveyId=SV_0pmq507d4TpBFXg&maillistId=CG_3dK59oGO664X9fA, result: SendTime=16:34&NumberOfDay=2&NumberInDay=4&distributionId=EMD_E4bwW3B9yG2TK36--
--new request: user_id=16&surveyId=SV_0pmq507d4TpBFXg&maillistId=CG_3IXXc1b1cSyN168, result: SendTime=17:33&NumberOfDay=3&NumberInDay=4&distributionId=EMD_9NJm4WkI4rsSzfw--
--new request: user_id=16&surveyId=SV_0pmq507d4TpBFXg&maillistId=CG_Pvso4uY1p0sfO6Z, result: SendTime=18:16&NumberOfDay=4&NumberInDay=4&distributionId=EMD_tlOrxxK7UUVhBMu--
--new request: user_id=16&surveyId=SV_0pmq507d4TpBFXg&maillistId=CG_3dK59oGO664X9fA, result: SendTime=19:19&NumberOfDay=2&NumberInDay=5&distributionId=EMD_RF3CwgikqZQMHG1--
--new request: user_id=16&surveyId=SV_0pmq507d4TpBFXg&maillistId=CG_3IXXc1b1cSyN168, result: SendTime=19:40&NumberOfDay=3&NumberInDay=5&distributionId=EMD_ORdcrAI7sM3dz94--
--new request: user_id=16&surveyId=SV_0pmq507d4TpBFXg&maillistId=CG_Pvso4uY1p0sfO6Z, result: SendTime=20:23&NumberOfDay=4&NumberInDay=5&distributionId=EMD_DRfSGib5sFePnKG--
--new request: user_id=16&surveyId=SV_0pmq507d4TpBFXg&maillistId=CG_3dK59oGO664X9fA, result: SendTime=21:45&NumberOfDay=2&NumberInDay=6&distributionId=EMD_273syQPGAMCQ6KI--
--new request: user_id=16&surveyId=SV_0pmq507d4TpBFXg&maillistId=CG_3IXXc1b1cSyN168, result: SendTime=21:47&NumberOfDay=3&NumberInDay=6&distributionId=EMD_7Lg9gDnNIYIEH6s--
--new request: user_id=16&surveyId=SV_0pmq507d4TpBFXg&maillistId=CG_Pvso4uY1p0sfO6Z, result: SendTime=22:30&NumberOfDay=4&NumberInDay=6&distributionId=EMD_uTOdLyoo8krMvW3--
--new request: user_id=16&surveyId=SV_0pmq507d4TpBFXg&maillistId=CG_3dK59oGO664X9fA, result: SendTime=10:04&NumberOfDay=3&NumberInDay=1&distributionId=EMD_xxXJxorblTsnzUF--
--new request: user_id=16&surveyId=SV_0pmq507d4TpBFXg&maillistId=CG_3IXXc1b1cSyN168, result: SendTime=11:21&NumberOfDay=4&NumberInDay=1&distributionId=EMD_Wdag7Oi2VTPv0sM--
--new request: user_id=16&surveyId=SV_0pmq507d4TpBFXg&maillistId=CG_Pvso4uY1p0sfO6Z, result: SendTime=11:48&NumberOfDay=5&NumberInDay=1&distributionId=EMD_MNV9P2JsZEawIUg--
--new request: user_id=16&surveyId=SV_0pmq507d4TpBFXg&maillistId=CG_3dK59oGO664X9fA, result: SendTime=12:26&NumberOfDay=3&NumberInDay=2&distributionId=EMD_Ha5A70ugtgzpPvM--
--new request: user_id=16&surveyId=SV_0pmq507d4TpBFXg&maillistId=CG_3IXXc1b1cSyN168, result: SendTime=13:28&NumberOfDay=4&NumberInDay=2&distributionId=EMD_7nwEspXPErVR6oi--
--new request: user_id=16&surveyId=SV_0pmq507d4TpBFXg&maillistId=CG_3dK59oGO664X9fA, result: SendTime=14:41&NumberOfDay=3&NumberInDay=3&distributionId=EMD_L5uvWDhvcbx8sI7--
--new request: user_id=16&surveyId=SV_0pmq507d4TpBFXg&maillistId=CG_3IXXc1b1cSyN168, result: SendTime=15:35&NumberOfDay=4&NumberInDay=3&distributionId=EMD_lmG6TPTPTW51C6k--
--new request: user_id=16&surveyId=SV_0pmq507d4TpBFXg&maillistId=CG_Pvso4uY1p0sfO6Z, result: SendTime=16:02&NumberOfDay=5&NumberInDay=3&distributionId=EMD_AwcvcDRsQaVX5vj--
--new request: user_id=16&surveyId=SV_0pmq507d4TpBFXg&maillistId=CG_3dK59oGO664X9fA, result: SendTime=17:19&NumberOfDay=3&NumberInDay=4&distributionId=EMD_aThWXvrEC1PKye3--
--new request: user_id=16&surveyId=SV_0pmq507d4TpBFXg&maillistId=CG_3IXXc1b1cSyN168, result: SendTime=17:42&NumberOfDay=4&NumberInDay=4&distributionId=EMD_JL6YIlFaOJOSPzw--
--new request: user_id=16&surveyId=SV_0pmq507d4TpBFXg&maillistId=CG_Pvso4uY1p0sfO6Z, result: SendTime=18:09&NumberOfDay=5&NumberInDay=4&distributionId=EMD_eVcB8BWyDu9WWee--
--new request: user_id=16&surveyId=SV_0pmq507d4TpBFXg&maillistId=CG_3dK59oGO664X9fA, result: SendTime=19:39&NumberOfDay=3&NumberInDay=5&distributionId=EMD_73AWTCkYBKJEQS7--
--new request: user_id=16&surveyId=SV_0pmq507d4TpBFXg&maillistId=CG_Pvso4uY1p0sfO6Z, result: SendTime=20:16&NumberOfDay=5&NumberInDay=5&distributionId=EMD_jGHLrCDE4FtPwkb--
--new request: user_id=16&surveyId=SV_0pmq507d4TpBFXg&maillistId=CG_3IXXc1b1cSyN168, result: SendTime=21:56&NumberOfDay=4&NumberInDay=6&distributionId=EMD_7mI4zzBh7RyLqII--
--new request: user_id=16&surveyId=SV_0pmq507d4TpBFXg&maillistId=CG_3dK59oGO664X9fA, result: SendTime=09:03&NumberOfDay=4&NumberInDay=1&distributionId=EMD_hTafXe0MLrkcNpe--
--new request: user_id=16&surveyId=SV_0pmq507d4TpBFXg&maillistId=CG_3dK59oGO664X9fA, result: SendTime=11:10&NumberOfDay=4&NumberInDay=2&distributionId=EMD_WasdmdJalfxlJzC--
--new request: user_id=16&surveyId=SV_0pmq507d4TpBFXg&maillistId=CG_3IXXc1b1cSyN168, result: SendTime=11:19&NumberOfDay=5&NumberInDay=1&distributionId=EMD_S8Hx9Jx5FMxWz9l--
--new request: user_id=16&surveyId=SV_0pmq507d4TpBFXg&maillistId=CG_Pvso4uY1p0sfO6Z, result: SendTime=11:38&NumberOfDay=6&NumberInDay=1&distributionId=EMD_I7rJg7t9A3Xc5x2--
--new request: user_id=16&surveyId=SV_0pmq507d4TpBFXg&maillistId=CG_3dK59oGO664X9fA, result: SendTime=13:17&NumberOfDay=4&NumberInDay=3&distributionId=EMD_uwBBK7qeoINAP6E--
--new request: user_id=16&surveyId=SV_0pmq507d4TpBFXg&maillistId=CG_3IXXc1b1cSyN168, result: SendTime=13:26&NumberOfDay=5&NumberInDay=2&distributionId=EMD_x2dpDJT1lm7Srqg--
--new request: user_id=16&surveyId=SV_0pmq507d4TpBFXg&maillistId=CG_Pvso4uY1p0sfO6Z, result: SendTime=13:45&NumberOfDay=6&NumberInDay=2&distributionId=EMD_EBytaBMIPFacOoV--
--new request: user_id=16&surveyId=SV_0pmq507d4TpBFXg&maillistId=CG_3dK59oGO664X9fA, result: SendTime=15:24&NumberOfDay=4&NumberInDay=4&distributionId=EMD_gTC0q8U7Fq2womz--
--new request: user_id=16&surveyId=SV_0pmq507d4TpBFXg&maillistId=CG_3IXXc1b1cSyN168, result: SendTime=15:33&NumberOfDay=5&NumberInDay=3&distributionId=EMD_TCYpgkCj8GVtEsV--
--new request: user_id=16&surveyId=SV_0pmq507d4TpBFXg&maillistId=CG_3IXXc1b1cSyN168, result: SendTime=17:40&NumberOfDay=5&NumberInDay=4&distributionId=EMD_MDYYn4iORsc8nPE--
--new request: user_id=16&surveyId=SV_0pmq507d4TpBFXg&maillistId=CG_Pvso4uY1p0sfO6Z, result: SendTime=17:59&NumberOfDay=6&NumberInDay=4&distributionId=EMD_dp0odtyCmBEIPCM--
--new request: user_id=16&surveyId=SV_0pmq507d4TpBFXg&maillistId=CG_3IXXc1b1cSyN168, result: SendTime=19:47&NumberOfDay=5&NumberInDay=5&distributionId=EMD_KGBYIU0dSoGd70P--
--new request: user_id=16&surveyId=SV_0pmq507d4TpBFXg&maillistId=CG_Pvso4uY1p0sfO6Z, result: SendTime=20:06&NumberOfDay=6&NumberInDay=5&distributionId=EMD_d9QGshdjDOUqirL--
--new request: user_id=16&surveyId=SV_0pmq507d4TpBFXg&maillistId=CG_3IXXc1b1cSyN168, result: SendTime=21:54&NumberOfDay=5&NumberInDay=6&distributionId=EMD_xiBgsVsI5AoqY4j--
--new request: user_id=16&surveyId=SV_0pmq507d4TpBFXg&maillistId=CG_Pvso4uY1p0sfO6Z, result: SendTime=22:13&NumberOfDay=6&NumberInDay=6&distributionId=EMD_wxr1HyuTnM9net6--
--new request: user_id=16&surveyId=SV_0pmq507d4TpBFXg&maillistId=CG_3IXXc1b1cSyN168, result: SendTime=11:24&NumberOfDay=6&NumberInDay=1&distributionId=EMD_XyLisy6Dos7hDvj--
--new request: user_id=16&surveyId=SV_0pmq507d4TpBFXg&maillistId=CG_Pvso4uY1p0sfO6Z, result: SendTime=11:50&NumberOfDay=7&NumberInDay=1&distributionId=EMD_tYIbKVVMqzGuvDZ--
--new request: user_id=16&surveyId=SV_0pmq507d4TpBFXg&maillistId=CG_3IXXc1b1cSyN168, result: SendTime=13:31&NumberOfDay=6&NumberInDay=2&distributionId=EMD_M1JqV6q7zhjcOu0--
--new request: user_id=16&surveyId=SV_0pmq507d4TpBFXg&maillistId=CG_Pvso4uY1p0sfO6Z, result: SendTime=13:57&NumberOfDay=7&NumberInDay=2&distributionId=EMD_GXHXDIwSmd6Okkc--
--new request: user_id=16&surveyId=SV_0pmq507d4TpBFXg&maillistId=CG_3IXXc1b1cSyN168, result: SendTime=15:38&NumberOfDay=6&NumberInDay=3&distributionId=EMD_gp1YfP8rkr28ud7--
--new request: user_id=16&surveyId=SV_0pmq507d4TpBFXg&maillistId=CG_3IXXc1b1cSyN168, result: SendTime=17:45&NumberOfDay=6&NumberInDay=4&distributionId=EMD_sasYDYnvWRHgSJk--
--new request: user_id=16&surveyId=SV_0pmq507d4TpBFXg&maillistId=CG_3dK59oGO664X9fA, result: SendTime=18:12&NumberOfDay=5&NumberInDay=1&distributionId=EMD_Pz8JKmqOYom7Awm--
--new request: user_id=16&surveyId=SV_0pmq507d4TpBFXg&maillistId=CG_Pvso4uY1p0sfO6Z, result: SendTime=18:11&NumberOfDay=7&NumberInDay=4&distributionId=EMD_BV41btA7hP4BS6v--
--new request: user_id=16&surveyId=SV_0pmq507d4TpBFXg&maillistId=CG_3IXXc1b1cSyN168, result: SendTime=19:52&NumberOfDay=6&NumberInDay=5&distributionId=EMD_ctnxIgTJ3EVtp0W--
--new request: user_id=16&surveyId=SV_0pmq507d4TpBFXg&maillistId=CG_Pvso4uY1p0sfO6Z, result: SendTime=20:18&NumberOfDay=7&NumberInDay=5&distributionId=EMD_Zr86k7Ma4h8jJvc--
--new request: user_id=16&surveyId=SV_0pmq507d4TpBFXg&maillistId=CG_3dK59oGO664X9fA, result: SendTime=20:19&NumberOfDay=5&NumberInDay=2&distributionId=EMD_ZudK4unyoK6eF9R--
--new request: user_id=16&surveyId=SV_0pmq507d4TpBFXg&maillistId=CG_3IXXc1b1cSyN168, result: SendTime=21:59&NumberOfDay=6&NumberInDay=6&distributionId=EMD_csb86EZVrjvTcPZ--
--new request: user_id=16&surveyId=SV_0pmq507d4TpBFXg&maillistId=CG_3dK59oGO664X9fA, result: SendTime=09:57&NumberOfDay=6&NumberInDay=1&distributionId=EMD_z4GxNT6OaqqKBKW--
--new request: user_id=16&surveyId=SV_0pmq507d4TpBFXg&maillistId=CG_Pvso4uY1p0sfO6Z, result: SendTime=11:33&NumberOfDay=8&NumberInDay=1&distributionId=EMD_Oe4MJxqHhycEgV1--
--new request: user_id=16&surveyId=SV_0pmq507d4TpBFXg&maillistId=CG_3IXXc1b1cSyN168, result: SendTime=11:06&NumberOfDay=7&NumberInDay=1&distributionId=EMD_icRti5eHpsXI992--
--new request: user_id=16&surveyId=SV_0pmq507d4TpBFXg&maillistId=CG_3dK59oGO664X9fA, result: SendTime=12:27&NumberOfDay=6&NumberInDay=2&distributionId=EMD_SPeYP3o1m4aO3ns--
--new request: user_id=16&surveyId=SV_0pmq507d4TpBFXg&maillistId=CG_3IXXc1b1cSyN168, result: SendTime=13:13&NumberOfDay=7&NumberInDay=2&distributionId=EMD_C6Y4mciZ8A9SouD--
--new request: user_id=16&surveyId=SV_0pmq507d4TpBFXg&maillistId=CG_3IXXc1b1cSyN168, result: SendTime=15:20&NumberOfDay=7&NumberInDay=3&distributionId=EMD_gURyJYG0pRhyN96--
--new request: user_id=16&surveyId=SV_0pmq507d4TpBFXg&maillistId=CG_3dK59oGO664X9fA, result: SendTime=14:53&NumberOfDay=6&NumberInDay=3&distributionId=EMD_riiRSVgqICjuJDL--
--new request: user_id=16&surveyId=SV_0pmq507d4TpBFXg&maillistId=CG_3dK59oGO664X9fA, result: SendTime=17:27&NumberOfDay=6&NumberInDay=4&distributionId=EMD_Fh1cSgrTU4vXJWK--
--new request: user_id=16&surveyId=SV_0pmq507d4TpBFXg&maillistId=CG_3IXXc1b1cSyN168, result: SendTime=15:20&NumberOfDay=7&NumberInDay=3&distributionId=EMD_gURyJYG0pRhyN96--
--new request: user_id=16&surveyId=SV_0pmq507d4TpBFXg&maillistId=CG_3IXXc1b1cSyN168, result: SendTime=19:34&NumberOfDay=7&NumberInDay=4&distributionId=EMD_WuNWGH9WKLCY1cS--
--new request: user_id=16&surveyId=SV_0pmq507d4TpBFXg&maillistId=CG_3dK59oGO664X9fA, result: SendTime=19:47&NumberOfDay=6&NumberInDay=5&distributionId=EMD_KJL6HCdAfSInGuL--
--new request: user_id=16&surveyId=SV_0pmq507d4TpBFXg&maillistId=CG_3IXXc1b1cSyN168, result: SendTime=21:41&NumberOfDay=7&NumberInDay=5&distributionId=EMD_TNdDkTSIXu3A3vT--
--new request: user_id=16&surveyId=SV_0pmq507d4TpBFXg&maillistId=CG_3dK59oGO664X9fA, result: SendTime=21:54&NumberOfDay=6&NumberInDay=6&distributionId=EMD_nEMji3474cfNerA--
--new request: user_id=16&surveyId=SV_0pmq507d4TpBFXg&maillistId=CG_3dK59oGO664X9fA, result: SendTime=10:12&NumberOfDay=7&NumberInDay=1&distributionId=EMD_GBqb8tsi5FQZrkg--
--new request: user_id=16&surveyId=SV_0pmq507d4TpBFXg&maillistId=CG_3dK59oGO664X9fA, result: SendTime=13:00&NumberOfDay=7&NumberInDay=2&distributionId=EMD_IW6rzmKi5vjQgjW--
--new request: user_id=16&surveyId=SV_0pmq507d4TpBFXg&maillistId=CG_3dK59oGO664X9fA, result: SendTime=15:12&NumberOfDay=7&NumberInDay=3&distributionId=EMD_RQPTgQpTHduJcpv--
--new request: user_id=16&surveyId=SV_0pmq507d4TpBFXg&maillistId=CG_2bPmC7vm3y8KfyU, result: SendTime=17:22&NumberOfDay=1&NumberInDay=1&distributionId=EMD_sX6h0OMi9MY63r6--
--new request: user_id=16&surveyId=SV_0pmq507d4TpBFXg&maillistId=CG_3dK59oGO664X9fA, result: SendTime=17:23&NumberOfDay=7&NumberInDay=4&distributionId=EMD_fuHq2XG6BV6XEYe--
--new request: user_id=16&surveyId=SV_0pmq507d4TpBFXg&maillistId=CG_2bPmC7vm3y8KfyU, result: SendTime=19:29&NumberOfDay=1&NumberInDay=2&distributionId=EMD_o1MkV9HwRUpxfRv--
--new request: user_id=16&surveyId=SV_0pmq507d4TpBFXg&maillistId=CG_3dK59oGO664X9fA, result: SendTime=19:50&NumberOfDay=7&NumberInDay=5&distributionId=EMD_qUu5D6NG5KW0bpQ--
--new request: user_id=16&surveyId=SV_0pmq507d4TpBFXg&maillistId=CG_2bPmC7vm3y8KfyU, result: SendTime=21:36&NumberOfDay=1&NumberInDay=3&distributionId=EMD_t5kydnYyHPNy0eW--
--new request: user_id=16&surveyId=SV_0pmq507d4TpBFXg&maillistId=CG_3dK59oGO664X9fA, result: SendTime=09:38&NumberOfDay=8&NumberInDay=1&distributionId=EMD_ICe08OELcAYImOb--
--new request: user_id=16&surveyId=SV_0pmq507d4TpBFXg&maillistId=CG_2bPmC7vm3y8KfyU, result: SendTime=11:14&NumberOfDay=2&NumberInDay=1&distributionId=EMD_3YUh241hri9ugXT--
--new request: user_id=16&surveyId=SV_0pmq507d4TpBFXg&maillistId=CG_3dK59oGO664X9fA, result: SendTime=11:57&NumberOfDay=8&NumberInDay=2&distributionId=EMD_iJtdaaLC6qWEqRY--
--new request: user_id=16&surveyId=SV_0pmq507d4TpBFXg&maillistId=CG_2bPmC7vm3y8KfyU, result: SendTime=13:21&NumberOfDay=2&NumberInDay=2&distributionId=EMD_pwJ3JT6cqzTFn4K--
--new request: user_id=16&surveyId=SV_0pmq507d4TpBFXg&maillistId=CG_2bPmC7vm3y8KfyU, result: SendTime=17:35&NumberOfDay=2&NumberInDay=4&distributionId=EMD_r3rRrTrryj47INl--
--new request: user_id=16&surveyId=SV_0pmq507d4TpBFXg&maillistId=CG_2bPmC7vm3y8KfyU, result: SendTime=21:49&NumberOfDay=2&NumberInDay=6&distributionId=EMD_XZnwhKZtivFz5lV--
--new request: user_id=16&surveyId=SV_0pmq507d4TpBFXg&maillistId=CG_2bPmC7vm3y8KfyU, result: SendTime=11:14&NumberOfDay=3&NumberInDay=1&distributionId=EMD_h0spC3IMdDVX800--
--new request: user_id=16&surveyId=SV_0pmq507d4TpBFXg&maillistId=CG_2bPmC7vm3y8KfyU, result: SendTime=13:21&NumberOfDay=3&NumberInDay=2&distributionId=EMD_UDDsnsJ8XcPmacj--
--new request: user_id=16&surveyId=SV_0pmq507d4TpBFXg&maillistId=CG_2bPmC7vm3y8KfyU, result: SendTime=17:35&NumberOfDay=3&NumberInDay=4&distributionId=EMD_9oilRY5FxWurd1D--
--new request: user_id=16&surveyId=SV_0pmq507d4TpBFXg&maillistId=CG_2bPmC7vm3y8KfyU, result: SendTime=19:42&NumberOfDay=3&NumberInDay=5&distributionId=EMD_smuAuV7HP7wdpVC--
--new request: user_id=16&surveyId=SV_0pmq507d4TpBFXg&maillistId=CG_2bPmC7vm3y8KfyU, result: SendTime=21:49&NumberOfDay=3&NumberInDay=6&distributionId=EMD_ARc221Gq90HGiuu--
--new request: user_id=16&surveyId=SV_0pmq507d4TpBFXg&maillistId=CG_2bPmC7vm3y8KfyU, result: SendTime=11:07&NumberOfDay=4&NumberInDay=1&distributionId=EMD_dTkVZLvXK09ByoI--
--new request: user_id=16&surveyId=SV_0pmq507d4TpBFXg&maillistId=CG_2bPmC7vm3y8KfyU, result: SendTime=13:14&NumberOfDay=4&NumberInDay=2&distributionId=EMD_N8RwrU08eIpoTyU--
--new request: user_id=16&surveyId=SV_0pmq507d4TpBFXg&maillistId=CG_2bPmC7vm3y8KfyU, result: SendTime=15:21&NumberOfDay=4&NumberInDay=3&distributionId=EMD_2qzctwhyD78tf0X--
--new request: user_id=16&surveyId=SV_0pmq507d4TpBFXg&maillistId=CG_2bPmC7vm3y8KfyU, result: SendTime=17:28&NumberOfDay=4&NumberInDay=4&distributionId=EMD_bGzUdg5qiBlMyPK--
--new request: user_id=16&surveyId=SV_0pmq507d4TpBFXg&maillistId=CG_2bPmC7vm3y8KfyU, result: SendTime=19:35&NumberOfDay=4&NumberInDay=5&distributionId=EMD_gmHuabqvIEnnXoO--
--new request: user_id=16&surveyId=SV_0pmq507d4TpBFXg&maillistId=CG_2bPmC7vm3y8KfyU, result: SendTime=21:42&NumberOfDay=4&NumberInDay=6&distributionId=EMD_WdqGae9hUBRB8hb--
--new request: user_id=16&surveyId=SV_0pmq507d4TpBFXg&maillistId=CG_2bPmC7vm3y8KfyU, result: SendTime=11:21&NumberOfDay=5&NumberInDay=1&distributionId=EMD_RvBBAvENULM4bYB--
--new request: user_id=16&surveyId=SV_0pmq507d4TpBFXg&maillistId=CG_2bPmC7vm3y8KfyU, result: SendTime=13:28&NumberOfDay=5&NumberInDay=2&distributionId=EMD_Y4UsXyMtVNNgENt--
--new request: user_id=16&surveyId=SV_0pmq507d4TpBFXg&maillistId=CG_2bPmC7vm3y8KfyU, result: SendTime=17:42&NumberOfDay=5&NumberInDay=4&distributionId=EMD_VOtvmxLJ9Gg7roW--
--new request: user_id=16&surveyId=SV_0pmq507d4TpBFXg&maillistId=CG_2bPmC7vm3y8KfyU, result: SendTime=19:49&NumberOfDay=5&NumberInDay=5&distributionId=EMD_k3G2mNZmFIqKzng--
--new request: user_id=16&surveyId=SV_0pmq507d4TpBFXg&maillistId=CG_2bPmC7vm3y8KfyU, result: SendTime=21:56&NumberOfDay=5&NumberInDay=6&distributionId=EMD_UQTRWxkrUJvrNZY--
--new request: user_id=16&surveyId=SV_0pmq507d4TpBFXg&maillistId=CG_2bPmC7vm3y8KfyU, result: SendTime=11:24&NumberOfDay=6&NumberInDay=1&distributionId=EMD_JNWtnkujO04kECd--
--new request: user_id=16&surveyId=SV_0pmq507d4TpBFXg&maillistId=CG_2bPmC7vm3y8KfyU, result: SendTime=13:31&NumberOfDay=6&NumberInDay=2&distributionId=EMD_kdv5KHnYmVyXdUG--
--new request: user_id=16&surveyId=SV_0pmq507d4TpBFXg&maillistId=CG_2bPmC7vm3y8KfyU, result: SendTime=17:45&NumberOfDay=6&NumberInDay=4&distributionId=EMD_lfKbHwazpKCNkHS--
--new request: user_id=16&surveyId=SV_0pmq507d4TpBFXg&maillistId=CG_2bPmC7vm3y8KfyU, result: SendTime=19:52&NumberOfDay=6&NumberInDay=5&distributionId=EMD_NtBVSf4mKmOTEIT--
--new request: user_id=16&surveyId=SV_0pmq507d4TpBFXg&maillistId=CG_2bPmC7vm3y8KfyU, result: SendTime=21:59&NumberOfDay=6&NumberInDay=6&distributionId=EMD_Hg6Pr3Lfpvfwy67--
--new request: user_id=16&surveyId=SV_0pmq507d4TpBFXg&maillistId=CG_2bPmC7vm3y8KfyU, result: SendTime=13:31&NumberOfDay=7&NumberInDay=2&distributionId=EMD_bo991d7q4pTtyWC--
--new request: user_id=16&surveyId=SV_0pmq507d4TpBFXg&maillistId=CG_2bPmC7vm3y8KfyU, result: SendTime=15:38&NumberOfDay=7&NumberInDay=3&distributionId=EMD_hDLDLH6h2mgX0v8--
--new request: user_id=16&surveyId=SV_0pmq507d4TpBFXg&maillistId=CG_2bPmC7vm3y8KfyU, result: SendTime=17:45&NumberOfDay=7&NumberInDay=4&distributionId=EMD_QNOoVfhQxTLOJ0C--
--new request: user_id=16&surveyId=SV_0pmq507d4TpBFXg&maillistId=CG_2bPmC7vm3y8KfyU, result: SendTime=19:52&NumberOfDay=7&NumberInDay=5&distributionId=EMD_unRkTtfdj7Qle7k--
--new request: user_id=16&surveyId=SV_0pmq507d4TpBFXg&maillistId=CG_2bPmC7vm3y8KfyU, result: SendTime=21:59&NumberOfDay=7&NumberInDay=6&distributionId=EMD_s0xWLKwAJipdFd2--
--new request: user_id=16&surveyId=SV_0pmq507d4TpBFXg&maillistId=CG_2bPmC7vm3y8KfyU, result: SendTime=11:19&NumberOfDay=8&NumberInDay=1&distributionId=EMD_5nrGfpt6ynZqXO4--
--new request: user_id=16&surveyId=SV_0pmq507d4TpBFXg&maillistId=CG_2bPmC7vm3y8KfyU, result: SendTime=13:26&NumberOfDay=8&NumberInDay=2&distributionId=EMD_fgQONSAoNuxFSen--